Archive member included to satisfy reference by file (symbol)

/usr/share/gcc-arm-none-eabi-9-2019-q4-major/bin/../lib/gcc/arm-none-eabi/9.2.1/../../../../arm-none-eabi/lib/libc.a(lib_a-memcmp.o)
                              /mnt/disk0/Users/user/Nextcloud/PC-SYNC/Projects/_source_codes/github/stm42/system32/bootloader/__build/src/bootloader/AES/test.o (memcmp)
/usr/share/gcc-arm-none-eabi-9-2019-q4-major/bin/../lib/gcc/arm-none-eabi/9.2.1/../../../../arm-none-eabi/lib/libc.a(lib_a-printf.o)
                              /mnt/disk0/Users/user/Nextcloud/PC-SYNC/Projects/_source_codes/github/stm42/system32/bootloader/__build/src/bootloader/AES/test.o (printf)
/usr/share/gcc-arm-none-eabi-9-2019-q4-major/bin/../lib/gcc/arm-none-eabi/9.2.1/../../../../arm-none-eabi/lib/libc.a(lib_a-putchar.o)
                              /mnt/disk0/Users/user/Nextcloud/PC-SYNC/Projects/_source_codes/github/stm42/system32/bootloader/__build/src/bootloader/AES/test.o (putchar)
/usr/share/gcc-arm-none-eabi-9-2019-q4-major/bin/../lib/gcc/arm-none-eabi/9.2.1/../../../../arm-none-eabi/lib/libc.a(lib_a-puts.o)
                              /mnt/disk0/Users/user/Nextcloud/PC-SYNC/Projects/_source_codes/github/stm42/system32/bootloader/__build/src/bootloader/AES/test.o (puts)
/usr/share/gcc-arm-none-eabi-9-2019-q4-major/bin/../lib/gcc/arm-none-eabi/9.2.1/../../../../arm-none-eabi/lib/libc.a(lib_a-vfprintf.o)
                              /usr/share/gcc-arm-none-eabi-9-2019-q4-major/bin/../lib/gcc/arm-none-eabi/9.2.1/../../../../arm-none-eabi/lib/libc.a(lib_a-printf.o) (_vfprintf_r)
/usr/share/gcc-arm-none-eabi-9-2019-q4-major/bin/../lib/gcc/arm-none-eabi/9.2.1/../../../../arm-none-eabi/lib/libc.a(lib_a-wsetup.o)
                              /usr/share/gcc-arm-none-eabi-9-2019-q4-major/bin/../lib/gcc/arm-none-eabi/9.2.1/../../../../arm-none-eabi/lib/libc.a(lib_a-vfprintf.o) (__swsetup_r)
/usr/share/gcc-arm-none-eabi-9-2019-q4-major/bin/../lib/gcc/arm-none-eabi/9.2.1/../../../../arm-none-eabi/lib/libc.a(lib_a-dtoa.o)
                              /usr/share/gcc-arm-none-eabi-9-2019-q4-major/bin/../lib/gcc/arm-none-eabi/9.2.1/../../../../arm-none-eabi/lib/libc.a(lib_a-vfprintf.o) (_dtoa_r)
/usr/share/gcc-arm-none-eabi-9-2019-q4-major/bin/../lib/gcc/arm-none-eabi/9.2.1/../../../../arm-none-eabi/lib/libc.a(lib_a-fflush.o)
                              /usr/share/gcc-arm-none-eabi-9-2019-q4-major/bin/../lib/gcc/arm-none-eabi/9.2.1/../../../../arm-none-eabi/lib/libc.a(lib_a-vfprintf.o) (_fflush_r)
/usr/share/gcc-arm-none-eabi-9-2019-q4-major/bin/../lib/gcc/arm-none-eabi/9.2.1/../../../../arm-none-eabi/lib/libc.a(lib_a-findfp.o)
                              /usr/share/gcc-arm-none-eabi-9-2019-q4-major/bin/../lib/gcc/arm-none-eabi/9.2.1/../../../../arm-none-eabi/lib/libc.a(lib_a-puts.o) (__sinit)
/usr/share/gcc-arm-none-eabi-9-2019-q4-major/bin/../lib/gcc/arm-none-eabi/9.2.1/../../../../arm-none-eabi/lib/libc.a(lib_a-freer.o)
                              /usr/share/gcc-arm-none-eabi-9-2019-q4-major/bin/../lib/gcc/arm-none-eabi/9.2.1/../../../../arm-none-eabi/lib/libc.a(lib_a-vfprintf.o) (_free_r)
/usr/share/gcc-arm-none-eabi-9-2019-q4-major/bin/../lib/gcc/arm-none-eabi/9.2.1/../../../../arm-none-eabi/lib/libc.a(lib_a-fvwrite.o)
                              /usr/share/gcc-arm-none-eabi-9-2019-q4-major/bin/../lib/gcc/arm-none-eabi/9.2.1/../../../../arm-none-eabi/lib/libc.a(lib_a-puts.o) (__sfvwrite_r)
/usr/share/gcc-arm-none-eabi-9-2019-q4-major/bin/../lib/gcc/arm-none-eabi/9.2.1/../../../../arm-none-eabi/lib/libc.a(lib_a-fwalk.o)
                              /usr/share/gcc-arm-none-eabi-9-2019-q4-major/bin/../lib/gcc/arm-none-eabi/9.2.1/../../../../arm-none-eabi/lib/libc.a(lib_a-findfp.o) (_fwalk)
/usr/share/gcc-arm-none-eabi-9-2019-q4-major/bin/../lib/gcc/arm-none-eabi/9.2.1/../../../../arm-none-eabi/lib/libc.a(lib_a-impure.o)
                              /usr/share/gcc-arm-none-eabi-9-2019-q4-major/bin/../lib/gcc/arm-none-eabi/9.2.1/../../../../arm-none-eabi/lib/libc.a(lib_a-fflush.o) (_global_impure_ptr)
/usr/share/gcc-arm-none-eabi-9-2019-q4-major/bin/../lib/gcc/arm-none-eabi/9.2.1/../../../../arm-none-eabi/lib/libc.a(lib_a-localeconv.o)
                              /usr/share/gcc-arm-none-eabi-9-2019-q4-major/bin/../lib/gcc/arm-none-eabi/9.2.1/../../../../arm-none-eabi/lib/libc.a(lib_a-vfprintf.o) (_localeconv_r)
/usr/share/gcc-arm-none-eabi-9-2019-q4-major/bin/../lib/gcc/arm-none-eabi/9.2.1/../../../../arm-none-eabi/lib/libc.a(lib_a-lock.o)
                              /usr/share/gcc-arm-none-eabi-9-2019-q4-major/bin/../lib/gcc/arm-none-eabi/9.2.1/../../../../arm-none-eabi/lib/libc.a(lib_a-vfprintf.o) (__retarget_lock_init_recursive)
/usr/share/gcc-arm-none-eabi-9-2019-q4-major/bin/../lib/gcc/arm-none-eabi/9.2.1/../../../../arm-none-eabi/lib/libc.a(lib_a-makebuf.o)
[...]
Memory Configuration

Name             Origin             Length             Attributes
rom              0x0000000008000000 0x0000000000002800 xr
ram              0x0000000020000000 0x0000000000004ff8 xrw
*default*        0x0000000000000000 0xffffffffffffffff

Linker script and memory map

LOAD /usr/share/gcc-arm-none-eabi-9-2019-q4-major/bin/../lib/gcc/arm-none-eabi/9.2.1/../../../../arm-none-eabi/lib/libc.a
LOAD /usr/share/gcc-arm-none-eabi-9-2019-q4-major/bin/../lib/gcc/arm-none-eabi/9.2.1/libgcc.a
LOAD /mnt/disk0/Users/user/Nextcloud/PC-SYNC/Projects/_source_codes/github/stm42/system32/bootloader/__build/src/bootloader/AES/aes.o
LOAD /mnt/disk0/Users/user/Nextcloud/PC-SYNC/Projects/_source_codes/github/stm42/system32/bootloader/__build/src/bootloader/AES/test.o
LOAD /mnt/disk0/Users/user/Nextcloud/PC-SYNC/Projects/_source_codes/github/stm42/system32/bootloader/__build/src/bootloader/bootloader_dfuse.o
LOAD /mnt/disk0/Users/user/Nextcloud/PC-SYNC/Projects/_source_codes/github/stm42/system32/bootloader/__build/src/bootloader/bootloader_tests.o
LOAD /mnt/disk0/Users/user/Nextcloud/PC-SYNC/Projects/_source_codes/github/stm42/system32/bootloader/__build/src/bootloader/bootloader_usb.o
LOAD /mnt/disk0/Users/user/Nextcloud/PC-SYNC/Projects/_source_codes/github/stm42/system32/bootloader/__build/src/bootloader/bootloader_usb_descriptor.o
LOAD /mnt/disk0/Users/user/Nextcloud/PC-SYNC/Projects/_source_codes/github/stm42/system32/bootloader/__build/src/bootloader/bootloader_utils.o
LOAD /mnt/disk0/Users/user/Nextcloud/PC-SYNC/Projects/_source_codes/github/stm42/system32/bootloader/__build/src/bootloader/init.o
LOAD /mnt/disk0/Users/user/Nextcloud/PC-SYNC/Projects/_source_codes/github/stm42/system32/bootloader/__build/src/bootloader/main.o
LOAD /mnt/disk0/Users/user/Nextcloud/PC-SYNC/Projects/_source_codes/github/stm42/system32/bootloader/__build/src/lib/stm32/common/flash_common_all.o
LOAD /mnt/disk0/Users/user/Nextcloud/PC-SYNC/Projects/_source_codes/github/stm42/system32/bootloader/__build/src/lib/stm32/common/gpio_common_all.o
LOAD /mnt/disk0/Users/user/Nextcloud/PC-SYNC/Projects/_source_codes/github/stm42/system32/bootloader/__build/src/lib/stm32/common/rcc_common_all.o
LOAD /mnt/disk0/Users/user/Nextcloud/PC-SYNC/Projects/_source_codes/github/stm42/system32/bootloader/__build/src/lib/stm32/common/flash_common_f.o
LOAD /mnt/disk0/Users/user/Nextcloud/PC-SYNC/Projects/_source_codes/github/stm42/system32/bootloader/__build/src/lib/stm32/desig.o
LOAD /mnt/disk0/Users/user/Nextcloud/PC-SYNC/Projects/_source_codes/github/stm42/system32/bootloader/__build/src/lib/stm32/f1/flash.o
LOAD /mnt/disk0/Users/user/Nextcloud/PC-SYNC/Projects/_source_codes/github/stm42/system32/bootloader/__build/src/lib/stm32/f1/gpio.o
LOAD /mnt/disk0/Users/user/Nextcloud/PC-SYNC/Projects/_source_codes/github/stm42/system32/bootloader/__build/src/lib/stm32/f1/rcc.o
LOAD /mnt/disk0/Users/user/Nextcloud/PC-SYNC/Projects/_source_codes/github/stm42/system32/bootloader/__build/src/lib/stm32/common/flash_common_f01.o
LOAD /mnt/disk0/Users/user/Nextcloud/PC-SYNC/Projects/_source_codes/github/stm42/system32/bootloader/__build/src/lib/stm32/common/st_usbfs_core.o
LOAD /mnt/disk0/Users/user/Nextcloud/PC-SYNC/Projects/_source_codes/github/stm42/system32/bootloader/__build/src/lib/stm32/st_usbfs_v1.o
LOAD /mnt/disk0/Users/user/Nextcloud/PC-SYNC/Projects/_source_codes/github/stm42/system32/bootloader/__build/src/lib/usb/usb.o
LOAD /mnt/disk0/Users/user/Nextcloud/PC-SYNC/Projects/_source_codes/github/stm42/system32/bootloader/__build/src/lib/usb/usb_control.o
LOAD /mnt/disk0/Users/user/Nextcloud/PC-SYNC/Projects/_source_codes/github/stm42/system32/bootloader/__build/src/lib/usb/usb_dwc_common.o
LOAD /mnt/disk0/Users/user/Nextcloud/PC-SYNC/Projects/_source_codes/github/stm42/system32/bootloader/__build/src/lib/usb/usb_f107.o
LOAD /mnt/disk0/Users/user/Nextcloud/PC-SYNC/Projects/_source_codes/github/stm42/system32/bootloader/__build/src/lib/usb/usb_standard.o
START GROUP
LOAD /usr/share/gcc-arm-none-eabi-9-2019-q4-major/bin/../lib/gcc/arm-none-eabi/9.2.1/libgcc.a
LOAD /usr/share/gcc-arm-none-eabi-9-2019-q4-major/bin/../lib/gcc/arm-none-eabi/9.2.1/../../../../arm-none-eabi/lib/libc.a
END GROUP

.text           0x0000000008000000     0x1a50
 *(.vectors)
 .vectors       0x0000000008000000       0x40 /mnt/disk0/Users/user/Nextcloud/PC-SYNC/Projects/_source_codes/github/stm42/system32/bootloader/__build/src/bootloader/init.o
                0x0000000008000000                vector_table
 *(.text*)
 .text.usbdfu_getstatus_complete
                0x0000000008000040      0x124 /mnt/disk0/Users/user/Nextcloud/PC-SYNC/Projects/_source_codes/github/stm42/system32/bootloader/__build/src/bootloader/bootloader_dfuse.o
                0x0000000008000040                usbdfu_getstatus_complete
 .text.usbdfu_getstatus
                0x0000000008000164       0x2c /mnt/disk0/Users/user/Nextcloud/PC-SYNC/Projects/_source_codes/github/stm42/system32/bootloader/__build/src/bootloader/bootloader_dfuse.o
                0x0000000008000164                usbdfu_getstatus
 .text.usbdfu_control_request
                0x0000000008000190      0x15c /mnt/disk0/Users/user/Nextcloud/PC-SYNC/Projects/_source_codes/github/stm42/system32/bootloader/__build/src/bootloader/bootloader_dfuse.o
                0x0000000008000190                usbdfu_control_request
 .text.read_device_serial_number
                0x00000000080002ec       0x1e /mnt/disk0/Users/user/Nextcloud/PC-SYNC/Projects/_source_codes/github/stm42/system32/bootloader/__build/src/bootloader/bootloader_tests.o
                0x00000000080002ec                read_device_serial_number
 *fill*         0x000000000800030a        0x2 
 .text.print_device_serial_number
                0x000000000800030c       0x2c /mnt/disk0/Users/user/Nextcloud/PC-SYNC/Projects/_source_codes/github/stm42/system32/bootloader/__build/src/bootloader/bootloader_tests.o
                0x000000000800030c                print_device_serial_number
 .text.check_set_device_unique
                0x0000000008000338       0x74 /mnt/disk0/Users/user/Nextcloud/PC-SYNC/Projects/_source_codes/github/stm42/system32/bootloader/__build/src/bootloader/bootloader_tests.o
                0x0000000008000338                check_set_device_unique
 .text.test_button_state
                0x00000000080003ac       0x18 /mnt/disk0/Users/user/Nextcloud/PC-SYNC/Projects/_source_codes/github/stm42/system32/bootloader/__build/src/bootloader/bootloader_tests.o
                0x00000000080003ac                test_button_state
 .text.dfu_boot_token
                0x00000000080003c4       0x1c /mnt/disk0/Users/user/Nextcloud/PC-SYNC/Projects/_source_codes/github/stm42/system32/bootloader/__build/src/bootloader/bootloader_tests.o
                0x00000000080003c4                dfu_boot_token
 .text.test_if_user_app_is_missing
                0x00000000080003e0       0x40 /mnt/disk0/Users/user/Nextcloud/PC-SYNC/Projects/_source_codes/github/stm42/system32/bootloader/__build/src/bootloader/bootloader_tests.o
                0x00000000080003e0                test_if_user_app_is_missing
 .text.usb_init
                0x0000000008000420       0xfc /mnt/disk0/Users/user/Nextcloud/PC-SYNC/Projects/_source_codes/github/stm42/system32/bootloader/__build/src/bootloader/bootloader_usb.o
                0x0000000008000420                usb_init
 .text.memcpy   0x000000000800051c       0x16 /mnt/disk0/Users/user/Nextcloud/PC-SYNC/Projects/_source_codes/github/stm42/system32/bootloader/__build/src/bootloader/bootloader_utils.o
                0x000000000800051c                memcpy
 .text.strlen   0x0000000008000532       0x10 /mnt/disk0/Users/user/Nextcloud/PC-SYNC/Projects/_source_codes/github/stm42/system32/bootloader/__build/src/bootloader/bootloader_utils.o
                0x0000000008000532                strlen
 .text.getFlashSectorSize
                0x0000000008000542       0x18 /mnt/disk0/Users/user/Nextcloud/PC-SYNC/Projects/_source_codes/github/stm42/system32/bootloader/__build/src/bootloader/bootloader_utils.o
                0x0000000008000542                getFlashSectorSize
 *fill*         0x000000000800055a        0x2 
 .text.usb_hard_reset
                0x000000000800055c       0x2c /mnt/disk0/Users/user/Nextcloud/PC-SYNC/Projects/_source_codes/github/stm42/system32/bootloader/__build/src/bootloader/bootloader_utils.o
                0x000000000800055c                usb_hard_reset
 .text.jump_to_application
                0x0000000008000588       0x14 /mnt/disk0/Users/user/Nextcloud/PC-SYNC/Projects/_source_codes/github/stm42/system32/bootloader/__build/src/bootloader/bootloader_utils.o
                0x0000000008000588                jump_to_application
 .text.system_hard_reset
                0x000000000800059c       0x10 /mnt/disk0/Users/user/Nextcloud/PC-SYNC/Projects/_source_codes/github/stm42/system32/bootloader/__build/src/bootloader/bootloader_utils.o
                0x000000000800059c                system_hard_reset
 .text.nmi_handler
                0x00000000080005ac        0x2 /mnt/disk0/Users/user/Nextcloud/PC-SYNC/Projects/_source_codes/github/stm42/system32/bootloader/__build/src/bootloader/init.o
                0x00000000080005ac                nmi_handler
 .text.hard_fault_handler
                0x00000000080005ae        0x2 /mnt/disk0/Users/user/Nextcloud/PC-SYNC/Projects/_source_codes/github/stm42/system32/bootloader/__build/src/bootloader/init.o
                0x00000000080005ae                hard_fault_handler
 .text.memory_manage_fault_handler
                0x00000000080005b0        0x2 /mnt/disk0/Users/user/Nextcloud/PC-SYNC/Projects/_source_codes/github/stm42/system32/bootloader/__build/src/bootloader/init.o
                0x00000000080005b0                memory_manage_fault_handler
 .text.bus_fault_handler
                0x00000000080005b2        0x2 /mnt/disk0/Users/user/Nextcloud/PC-SYNC/Projects/_source_codes/github/stm42/system32/bootloader/__build/src/bootloader/init.o
                0x00000000080005b2                bus_fault_handler
 .text.usage_fault_handler
                0x00000000080005b4        0x2 /mnt/disk0/Users/user/Nextcloud/PC-SYNC/Projects/_source_codes/github/stm42/system32/bootloader/__build/src/bootloader/init.o
                0x00000000080005b4                usage_fault_handler
 .text.debug_monitor_handler
                0x00000000080005b6        0x2 /mnt/disk0/Users/user/Nextcloud/PC-SYNC/Projects/_source_codes/github/stm42/system32/bootloader/__build/src/bootloader/init.o
                0x00000000080005b6                debug_monitor_handler
 .text.sv_call_handler
                0x00000000080005b8        0x2 /mnt/disk0/Users/user/Nextcloud/PC-SYNC/Projects/_source_codes/github/stm42/system32/bootloader/__build/src/bootloader/init.o
                0x00000000080005b8                sv_call_handler
 .text.pend_sv_handler
                0x00000000080005ba        0x2 /mnt/disk0/Users/user/Nextcloud/PC-SYNC/Projects/_source_codes/github/stm42/system32/bootloader/__build/src/bootloader/init.o
                0x00000000080005ba                pend_sv_handler
 .text.systick_handler
                0x00000000080005bc        0x2 /mnt/disk0/Users/user/Nextcloud/PC-SYNC/Projects/_source_codes/github/stm42/system32/bootloader/__build/src/bootloader/init.o
                0x00000000080005bc                systick_handler
 *fill*         0x00000000080005be        0x2 
 .text.reset_handler
                0x00000000080005c0       0x44 /mnt/disk0/Users/user/Nextcloud/PC-SYNC/Projects/_source_codes/github/stm42/system32/bootloader/__build/src/bootloader/init.o
                0x00000000080005c0                reset_handler
 .text.startup.main
                0x0000000008000604      0x12c /mnt/disk0/Users/user/Nextcloud/PC-SYNC/Projects/_source_codes/github/stm42/system32/bootloader/__build/src/bootloader/main.o
                0x0000000008000604                main
 .text.flash_set_ws
                0x0000000008000730       0x14 /mnt/disk0/Users/user/Nextcloud/PC-SYNC/Projects/_source_codes/github/stm42/system32/bootloader/__build/src/lib/stm32/common/flash_common_all.o
                0x0000000008000730                flash_set_ws
 .text.gpio_set
                0x0000000008000744        0x4 /mnt/disk0/Users/user/Nextcloud/PC-SYNC/Projects/_source_codes/github/stm42/system32/bootloader/__build/src/lib/stm32/common/gpio_common_all.o
                0x0000000008000744                gpio_set
 .text.gpio_clear
                0x0000000008000748        0x6 /mnt/disk0/Users/user/Nextcloud/PC-SYNC/Projects/_source_codes/github/stm42/system32/bootloader/__build/src/lib/stm32/common/gpio_common_all.o
                0x0000000008000748                gpio_clear
 .text.gpio_get
                0x000000000800074e        0x6 /mnt/disk0/Users/user/Nextcloud/PC-SYNC/Projects/_source_codes/github/stm42/system32/bootloader/__build/src/lib/stm32/common/gpio_common_all.o
                0x000000000800074e                gpio_get
 .text.gpio_toggle
                0x0000000008000754       0x12 /mnt/disk0/Users/user/Nextcloud/PC-SYNC/Projects/_source_codes/github/stm42/system32/bootloader/__build/src/lib/stm32/common/gpio_common_all.o
                0x0000000008000754                gpio_toggle
 .text.rcc_periph_clock_enable
                0x0000000008000766       0x1c /mnt/disk0/Users/user/Nextcloud/PC-SYNC/Projects/_source_codes/github/stm42/system32/bootloader/__build/src/lib/stm32/common/rcc_common_all.o
                0x0000000008000766                rcc_periph_clock_enable
 *fill*         0x0000000008000782        0x2 
 .text.flash_unlock
                0x0000000008000784       0x18 /mnt/disk0/Users/user/Nextcloud/PC-SYNC/Projects/_source_codes/github/stm42/system32/bootloader/__build/src/lib/stm32/common/flash_common_f.o
                0x0000000008000784                flash_unlock
 .text.flash_lock
                0x000000000800079c       0x10 /mnt/disk0/Users/user/Nextcloud/PC-SYNC/Projects/_source_codes/github/stm42/system32/bootloader/__build/src/lib/stm32/common/flash_common_f.o
                0x000000000800079c                flash_lock
 .text.desig_get_flash_size
                0x00000000080007ac        0xc /mnt/disk0/Users/user/Nextcloud/PC-SYNC/Projects/_source_codes/github/stm42/system32/bootloader/__build/src/lib/stm32/desig.o
                0x00000000080007ac                desig_get_flash_size
 .text.desig_get_unique_id
                0x00000000080007b8       0x20 /mnt/disk0/Users/user/Nextcloud/PC-SYNC/Projects/_source_codes/github/stm42/system32/bootloader/__build/src/lib/stm32/desig.o
                0x00000000080007b8                desig_get_unique_id
 .text.flash_get_status_flags
                0x00000000080007d8       0x28 /mnt/disk0/Users/user/Nextcloud/PC-SYNC/Projects/_source_codes/github/stm42/system32/bootloader/__build/src/lib/stm32/f1/flash.o
                0x00000000080007d8                flash_get_status_flags
 .text.flash_program_half_word
                0x0000000008000800       0x64 /mnt/disk0/Users/user/Nextcloud/PC-SYNC/Projects/_source_codes/github/stm42/system32/bootloader/__build/src/lib/stm32/f1/flash.o
                0x0000000008000800                flash_program_half_word
 .text.flash_erase_page
                0x0000000008000864       0x7c /mnt/disk0/Users/user/Nextcloud/PC-SYNC/Projects/_source_codes/github/stm42/system32/bootloader/__build/src/lib/stm32/f1/flash.o
                0x0000000008000864                flash_erase_page
 .text.gpio_set_mode
                0x00000000080008e0       0x5e /mnt/disk0/Users/user/Nextcloud/PC-SYNC/Projects/_source_codes/github/stm42/system32/bootloader/__build/src/lib/stm32/f1/gpio.o
                0x00000000080008e0                gpio_set_mode
 *fill*         0x000000000800093e        0x2 
 .text.rcc_osc_on.part.0
                0x0000000008000940       0x10 /mnt/disk0/Users/user/Nextcloud/PC-SYNC/Projects/_source_codes/github/stm42/system32/bootloader/__build/src/lib/stm32/f1/rcc.o
 .text.rcc_is_osc_ready
                0x0000000008000950       0x5c /mnt/disk0/Users/user/Nextcloud/PC-SYNC/Projects/_source_codes/github/stm42/system32/bootloader/__build/src/lib/stm32/f1/rcc.o
                0x0000000008000950                rcc_is_osc_ready
 .text.rcc_wait_for_osc_ready
                0x00000000080009ac       0x10 /mnt/disk0/Users/user/Nextcloud/PC-SYNC/Projects/_source_codes/github/stm42/system32/bootloader/__build/src/lib/stm32/f1/rcc.o
                0x00000000080009ac                rcc_wait_for_osc_ready
 .text.rcc_osc_on
                0x00000000080009bc       0x54 /mnt/disk0/Users/user/Nextcloud/PC-SYNC/Projects/_source_codes/github/stm42/system32/bootloader/__build/src/lib/stm32/f1/rcc.o
                0x00000000080009bc                rcc_osc_on
 .text.rcc_set_sysclk_source
                0x0000000008000a10       0x14 /mnt/disk0/Users/user/Nextcloud/PC-SYNC/Projects/_source_codes/github/stm42/system32/bootloader/__build/src/lib/stm32/f1/rcc.o
                0x0000000008000a10                rcc_set_sysclk_source
 .text.rcc_set_pll_multiplication_factor
                0x0000000008000a24       0x14 /mnt/disk0/Users/user/Nextcloud/PC-SYNC/Projects/_source_codes/github/stm42/system32/bootloader/__build/src/lib/stm32/f1/rcc.o
                0x0000000008000a24                rcc_set_pll_multiplication_factor
 .text.rcc_set_pll_source
                0x0000000008000a38       0x14 /mnt/disk0/Users/user/Nextcloud/PC-SYNC/Projects/_source_codes/github/stm42/system32/bootloader/__build/src/lib/stm32/f1/rcc.o
                0x0000000008000a38                rcc_set_pll_source
 .text.rcc_set_pllxtpre
                0x0000000008000a4c       0x14 /mnt/disk0/Users/user/Nextcloud/PC-SYNC/Projects/_source_codes/github/stm42/system32/bootloader/__build/src/lib/stm32/f1/rcc.o
                0x0000000008000a4c                rcc_set_pllxtpre
 .text.rcc_set_adcpre
                0x0000000008000a60       0x14 /mnt/disk0/Users/user/Nextcloud/PC-SYNC/Projects/_source_codes/github/stm42/system32/bootloader/__build/src/lib/stm32/f1/rcc.o
                0x0000000008000a60                rcc_set_adcpre
 .text.rcc_set_ppre2
                0x0000000008000a74       0x14 /mnt/disk0/Users/user/Nextcloud/PC-SYNC/Projects/_source_codes/github/stm42/system32/bootloader/__build/src/lib/stm32/f1/rcc.o
                0x0000000008000a74                rcc_set_ppre2
 .text.rcc_set_ppre1
                0x0000000008000a88       0x14 /mnt/disk0/Users/user/Nextcloud/PC-SYNC/Projects/_source_codes/github/stm42/system32/bootloader/__build/src/lib/stm32/f1/rcc.o
                0x0000000008000a88                rcc_set_ppre1
 .text.rcc_set_hpre
                0x0000000008000a9c       0x14 /mnt/disk0/Users/user/Nextcloud/PC-SYNC/Projects/_source_codes/github/stm42/system32/bootloader/__build/src/lib/stm32/f1/rcc.o
                0x0000000008000a9c                rcc_set_hpre
 .text.rcc_clock_setup_in_hse_8mhz_out_72mhz
                0x0000000008000ab0       0x8c /mnt/disk0/Users/user/Nextcloud/PC-SYNC/Projects/_source_codes/github/stm42/system32/bootloader/__build/src/lib/stm32/f1/rcc.o
                0x0000000008000ab0                rcc_clock_setup_in_hse_8mhz_out_72mhz
 .text.flash_wait_for_last_operation
                0x0000000008000b3c        0xc /mnt/disk0/Users/user/Nextcloud/PC-SYNC/Projects/_source_codes/github/stm42/system32/bootloader/__build/src/lib/stm32/common/flash_common_f01.o
                0x0000000008000b3c                flash_wait_for_last_operation
 .text.st_usbfs_set_address
                0x0000000008000b48       0x10 /mnt/disk0/Users/user/Nextcloud/PC-SYNC/Projects/_source_codes/github/stm42/system32/bootloader/__build/src/lib/stm32/common/st_usbfs_core.o
                0x0000000008000b48                st_usbfs_set_address
 .text.st_usbfs_set_ep_rx_bufsize
                0x0000000008000b58       0x40 /mnt/disk0/Users/user/Nextcloud/PC-SYNC/Projects/_source_codes/github/stm42/system32/bootloader/__build/src/lib/stm32/common/st_usbfs_core.o
                0x0000000008000b58                st_usbfs_set_ep_rx_bufsize
 .text.st_usbfs_ep_setup
                0x0000000008000b98      0x124 /mnt/disk0/Users/user/Nextcloud/PC-SYNC/Projects/_source_codes/github/stm42/system32/bootloader/__build/src/lib/stm32/common/st_usbfs_core.o
                0x0000000008000b98                st_usbfs_ep_setup
 .text.st_usbfs_endpoints_reset
                0x0000000008000cbc       0x44 /mnt/disk0/Users/user/Nextcloud/PC-SYNC/Projects/_source_codes/github/stm42/system32/bootloader/__build/src/lib/stm32/common/st_usbfs_core.o
                0x0000000008000cbc                st_usbfs_endpoints_reset
 .text.st_usbfs_ep_stall_set
                0x0000000008000d00       0xc0 /mnt/disk0/Users/user/Nextcloud/PC-SYNC/Projects/_source_codes/github/stm42/system32/bootloader/__build/src/lib/stm32/common/st_usbfs_core.o
                0x0000000008000d00                st_usbfs_ep_stall_set
 .text.st_usbfs_ep_stall_get
                0x0000000008000dc0       0x38 /mnt/disk0/Users/user/Nextcloud/PC-SYNC/Projects/_source_codes/github/stm42/system32/bootloader/__build/src/lib/stm32/common/st_usbfs_core.o
                0x0000000008000dc0                st_usbfs_ep_stall_get
 .text.st_usbfs_ep_nak_set
                0x0000000008000df8       0x3c /mnt/disk0/Users/user/Nextcloud/PC-SYNC/Projects/_source_codes/github/stm42/system32/bootloader/__build/src/lib/stm32/common/st_usbfs_core.o
                0x0000000008000df8                st_usbfs_ep_nak_set
 .text.st_usbfs_ep_write_packet
                0x0000000008000e34       0x80 /mnt/disk0/Users/user/Nextcloud/PC-SYNC/Projects/_source_codes/github/stm42/system32/bootloader/__build/src/lib/stm32/common/st_usbfs_core.o
                0x0000000008000e34                st_usbfs_ep_write_packet
 .text.st_usbfs_ep_read_packet
                0x0000000008000eb4       0xac /mnt/disk0/Users/user/Nextcloud/PC-SYNC/Projects/_source_codes/github/stm42/system32/bootloader/__build/src/lib/stm32/common/st_usbfs_core.o
                0x0000000008000eb4                st_usbfs_ep_read_packet
 .text.st_usbfs_poll
                0x0000000008000f60       0xe8 /mnt/disk0/Users/user/Nextcloud/PC-SYNC/Projects/_source_codes/github/stm42/system32/bootloader/__build/src/lib/stm32/common/st_usbfs_core.o
                0x0000000008000f60                st_usbfs_poll
 .text.st_usbfs_v1_usbd_init
                0x0000000008001048       0x30 /mnt/disk0/Users/user/Nextcloud/PC-SYNC/Projects/_source_codes/github/stm42/system32/bootloader/__build/src/lib/stm32/st_usbfs_v1.o
 .text.st_usbfs_copy_to_pm
                0x0000000008001078       0x18 /mnt/disk0/Users/user/Nextcloud/PC-SYNC/Projects/_source_codes/github/stm42/system32/bootloader/__build/src/lib/stm32/st_usbfs_v1.o
                0x0000000008001078                st_usbfs_copy_to_pm
 .text.st_usbfs_copy_from_pm
                0x0000000008001090       0x26 /mnt/disk0/Users/user/Nextcloud/PC-SYNC/Projects/_source_codes/github/stm42/system32/bootloader/__build/src/lib/stm32/st_usbfs_v1.o
                0x0000000008001090                st_usbfs_copy_from_pm
 *fill*         0x00000000080010b6        0x2 
 .text.usbd_init
                0x00000000080010b8       0x50 /mnt/disk0/Users/user/Nextcloud/PC-SYNC/Projects/_source_codes/github/stm42/system32/bootloader/__build/src/lib/usb/usb.o
                0x00000000080010b8                usbd_init
 .text.usbd_poll
                0x0000000008001108        0x8 /mnt/disk0/Users/user/Nextcloud/PC-SYNC/Projects/_source_codes/github/stm42/system32/bootloader/__build/src/lib/usb/usb.o
                0x0000000008001108                usbd_poll
 .text.usbd_ep_setup
                0x0000000008001110        0xe /mnt/disk0/Users/user/Nextcloud/PC-SYNC/Projects/_source_codes/github/stm42/system32/bootloader/__build/src/lib/usb/usb.o
                0x0000000008001110                usbd_ep_setup
 .text._usbd_reset
                0x000000000800111e       0x32 /mnt/disk0/Users/user/Nextcloud/PC-SYNC/Projects/_source_codes/github/stm42/system32/bootloader/__build/src/lib/usb/usb.o
                0x000000000800111e                _usbd_reset
 .text.usbd_ep_write_packet
                0x0000000008001150        0xe /mnt/disk0/Users/user/Nextcloud/PC-SYNC/Projects/_source_codes/github/stm42/system32/bootloader/__build/src/lib/usb/usb.o
                0x0000000008001150                usbd_ep_write_packet
 .text.usbd_ep_read_packet
                0x000000000800115e        0xe /mnt/disk0/Users/user/Nextcloud/PC-SYNC/Projects/_source_codes/github/stm42/system32/bootloader/__build/src/lib/usb/usb.o
                0x000000000800115e                usbd_ep_read_packet
 .text.usbd_ep_stall_set
                0x000000000800116c        0x8 /mnt/disk0/Users/user/Nextcloud/PC-SYNC/Projects/_source_codes/github/stm42/system32/bootloader/__build/src/lib/usb/usb.o
                0x000000000800116c                usbd_ep_stall_set
 .text.usbd_ep_stall_get
                0x0000000008001174        0x8 /mnt/disk0/Users/user/Nextcloud/PC-SYNC/Projects/_source_codes/github/stm42/system32/bootloader/__build/src/lib/usb/usb.o
                0x0000000008001174                usbd_ep_stall_get
 .text.usbd_ep_nak_set
                0x000000000800117c        0x8 /mnt/disk0/Users/user/Nextcloud/PC-SYNC/Projects/_source_codes/github/stm42/system32/bootloader/__build/src/lib/usb/usb.o
                0x000000000800117c                usbd_ep_nak_set
 .text.usb_control_send_chunk
                0x0000000008001184       0x52 /mnt/disk0/Users/user/Nextcloud/PC-SYNC/Projects/_source_codes/github/stm42/system32/bootloader/__build/src/lib/usb/usb_control.o
 .text.usb_control_request_dispatch
                0x00000000080011d6       0x60 /mnt/disk0/Users/user/Nextcloud/PC-SYNC/Projects/_source_codes/github/stm42/system32/bootloader/__build/src/lib/usb/usb_control.o
 .text.stall_transaction
                0x0000000008001236       0x14 /mnt/disk0/Users/user/Nextcloud/PC-SYNC/Projects/_source_codes/github/stm42/system32/bootloader/__build/src/lib/usb/usb_control.o
 .text.usb_control_recv_chunk
                0x000000000800124a       0x3c /mnt/disk0/Users/user/Nextcloud/PC-SYNC/Projects/_source_codes/github/stm42/system32/bootloader/__build/src/lib/usb/usb_control.o
 .text.usb_control_setup_read
                0x0000000008001286       0x66 /mnt/disk0/Users/user/Nextcloud/PC-SYNC/Projects/_source_codes/github/stm42/system32/bootloader/__build/src/lib/usb/usb_control.o
 .text.usbd_register_control_callback
                0x00000000080012ec       0x2c /mnt/disk0/Users/user/Nextcloud/PC-SYNC/Projects/_source_codes/github/stm42/system32/bootloader/__build/src/lib/usb/usb_control.o
                0x00000000080012ec                usbd_register_control_callback
 .text._usbd_control_setup
                0x0000000008001318       0x60 /mnt/disk0/Users/user/Nextcloud/PC-SYNC/Projects/_source_codes/github/stm42/system32/bootloader/__build/src/lib/usb/usb_control.o
                0x0000000008001318                _usbd_control_setup
 .text._usbd_control_out
                0x0000000008001378       0x82 /mnt/disk0/Users/user/Nextcloud/PC-SYNC/Projects/_source_codes/github/stm42/system32/bootloader/__build/src/lib/usb/usb_control.o
                0x0000000008001378                _usbd_control_out
 .text._usbd_control_in
                0x00000000080013fa       0x64 /mnt/disk0/Users/user/Nextcloud/PC-SYNC/Projects/_source_codes/github/stm42/system32/bootloader/__build/src/lib/usb/usb_control.o
                0x00000000080013fa                _usbd_control_in
 .text.usb_standard_set_address
                0x000000000800145e       0x2a /mnt/disk0/Users/user/Nextcloud/PC-SYNC/Projects/_source_codes/github/stm42/system32/bootloader/__build/src/lib/usb/usb_standard.o
 .text.usb_standard_set_configuration
                0x0000000008001488       0x92 /mnt/disk0/Users/user/Nextcloud/PC-SYNC/Projects/_source_codes/github/stm42/system32/bootloader/__build/src/lib/usb/usb_standard.o
 .text.usb_standard_get_configuration
                0x000000000800151a       0x22 /mnt/disk0/Users/user/Nextcloud/PC-SYNC/Projects/_source_codes/github/stm42/system32/bootloader/__build/src/lib/usb/usb_standard.o
 .text.usb_standard_get_interface
                0x000000000800153c       0x34 /mnt/disk0/Users/user/Nextcloud/PC-SYNC/Projects/_source_codes/github/stm42/system32/bootloader/__build/src/lib/usb/usb_standard.o
 .text.usb_standard_device_get_status
                0x0000000008001570       0x18 /mnt/disk0/Users/user/Nextcloud/PC-SYNC/Projects/_source_codes/github/stm42/system32/bootloader/__build/src/lib/usb/usb_standard.o
 .text.usb_standard_endpoint_get_status
                0x0000000008001588       0x2a /mnt/disk0/Users/user/Nextcloud/PC-SYNC/Projects/_source_codes/github/stm42/system32/bootloader/__build/src/lib/usb/usb_standard.o
 .text.usb_standard_endpoint_stall
                0x00000000080015b2       0x10 /mnt/disk0/Users/user/Nextcloud/PC-SYNC/Projects/_source_codes/github/stm42/system32/bootloader/__build/src/lib/usb/usb_standard.o
 .text.usb_standard_endpoint_unstall
                0x00000000080015c2       0x10 /mnt/disk0/Users/user/Nextcloud/PC-SYNC/Projects/_source_codes/github/stm42/system32/bootloader/__build/src/lib/usb/usb_standard.o
 .text.usb_standard_set_interface
                0x00000000080015d2       0x50 /mnt/disk0/Users/user/Nextcloud/PC-SYNC/Projects/_source_codes/github/stm42/system32/bootloader/__build/src/lib/usb/usb_standard.o
 .text.usb_standard_get_descriptor
                0x0000000008001622      0x26a /mnt/disk0/Users/user/Nextcloud/PC-SYNC/Projects/_source_codes/github/stm42/system32/bootloader/__build/src/lib/usb/usb_standard.o
 .text.usb_standard_interface_get_status
                0x000000000800188c       0x18 /mnt/disk0/Users/user/Nextcloud/PC-SYNC/Projects/_source_codes/github/stm42/system32/bootloader/__build/src/lib/usb/usb_standard.o
 .text._usbd_standard_request_device
                0x00000000080018a4       0x48 /mnt/disk0/Users/user/Nextcloud/PC-SYNC/Projects/_source_codes/github/stm42/system32/bootloader/__build/src/lib/usb/usb_standard.o
                0x00000000080018a4                _usbd_standard_request_device
 .text._usbd_standard_request_interface
                0x00000000080018ec       0x30 /mnt/disk0/Users/user/Nextcloud/PC-SYNC/Projects/_source_codes/github/stm42/system32/bootloader/__build/src/lib/usb/usb_standard.o
                0x00000000080018ec                _usbd_standard_request_interface
 .text._usbd_standard_request_endpoint
                0x000000000800191c       0x3c /mnt/disk0/Users/user/Nextcloud/PC-SYNC/Projects/_source_codes/github/stm42/system32/bootloader/__build/src/lib/usb/usb_standard.o
                0x000000000800191c                _usbd_standard_request_endpoint
 .text._usbd_standard_request
                0x0000000008001958       0x30 /mnt/disk0/Users/user/Nextcloud/PC-SYNC/Projects/_source_codes/github/stm42/system32/bootloader/__build/src/lib/usb/usb_standard.o
                0x0000000008001958                _usbd_standard_request
                0x0000000008001988                . = ALIGN (0x4)
 *(.rodata*)
 .rodata.hextochar
                0x0000000008001988       0x10 /mnt/disk0/Users/user/Nextcloud/PC-SYNC/Projects/_source_codes/github/stm42/system32/bootloader/__build/src/bootloader/bootloader_tests.o
 .rodata._num_strings
                0x0000000008001998        0x1 /mnt/disk0/Users/user/Nextcloud/PC-SYNC/Projects/_source_codes/github/stm42/system32/bootloader/__build/src/bootloader/bootloader_usb_descriptor.o
                0x0000000008001998                _num_strings
 *fill*         0x0000000008001999        0x3 
 .rodata._usb_strings
                0x000000000800199c       0x10 /mnt/disk0/Users/user/Nextcloud/PC-SYNC/Projects/_source_codes/github/stm42/system32/bootloader/__build/src/bootloader/bootloader_usb_descriptor.o
                0x000000000800199c                _usb_strings
 .rodata.dev_desc
                0x00000000080019ac       0x12 /mnt/disk0/Users/user/Nextcloud/PC-SYNC/Projects/_source_codes/github/stm42/system32/bootloader/__build/src/bootloader/bootloader_usb_descriptor.o
                0x00000000080019ac                dev_desc
 .rodata.dfu_iface
                0x00000000080019be       0x15 /mnt/disk0/Users/user/Nextcloud/PC-SYNC/Projects/_source_codes/github/stm42/system32/bootloader/__build/src/bootloader/bootloader_usb_descriptor.o
                0x00000000080019be                dfu_iface
 .rodata.iManufacturer
                0x00000000080019d3        0xf /mnt/disk0/Users/user/Nextcloud/PC-SYNC/Projects/_source_codes/github/stm42/system32/bootloader/__build/src/bootloader/bootloader_usb_descriptor.o
                0x00000000080019d3                iManufacturer
 .rodata.iProduct
                0x00000000080019e2       0x17 /mnt/disk0/Users/user/Nextcloud/PC-SYNC/Projects/_source_codes/github/stm42/system32/bootloader/__build/src/bootloader/bootloader_usb_descriptor.o
                0x00000000080019e2                iProduct
 *fill*         0x00000000080019f9        0x3 
 .rodata.ifaces
                0x00000000080019fc       0x10 /mnt/disk0/Users/user/Nextcloud/PC-SYNC/Projects/_source_codes/github/stm42/system32/bootloader/__build/src/bootloader/bootloader_usb_descriptor.o
                0x00000000080019fc                ifaces
 .rodata.usb_configuration_descriptor
                0x0000000008001a0c        0xd /mnt/disk0/Users/user/Nextcloud/PC-SYNC/Projects/_source_codes/github/stm42/system32/bootloader/__build/src/bootloader/bootloader_usb_descriptor.o
                0x0000000008001a0c                usb_configuration_descriptor
 *fill*         0x0000000008001a19        0x3 
 .rodata.st_usbfs_v1_usb_driver
                0x0000000008001a1c       0x34 /mnt/disk0/Users/user/Nextcloud/PC-SYNC/Projects/_source_codes/github/stm42/system32/bootloader/__build/src/lib/stm32/st_usbfs_v1.o
                0x0000000008001a1c                st_usbfs_v1_usb_driver
                0x0000000008001a50                . = ALIGN (0x4)
                0x0000000008001a50                _etext = .

.glue_7         0x0000000008001a50        0x0
 .glue_7        0x0000000008001a50        0x0 linker stubs

.glue_7t        0x0000000008001a50        0x0
 .glue_7t       0x0000000008001a50        0x0 linker stubs

.vfp11_veneer   0x0000000008001a50        0x0
 .vfp11_veneer  0x0000000008001a50        0x0 linker stubs

.v4_bx          0x0000000008001a50        0x0
 .v4_bx         0x0000000008001a50        0x0 linker stubs

.iplt           0x0000000008001a50        0x0
 .iplt          0x0000000008001a50        0x0 /mnt/disk0/Users/user/Nextcloud/PC-SYNC/Projects/_source_codes/github/stm42/system32/bootloader/__build/src/bootloader/bootloader_dfuse.o

.rel.dyn        0x0000000008001a50        0x0
 .rel.iplt      0x0000000008001a50        0x0 /mnt/disk0/Users/user/Nextcloud/PC-SYNC/Projects/_source_codes/github/stm42/system32/bootloader/__build/src/bootloader/bootloader_dfuse.o

.data           0x0000000020000000       0x50 load address 0x0000000008001a50
                0x0000000020000000                _data = .
 *(.data*)
 .data.application_start_address_
                0x0000000020000000        0x4 /mnt/disk0/Users/user/Nextcloud/PC-SYNC/Projects/_source_codes/github/stm42/system32/bootloader/__build/src/bootloader/bootloader_dfuse.o
                0x0000000020000000                application_start_address_
 .data.dfu_state_
                0x0000000020000004        0x1 /mnt/disk0/Users/user/Nextcloud/PC-SYNC/Projects/_source_codes/github/stm42/system32/bootloader/__build/src/bootloader/bootloader_dfuse.o
                0x0000000020000004                dfu_state_
 .data.dfu_function
                0x0000000020000005        0x9 /mnt/disk0/Users/user/Nextcloud/PC-SYNC/Projects/_source_codes/github/stm42/system32/bootloader/__build/src/bootloader/bootloader_usb_descriptor.o
                0x0000000020000005                dfu_function
 .data.iFlashMemoryPartitions
                0x000000002000000e       0x26 /mnt/disk0/Users/user/Nextcloud/PC-SYNC/Projects/_source_codes/github/stm42/system32/bootloader/__build/src/bootloader/bootloader_usb_descriptor.o
                0x000000002000000e                iFlashMemoryPartitions
 .data.iSerial  0x0000000020000034        0xd /mnt/disk0/Users/user/Nextcloud/PC-SYNC/Projects/_source_codes/github/stm42/system32/bootloader/__build/src/bootloader/bootloader_usb_descriptor.o
                0x0000000020000034                iSerial
 *fill*         0x0000000020000041        0x3 
 .data.rcc_ahb_frequency
                0x0000000020000044        0x4 /mnt/disk0/Users/user/Nextcloud/PC-SYNC/Projects/_source_codes/github/stm42/system32/bootloader/__build/src/lib/stm32/f1/rcc.o
                0x0000000020000044                rcc_ahb_frequency
 .data.rcc_apb1_frequency
                0x0000000020000048        0x4 /mnt/disk0/Users/user/Nextcloud/PC-SYNC/Projects/_source_codes/github/stm42/system32/bootloader/__build/src/lib/stm32/f1/rcc.o
                0x0000000020000048                rcc_apb1_frequency
 .data.rcc_apb2_frequency
                0x000000002000004c        0x4 /mnt/disk0/Users/user/Nextcloud/PC-SYNC/Projects/_source_codes/github/stm42/system32/bootloader/__build/src/lib/stm32/f1/rcc.o
                0x000000002000004c                rcc_apb2_frequency
                0x0000000020000050                . = ALIGN (0x4)
                0x0000000020000050                _edata = .
                0x0000000008001a50                _data_loadaddr = LOADADDR (.data)

.igot.plt       0x0000000020000050        0x0 load address 0x0000000008001aa0
 .igot.plt      0x0000000020000050        0x0 /mnt/disk0/Users/user/Nextcloud/PC-SYNC/Projects/_source_codes/github/stm42/system32/bootloader/__build/src/bootloader/bootloader_dfuse.o

.bss            0x0000000020000050      0x928 load address 0x0000000008001aa0
 *(.bss*)
 .bss.bwPollTimeout
                0x0000000020000050        0x4 /mnt/disk0/Users/user/Nextcloud/PC-SYNC/Projects/_source_codes/github/stm42/system32/bootloader/__build/src/bootloader/bootloader_dfuse.o
                0x0000000020000050                bwPollTimeout
 .bss.erased.4865
                0x0000000020000054        0x1 /mnt/disk0/Users/user/Nextcloud/PC-SYNC/Projects/_source_codes/github/stm42/system32/bootloader/__build/src/bootloader/bootloader_dfuse.o
 *fill*         0x0000000020000055        0x3 
 .bss.flash_end_address_
                0x0000000020000058        0x4 /mnt/disk0/Users/user/Nextcloud/PC-SYNC/Projects/_source_codes/github/stm42/system32/bootloader/__build/src/bootloader/bootloader_dfuse.o
                0x0000000020000058                flash_end_address_
 .bss.prog      0x000000002000005c      0x40c /mnt/disk0/Users/user/Nextcloud/PC-SYNC/Projects/_source_codes/github/stm42/system32/bootloader/__build/src/bootloader/bootloader_dfuse.o
 .bss.wTransferSize_
                0x0000000020000468        0x2 /mnt/disk0/Users/user/Nextcloud/PC-SYNC/Projects/_source_codes/github/stm42/system32/bootloader/__build/src/bootloader/bootloader_dfuse.o
                0x0000000020000468                wTransferSize_
 *fill*         0x000000002000046a        0x2 
 .bss.writable_flash_end_address_
                0x000000002000046c        0x4 /mnt/disk0/Users/user/Nextcloud/PC-SYNC/Projects/_source_codes/github/stm42/system32/bootloader/__build/src/bootloader/bootloader_dfuse.o
                0x000000002000046c                writable_flash_end_address_
 .bss.usbd_dev  0x0000000020000470        0x4 /mnt/disk0/Users/user/Nextcloud/PC-SYNC/Projects/_source_codes/github/stm42/system32/bootloader/__build/src/bootloader/bootloader_usb.o
                0x0000000020000470                usbd_dev
 *(COMMON)
 COMMON         0x0000000020000474      0x400 /mnt/disk0/Users/user/Nextcloud/PC-SYNC/Projects/_source_codes/github/stm42/system32/bootloader/__build/src/bootloader/bootloader_dfuse.o
                0x0000000020000474                usbd_control_buffer
 COMMON         0x0000000020000874      0x104 /mnt/disk0/Users/user/Nextcloud/PC-SYNC/Projects/_source_codes/github/stm42/system32/bootloader/__build/src/lib/stm32/common/st_usbfs_core.o
                0x0000000020000874                st_usbfs_force_nak
                0x000000002000087c                st_usbfs_dev
                0x0000000020000978                . = ALIGN (0x4)
                0x0000000020000978                _ebss = .

/DISCARD/
 *(.eh_frame)
                0x0000000020000978                . = ALIGN (0x4)
                0x0000000020000978                end = .
                0x0000000020004ff8                PROVIDE (_stack = (ORIGIN (ram) + LENGTH (ram)))
OUTPUT(/mnt/disk0/Users/user/Nextcloud/PC-SYNC/Projects/_source_codes/github/stm42/system32/bootloader/__build/fw.elf elf32-littlearm)

.debug_info     0x0000000000000000     0xe88e
 .debug_info    0x0000000000000000     0x10bf /mnt/disk0/Users/user/Nextcloud/PC-SYNC/Projects/_source_codes/github/stm42/system32/bootloader/__build/src/bootloader/bootloader_dfuse.o
 .debug_info    0x00000000000010bf      0x518 /mnt/disk0/Users/user/Nextcloud/PC-SYNC/Projects/_source_codes/github/stm42/system32/bootloader/__build/src/bootloader/bootloader_tests.o
 .debug_info    0x00000000000015d7     0x1067 /mnt/disk0/Users/user/Nextcloud/PC-SYNC/Projects/_source_codes/github/stm42/system32/bootloader/__build/src/bootloader/bootloader_usb.o
 .debug_info    0x000000000000263e      0xf26 /mnt/disk0/Users/user/Nextcloud/PC-SYNC/Projects/_source_codes/github/stm42/system32/bootloader/__build/src/bootloader/bootloader_usb_descriptor.o
 .debug_info    0x0000000000003564      0xc05 /mnt/disk0/Users/user/Nextcloud/PC-SYNC/Projects/_source_codes/github/stm42/system32/bootloader/__build/src/bootloader/bootloader_utils.o
 .debug_info    0x0000000000004169      0x305 /mnt/disk0/Users/user/Nextcloud/PC-SYNC/Projects/_source_codes/github/stm42/system32/bootloader/__build/src/bootloader/init.o
 .debug_info    0x000000000000446e      0xef6 /mnt/disk0/Users/user/Nextcloud/PC-SYNC/Projects/_source_codes/github/stm42/system32/bootloader/__build/src/bootloader/main.o
 .debug_info    0x0000000000005364       0xf2 /mnt/disk0/Users/user/Nextcloud/PC-SYNC/Projects/_source_codes/github/stm42/system32/bootloader/__build/src/lib/stm32/common/flash_common_all.o
 .debug_info    0x0000000000005456      0x262 /mnt/disk0/Users/user/Nextcloud/PC-SYNC/Projects/_source_codes/github/stm42/system32/bootloader/__build/src/lib/stm32/common/gpio_common_all.o
 .debug_info    0x00000000000056b8      0x5ff /mnt/disk0/Users/user/Nextcloud/PC-SYNC/Projects/_source_codes/github/stm42/system32/bootloader/__build/src/lib/stm32/common/rcc_common_all.o
 .debug_info    0x0000000000005cb7       0xba /mnt/disk0/Users/user/Nextcloud/PC-SYNC/Projects/_source_codes/github/stm42/system32/bootloader/__build/src/lib/stm32/common/flash_common_f.o
 .debug_info    0x0000000000005d71      0x26f /mnt/disk0/Users/user/Nextcloud/PC-SYNC/Projects/_source_codes/github/stm42/system32/bootloader/__build/src/lib/stm32/desig.o
 .debug_info    0x0000000000005fe0      0x2e7 /mnt/disk0/Users/user/Nextcloud/PC-SYNC/Projects/_source_codes/github/stm42/system32/bootloader/__build/src/lib/stm32/f1/flash.o
 .debug_info    0x00000000000062c7      0x206 /mnt/disk0/Users/user/Nextcloud/PC-SYNC/Projects/_source_codes/github/stm42/system32/bootloader/__build/src/lib/stm32/f1/gpio.o
 .debug_info    0x00000000000064cd     0x128b /mnt/disk0/Users/user/Nextcloud/PC-SYNC/Projects/_source_codes/github/stm42/system32/bootloader/__build/src/lib/stm32/f1/rcc.o
 .debug_info    0x0000000000007758      0x205 /mnt/disk0/Users/user/Nextcloud/PC-SYNC/Projects/_source_codes/github/stm42/system32/bootloader/__build/src/lib/stm32/common/flash_common_f01.o
 .debug_info    0x000000000000795d     0x1093 /mnt/disk0/Users/user/Nextcloud/PC-SYNC/Projects/_source_codes/github/stm42/system32/bootloader/__build/src/lib/stm32/common/st_usbfs_core.o
 .debug_info    0x00000000000089f0      0xda3 /mnt/disk0/Users/user/Nextcloud/PC-SYNC/Projects/_source_codes/github/stm42/system32/bootloader/__build/src/lib/stm32/st_usbfs_v1.o
 .debug_info    0x0000000000009793     0x17ff /mnt/disk0/Users/user/Nextcloud/PC-SYNC/Projects/_source_codes/github/stm42/system32/bootloader/__build/src/lib/usb/usb.o
 .debug_info    0x000000000000af92     0x1934 /mnt/disk0/Users/user/Nextcloud/PC-SYNC/Projects/_source_codes/github/stm42/system32/bootloader/__build/src/lib/usb/usb_control.o
 .debug_info    0x000000000000c8c6     0x1fc8 /mnt/disk0/Users/user/Nextcloud/PC-SYNC/Projects/_source_codes/github/stm42/system32/bootloader/__build/src/lib/usb/usb_standard.o

.debug_abbrev   0x0000000000000000     0x2e6c
 .debug_abbrev  0x0000000000000000      0x495 /mnt/disk0/Users/user/Nextcloud/PC-SYNC/Projects/_source_codes/github/stm42/system32/bootloader/__build/src/bootloader/bootloader_dfuse.o
 .debug_abbrev  0x0000000000000495      0x24e /mnt/disk0/Users/user/Nextcloud/PC-SYNC/Projects/_source_codes/github/stm42/system32/bootloader/__build/src/bootloader/bootloader_tests.o
 .debug_abbrev  0x00000000000006e3      0x25a /mnt/disk0/Users/user/Nextcloud/PC-SYNC/Projects/_source_codes/github/stm42/system32/bootloader/__build/src/bootloader/bootloader_usb.o
 .debug_abbrev  0x000000000000093d      0x1bd /mnt/disk0/Users/user/Nextcloud/PC-SYNC/Projects/_source_codes/github/stm42/system32/bootloader/__build/src/bootloader/bootloader_usb_descriptor.o
 .debug_abbrev  0x0000000000000afa      0x2e2 /mnt/disk0/Users/user/Nextcloud/PC-SYNC/Projects/_source_codes/github/stm42/system32/bootloader/__build/src/bootloader/bootloader_utils.o
 .debug_abbrev  0x0000000000000ddc      0x149 /mnt/disk0/Users/user/Nextcloud/PC-SYNC/Projects/_source_codes/github/stm42/system32/bootloader/__build/src/bootloader/init.o
 .debug_abbrev  0x0000000000000f25      0x2d6 /mnt/disk0/Users/user/Nextcloud/PC-SYNC/Projects/_source_codes/github/stm42/system32/bootloader/__build/src/bootloader/main.o
 .debug_abbrev  0x00000000000011fb       0x94 /mnt/disk0/Users/user/Nextcloud/PC-SYNC/Projects/_source_codes/github/stm42/system32/bootloader/__build/src/lib/stm32/common/flash_common_all.o
 .debug_abbrev  0x000000000000128f      0x113 /mnt/disk0/Users/user/Nextcloud/PC-SYNC/Projects/_source_codes/github/stm42/system32/bootloader/__build/src/lib/stm32/common/gpio_common_all.o
 .debug_abbrev  0x00000000000013a2      0x15a /mnt/disk0/Users/user/Nextcloud/PC-SYNC/Projects/_source_codes/github/stm42/system32/bootloader/__build/src/lib/stm32/common/rcc_common_all.o
 .debug_abbrev  0x00000000000014fc       0x53 /mnt/disk0/Users/user/Nextcloud/PC-SYNC/Projects/_source_codes/github/stm42/system32/bootloader/__build/src/lib/stm32/common/flash_common_f.o
 .debug_abbrev  0x000000000000154f      0x108 /mnt/disk0/Users/user/Nextcloud/PC-SYNC/Projects/_source_codes/github/stm42/system32/bootloader/__build/src/lib/stm32/desig.o
 .debug_abbrev  0x0000000000001657      0x138 /mnt/disk0/Users/user/Nextcloud/PC-SYNC/Projects/_source_codes/github/stm42/system32/bootloader/__build/src/lib/stm32/f1/flash.o
 .debug_abbrev  0x000000000000178f       0xcd /mnt/disk0/Users/user/Nextcloud/PC-SYNC/Projects/_source_codes/github/stm42/system32/bootloader/__build/src/lib/stm32/f1/gpio.o
 .debug_abbrev  0x000000000000185c      0x2de /mnt/disk0/Users/user/Nextcloud/PC-SYNC/Projects/_source_codes/github/stm42/system32/bootloader/__build/src/lib/stm32/f1/rcc.o
 .debug_abbrev  0x0000000000001b3a       0xc8 /mnt/disk0/Users/user/Nextcloud/PC-SYNC/Projects/_source_codes/github/stm42/system32/bootloader/__build/src/lib/stm32/common/flash_common_f01.o
 .debug_abbrev  0x0000000000001c02      0x2c3 /mnt/disk0/Users/user/Nextcloud/PC-SYNC/Projects/_source_codes/github/stm42/system32/bootloader/__build/src/lib/stm32/common/st_usbfs_core.o
 .debug_abbrev  0x0000000000001ec5      0x262 /mnt/disk0/Users/user/Nextcloud/PC-SYNC/Projects/_source_codes/github/stm42/system32/bootloader/__build/src/lib/stm32/st_usbfs_v1.o
 .debug_abbrev  0x0000000000002127      0x330 /mnt/disk0/Users/user/Nextcloud/PC-SYNC/Projects/_source_codes/github/stm42/system32/bootloader/__build/src/lib/usb/usb.o
 .debug_abbrev  0x0000000000002457      0x474 /mnt/disk0/Users/user/Nextcloud/PC-SYNC/Projects/_source_codes/github/stm42/system32/bootloader/__build/src/lib/usb/usb_control.o
 .debug_abbrev  0x00000000000028cb      0x5a1 /mnt/disk0/Users/user/Nextcloud/PC-SYNC/Projects/_source_codes/github/stm42/system32/bootloader/__build/src/lib/usb/usb_standard.o

.debug_loc      0x0000000000000000     0x3f8f
 .debug_loc     0x0000000000000000      0x4d2 /mnt/disk0/Users/user/Nextcloud/PC-SYNC/Projects/_source_codes/github/stm42/system32/bootloader/__build/src/bootloader/bootloader_dfuse.o
 .debug_loc     0x00000000000004d2      0x265 /mnt/disk0/Users/user/Nextcloud/PC-SYNC/Projects/_source_codes/github/stm42/system32/bootloader/__build/src/bootloader/bootloader_tests.o
 .debug_loc     0x0000000000000737       0x73 /mnt/disk0/Users/user/Nextcloud/PC-SYNC/Projects/_source_codes/github/stm42/system32/bootloader/__build/src/bootloader/bootloader_usb.o
 .debug_loc     0x00000000000007aa      0x265 /mnt/disk0/Users/user/Nextcloud/PC-SYNC/Projects/_source_codes/github/stm42/system32/bootloader/__build/src/bootloader/bootloader_utils.o
 .debug_loc     0x0000000000000a0f       0xb2 /mnt/disk0/Users/user/Nextcloud/PC-SYNC/Projects/_source_codes/github/stm42/system32/bootloader/__build/src/bootloader/init.o
 .debug_loc     0x0000000000000ac1       0x5a /mnt/disk0/Users/user/Nextcloud/PC-SYNC/Projects/_source_codes/github/stm42/system32/bootloader/__build/src/bootloader/main.o
 .debug_loc     0x0000000000000b1b       0x15 /mnt/disk0/Users/user/Nextcloud/PC-SYNC/Projects/_source_codes/github/stm42/system32/bootloader/__build/src/lib/stm32/common/flash_common_all.o
 .debug_loc     0x0000000000000b30       0xbe /mnt/disk0/Users/user/Nextcloud/PC-SYNC/Projects/_source_codes/github/stm42/system32/bootloader/__build/src/lib/stm32/common/gpio_common_all.o
 .debug_loc     0x0000000000000bee       0x6f /mnt/disk0/Users/user/Nextcloud/PC-SYNC/Projects/_source_codes/github/stm42/system32/bootloader/__build/src/lib/stm32/common/rcc_common_all.o
 .debug_loc     0x0000000000000c5d      0x1bf /mnt/disk0/Users/user/Nextcloud/PC-SYNC/Projects/_source_codes/github/stm42/system32/bootloader/__build/src/lib/stm32/desig.o
 .debug_loc     0x0000000000000e1c       0x90 /mnt/disk0/Users/user/Nextcloud/PC-SYNC/Projects/_source_codes/github/stm42/system32/bootloader/__build/src/lib/stm32/f1/flash.o
 .debug_loc     0x0000000000000eac      0x134 /mnt/disk0/Users/user/Nextcloud/PC-SYNC/Projects/_source_codes/github/stm42/system32/bootloader/__build/src/lib/stm32/f1/gpio.o
 .debug_loc     0x0000000000000fe0      0x39c /mnt/disk0/Users/user/Nextcloud/PC-SYNC/Projects/_source_codes/github/stm42/system32/bootloader/__build/src/lib/stm32/f1/rcc.o
 .debug_loc     0x000000000000137c       0xca /mnt/disk0/Users/user/Nextcloud/PC-SYNC/Projects/_source_codes/github/stm42/system32/bootloader/__build/src/lib/stm32/common/flash_common_f01.o
 .debug_loc     0x0000000000001446      0x86b /mnt/disk0/Users/user/Nextcloud/PC-SYNC/Projects/_source_codes/github/stm42/system32/bootloader/__build/src/lib/stm32/common/st_usbfs_core.o
 .debug_loc     0x0000000000001cb1      0x1de /mnt/disk0/Users/user/Nextcloud/PC-SYNC/Projects/_source_codes/github/stm42/system32/bootloader/__build/src/lib/stm32/st_usbfs_v1.o
 .debug_loc     0x0000000000001e8f      0x544 /mnt/disk0/Users/user/Nextcloud/PC-SYNC/Projects/_source_codes/github/stm42/system32/bootloader/__build/src/lib/usb/usb.o
 .debug_loc     0x00000000000023d3      0x81a /mnt/disk0/Users/user/Nextcloud/PC-SYNC/Projects/_source_codes/github/stm42/system32/bootloader/__build/src/lib/usb/usb_control.o
 .debug_loc     0x0000000000002bed     0x13a2 /mnt/disk0/Users/user/Nextcloud/PC-SYNC/Projects/_source_codes/github/stm42/system32/bootloader/__build/src/lib/usb/usb_standard.o

.debug_aranges  0x0000000000000000      0x740
 .debug_aranges
                0x0000000000000000       0x30 /mnt/disk0/Users/user/Nextcloud/PC-SYNC/Projects/_source_codes/github/stm42/system32/bootloader/__build/src/bootloader/bootloader_dfuse.o
 .debug_aranges
                0x0000000000000030       0x48 /mnt/disk0/Users/user/Nextcloud/PC-SYNC/Projects/_source_codes/github/stm42/system32/bootloader/__build/src/bootloader/bootloader_tests.o
 .debug_aranges
                0x0000000000000078       0x20 /mnt/disk0/Users/user/Nextcloud/PC-SYNC/Projects/_source_codes/github/stm42/system32/bootloader/__build/src/bootloader/bootloader_usb.o
 .debug_aranges
                0x0000000000000098       0x18 /mnt/disk0/Users/user/Nextcloud/PC-SYNC/Projects/_source_codes/github/stm42/system32/bootloader/__build/src/bootloader/bootloader_usb_descriptor.o
 .debug_aranges
                0x00000000000000b0       0x50 /mnt/disk0/Users/user/Nextcloud/PC-SYNC/Projects/_source_codes/github/stm42/system32/bootloader/__build/src/bootloader/bootloader_utils.o
 .debug_aranges
                0x0000000000000100       0x70 /mnt/disk0/Users/user/Nextcloud/PC-SYNC/Projects/_source_codes/github/stm42/system32/bootloader/__build/src/bootloader/init.o
 .debug_aranges
                0x0000000000000170       0x20 /mnt/disk0/Users/user/Nextcloud/PC-SYNC/Projects/_source_codes/github/stm42/system32/bootloader/__build/src/bootloader/main.o
 .debug_aranges
                0x0000000000000190       0x38 /mnt/disk0/Users/user/Nextcloud/PC-SYNC/Projects/_source_codes/github/stm42/system32/bootloader/__build/src/lib/stm32/common/flash_common_all.o
 .debug_aranges
                0x00000000000001c8       0x50 /mnt/disk0/Users/user/Nextcloud/PC-SYNC/Projects/_source_codes/github/stm42/system32/bootloader/__build/src/lib/stm32/common/gpio_common_all.o
 .debug_aranges
                0x0000000000000218       0x58 /mnt/disk0/Users/user/Nextcloud/PC-SYNC/Projects/_source_codes/github/stm42/system32/bootloader/__build/src/lib/stm32/common/rcc_common_all.o
 .debug_aranges
                0x0000000000000270       0x30 /mnt/disk0/Users/user/Nextcloud/PC-SYNC/Projects/_source_codes/github/stm42/system32/bootloader/__build/src/lib/stm32/common/flash_common_f.o
 .debug_aranges
                0x00000000000002a0       0x38 /mnt/disk0/Users/user/Nextcloud/PC-SYNC/Projects/_source_codes/github/stm42/system32/bootloader/__build/src/lib/stm32/desig.o
 .debug_aranges
                0x00000000000002d8       0x78 /mnt/disk0/Users/user/Nextcloud/PC-SYNC/Projects/_source_codes/github/stm42/system32/bootloader/__build/src/lib/stm32/f1/flash.o
 .debug_aranges
                0x0000000000000350       0x38 /mnt/disk0/Users/user/Nextcloud/PC-SYNC/Projects/_source_codes/github/stm42/system32/bootloader/__build/src/lib/stm32/f1/gpio.o
 .debug_aranges
                0x0000000000000388      0x158 /mnt/disk0/Users/user/Nextcloud/PC-SYNC/Projects/_source_codes/github/stm42/system32/bootloader/__build/src/lib/stm32/f1/rcc.o
 .debug_aranges
                0x00000000000004e0       0x48 /mnt/disk0/Users/user/Nextcloud/PC-SYNC/Projects/_source_codes/github/stm42/system32/bootloader/__build/src/lib/stm32/common/flash_common_f01.o
 .debug_aranges
                0x0000000000000528       0x68 /mnt/disk0/Users/user/Nextcloud/PC-SYNC/Projects/_source_codes/github/stm42/system32/bootloader/__build/src/lib/stm32/common/st_usbfs_core.o
 .debug_aranges
                0x0000000000000590       0x30 /mnt/disk0/Users/user/Nextcloud/PC-SYNC/Projects/_source_codes/github/stm42/system32/bootloader/__build/src/lib/stm32/st_usbfs_v1.o
 .debug_aranges
                0x00000000000005c0       0x88 /mnt/disk0/Users/user/Nextcloud/PC-SYNC/Projects/_source_codes/github/stm42/system32/bootloader/__build/src/lib/usb/usb.o
 .debug_aranges
                0x0000000000000648       0x60 /mnt/disk0/Users/user/Nextcloud/PC-SYNC/Projects/_source_codes/github/stm42/system32/bootloader/__build/src/lib/usb/usb_control.o
 .debug_aranges
                0x00000000000006a8       0x98 /mnt/disk0/Users/user/Nextcloud/PC-SYNC/Projects/_source_codes/github/stm42/system32/bootloader/__build/src/lib/usb/usb_standard.o

.debug_ranges   0x0000000000000000      0x8a0
 .debug_ranges  0x0000000000000000       0x98 /mnt/disk0/Users/user/Nextcloud/PC-SYNC/Projects/_source_codes/github/stm42/system32/bootloader/__build/src/bootloader/bootloader_dfuse.o
 .debug_ranges  0x0000000000000098       0x68 /mnt/disk0/Users/user/Nextcloud/PC-SYNC/Projects/_source_codes/github/stm42/system32/bootloader/__build/src/bootloader/bootloader_tests.o
 .debug_ranges  0x0000000000000100       0x10 /mnt/disk0/Users/user/Nextcloud/PC-SYNC/Projects/_source_codes/github/stm42/system32/bootloader/__build/src/bootloader/bootloader_usb.o
 .debug_ranges  0x0000000000000110       0x58 /mnt/disk0/Users/user/Nextcloud/PC-SYNC/Projects/_source_codes/github/stm42/system32/bootloader/__build/src/bootloader/bootloader_utils.o
 .debug_ranges  0x0000000000000168       0x60 /mnt/disk0/Users/user/Nextcloud/PC-SYNC/Projects/_source_codes/github/stm42/system32/bootloader/__build/src/bootloader/init.o
 .debug_ranges  0x00000000000001c8       0x28 /mnt/disk0/Users/user/Nextcloud/PC-SYNC/Projects/_source_codes/github/stm42/system32/bootloader/__build/src/bootloader/main.o
 .debug_ranges  0x00000000000001f0       0x28 /mnt/disk0/Users/user/Nextcloud/PC-SYNC/Projects/_source_codes/github/stm42/system32/bootloader/__build/src/lib/stm32/common/flash_common_all.o
 .debug_ranges  0x0000000000000218       0x40 /mnt/disk0/Users/user/Nextcloud/PC-SYNC/Projects/_source_codes/github/stm42/system32/bootloader/__build/src/lib/stm32/common/gpio_common_all.o
 .debug_ranges  0x0000000000000258       0x48 /mnt/disk0/Users/user/Nextcloud/PC-SYNC/Projects/_source_codes/github/stm42/system32/bootloader/__build/src/lib/stm32/common/rcc_common_all.o
 .debug_ranges  0x00000000000002a0       0x20 /mnt/disk0/Users/user/Nextcloud/PC-SYNC/Projects/_source_codes/github/stm42/system32/bootloader/__build/src/lib/stm32/common/flash_common_f.o
 .debug_ranges  0x00000000000002c0       0x28 /mnt/disk0/Users/user/Nextcloud/PC-SYNC/Projects/_source_codes/github/stm42/system32/bootloader/__build/src/lib/stm32/desig.o
 .debug_ranges  0x00000000000002e8       0x68 /mnt/disk0/Users/user/Nextcloud/PC-SYNC/Projects/_source_codes/github/stm42/system32/bootloader/__build/src/lib/stm32/f1/flash.o
 .debug_ranges  0x0000000000000350       0x28 /mnt/disk0/Users/user/Nextcloud/PC-SYNC/Projects/_source_codes/github/stm42/system32/bootloader/__build/src/lib/stm32/f1/gpio.o
 .debug_ranges  0x0000000000000378      0x1b8 /mnt/disk0/Users/user/Nextcloud/PC-SYNC/Projects/_source_codes/github/stm42/system32/bootloader/__build/src/lib/stm32/f1/rcc.o
 .debug_ranges  0x0000000000000530       0x38 /mnt/disk0/Users/user/Nextcloud/PC-SYNC/Projects/_source_codes/github/stm42/system32/bootloader/__build/src/lib/stm32/common/flash_common_f01.o
 .debug_ranges  0x0000000000000568      0x108 /mnt/disk0/Users/user/Nextcloud/PC-SYNC/Projects/_source_codes/github/stm42/system32/bootloader/__build/src/lib/stm32/common/st_usbfs_core.o
 .debug_ranges  0x0000000000000670       0x20 /mnt/disk0/Users/user/Nextcloud/PC-SYNC/Projects/_source_codes/github/stm42/system32/bootloader/__build/src/lib/stm32/st_usbfs_v1.o
 .debug_ranges  0x0000000000000690       0x78 /mnt/disk0/Users/user/Nextcloud/PC-SYNC/Projects/_source_codes/github/stm42/system32/bootloader/__build/src/lib/usb/usb.o
 .debug_ranges  0x0000000000000708       0x90 /mnt/disk0/Users/user/Nextcloud/PC-SYNC/Projects/_source_codes/github/stm42/system32/bootloader/__build/src/lib/usb/usb_control.o
 .debug_ranges  0x0000000000000798      0x108 /mnt/disk0/Users/user/Nextcloud/PC-SYNC/Projects/_source_codes/github/stm42/system32/bootloader/__build/src/lib/usb/usb_standard.o

.debug_line     0x0000000000000000     0x5630
 .debug_line    0x0000000000000000      0x684 /mnt/disk0/Users/user/Nextcloud/PC-SYNC/Projects/_source_codes/github/stm42/system32/bootloader/__build/src/bootloader/bootloader_dfuse.o
 .debug_line    0x0000000000000684      0x3fb /mnt/disk0/Users/user/Nextcloud/PC-SYNC/Projects/_source_codes/github/stm42/system32/bootloader/__build/src/bootloader/bootloader_tests.o
 .debug_line    0x0000000000000a7f      0x335 /mnt/disk0/Users/user/Nextcloud/PC-SYNC/Projects/_source_codes/github/stm42/system32/bootloader/__build/src/bootloader/bootloader_usb.o
 .debug_line    0x0000000000000db4      0x1ce /mnt/disk0/Users/user/Nextcloud/PC-SYNC/Projects/_source_codes/github/stm42/system32/bootloader/__build/src/bootloader/bootloader_usb_descriptor.o
 .debug_line    0x0000000000000f82      0x3a6 /mnt/disk0/Users/user/Nextcloud/PC-SYNC/Projects/_source_codes/github/stm42/system32/bootloader/__build/src/bootloader/bootloader_utils.o
 .debug_line    0x0000000000001328      0x2bc /mnt/disk0/Users/user/Nextcloud/PC-SYNC/Projects/_source_codes/github/stm42/system32/bootloader/__build/src/bootloader/init.o
 .debug_line    0x00000000000015e4      0x3a0 /mnt/disk0/Users/user/Nextcloud/PC-SYNC/Projects/_source_codes/github/stm42/system32/bootloader/__build/src/bootloader/main.o
 .debug_line    0x0000000000001984      0x188 /mnt/disk0/Users/user/Nextcloud/PC-SYNC/Projects/_source_codes/github/stm42/system32/bootloader/__build/src/lib/stm32/common/flash_common_all.o
 .debug_line    0x0000000000001b0c      0x204 /mnt/disk0/Users/user/Nextcloud/PC-SYNC/Projects/_source_codes/github/stm42/system32/bootloader/__build/src/lib/stm32/common/gpio_common_all.o
 .debug_line    0x0000000000001d10      0x25d /mnt/disk0/Users/user/Nextcloud/PC-SYNC/Projects/_source_codes/github/stm42/system32/bootloader/__build/src/lib/stm32/common/rcc_common_all.o
 .debug_line    0x0000000000001f6d      0x152 /mnt/disk0/Users/user/Nextcloud/PC-SYNC/Projects/_source_codes/github/stm42/system32/bootloader/__build/src/lib/stm32/common/flash_common_f.o
 .debug_line    0x00000000000020bf      0x2ca /mnt/disk0/Users/user/Nextcloud/PC-SYNC/Projects/_source_codes/github/stm42/system32/bootloader/__build/src/lib/stm32/desig.o
 .debug_line    0x0000000000002389      0x3f9 /mnt/disk0/Users/user/Nextcloud/PC-SYNC/Projects/_source_codes/github/stm42/system32/bootloader/__build/src/lib/stm32/f1/flash.o
 .debug_line    0x0000000000002782      0x1f4 /mnt/disk0/Users/user/Nextcloud/PC-SYNC/Projects/_source_codes/github/stm42/system32/bootloader/__build/src/lib/stm32/f1/gpio.o
 .debug_line    0x0000000000002976      0xb73 /mnt/disk0/Users/user/Nextcloud/PC-SYNC/Projects/_source_codes/github/stm42/system32/bootloader/__build/src/lib/stm32/f1/rcc.o
 .debug_line    0x00000000000034e9      0x26e /mnt/disk0/Users/user/Nextcloud/PC-SYNC/Projects/_source_codes/github/stm42/system32/bootloader/__build/src/lib/stm32/common/flash_common_f01.o
 .debug_line    0x0000000000003757      0x676 /mnt/disk0/Users/user/Nextcloud/PC-SYNC/Projects/_source_codes/github/stm42/system32/bootloader/__build/src/lib/stm32/common/st_usbfs_core.o
 .debug_line    0x0000000000003dcd      0x2cb /mnt/disk0/Users/user/Nextcloud/PC-SYNC/Projects/_source_codes/github/stm42/system32/bootloader/__build/src/lib/stm32/st_usbfs_v1.o
 .debug_line    0x0000000000004098      0x3f0 /mnt/disk0/Users/user/Nextcloud/PC-SYNC/Projects/_source_codes/github/stm42/system32/bootloader/__build/src/lib/usb/usb.o
 .debug_line    0x0000000000004488      0x60c /mnt/disk0/Users/user/Nextcloud/PC-SYNC/Projects/_source_codes/github/stm42/system32/bootloader/__build/src/lib/usb/usb_control.o
 .debug_line    0x0000000000004a94      0xb9c /mnt/disk0/Users/user/Nextcloud/PC-SYNC/Projects/_source_codes/github/stm42/system32/bootloader/__build/src/lib/usb/usb_standard.o

.debug_str      0x0000000000000000     0x2bbf
 .debug_str     0x0000000000000000      0xb58 /mnt/disk0/Users/user/Nextcloud/PC-SYNC/Projects/_source_codes/github/stm42/system32/bootloader/__build/src/bootloader/bootloader_dfuse.o
                                        0xc4a (size before relaxing)
 .debug_str     0x0000000000000b58      0x1cb /mnt/disk0/Users/user/Nextcloud/PC-SYNC/Projects/_source_codes/github/stm42/system32/bootloader/__build/src/bootloader/bootloader_tests.o
                                        0x47a (size before relaxing)
 .debug_str     0x0000000000000d23      0x4d5 /mnt/disk0/Users/user/Nextcloud/PC-SYNC/Projects/_source_codes/github/stm42/system32/bootloader/__build/src/bootloader/bootloader_usb.o
                                        0xc3a (size before relaxing)
 .debug_str     0x00000000000011f8       0x44 /mnt/disk0/Users/user/Nextcloud/PC-SYNC/Projects/_source_codes/github/stm42/system32/bootloader/__build/src/bootloader/bootloader_usb_descriptor.o
                                        0xa2b (size before relaxing)
 .debug_str     0x000000000000123c       0xc2 /mnt/disk0/Users/user/Nextcloud/PC-SYNC/Projects/_source_codes/github/stm42/system32/bootloader/__build/src/bootloader/bootloader_utils.o
                                        0x6f1 (size before relaxing)
 .debug_str     0x00000000000012fe      0x1de /mnt/disk0/Users/user/Nextcloud/PC-SYNC/Projects/_source_codes/github/stm42/system32/bootloader/__build/src/bootloader/init.o
                                        0x3b4 (size before relaxing)
 .debug_str     0x00000000000014dc      0x2e0 /mnt/disk0/Users/user/Nextcloud/PC-SYNC/Projects/_source_codes/github/stm42/system32/bootloader/__build/src/bootloader/main.o
                                        0xb76 (size before relaxing)
 .debug_str     0x00000000000017bc       0x82 /mnt/disk0/Users/user/Nextcloud/PC-SYNC/Projects/_source_codes/github/stm42/system32/bootloader/__build/src/lib/stm32/common/flash_common_all.o
                                        0x24c (size before relaxing)
 .debug_str     0x000000000000183e       0x6b /mnt/disk0/Users/user/Nextcloud/PC-SYNC/Projects/_source_codes/github/stm42/system32/bootloader/__build/src/lib/stm32/common/gpio_common_all.o
                                        0x282 (size before relaxing)
 .debug_str     0x00000000000018a9      0x34c /mnt/disk0/Users/user/Nextcloud/PC-SYNC/Projects/_source_codes/github/stm42/system32/bootloader/__build/src/lib/stm32/common/rcc_common_all.o
                                        0x7b4 (size before relaxing)
 .debug_str     0x0000000000001bf5       0x3b /mnt/disk0/Users/user/Nextcloud/PC-SYNC/Projects/_source_codes/github/stm42/system32/bootloader/__build/src/lib/stm32/common/flash_common_f.o
                                        0x21d (size before relaxing)
 .debug_str     0x0000000000001c30       0x86 /mnt/disk0/Users/user/Nextcloud/PC-SYNC/Projects/_source_codes/github/stm42/system32/bootloader/__build/src/lib/stm32/desig.o
                                        0x2b2 (size before relaxing)
 .debug_str     0x0000000000001cb6      0x148 /mnt/disk0/Users/user/Nextcloud/PC-SYNC/Projects/_source_codes/github/stm42/system32/bootloader/__build/src/lib/stm32/f1/flash.o
                                        0x395 (size before relaxing)
 .debug_str     0x0000000000001dfe       0x7b /mnt/disk0/Users/user/Nextcloud/PC-SYNC/Projects/_source_codes/github/stm42/system32/bootloader/__build/src/lib/stm32/f1/gpio.o
                                        0x294 (size before relaxing)
 .debug_str     0x0000000000001e79      0x3b7 /mnt/disk0/Users/user/Nextcloud/PC-SYNC/Projects/_source_codes/github/stm42/system32/bootloader/__build/src/lib/stm32/f1/rcc.o
                                        0x66f (size before relaxing)
 .debug_str     0x0000000000002230       0x6f /mnt/disk0/Users/user/Nextcloud/PC-SYNC/Projects/_source_codes/github/stm42/system32/bootloader/__build/src/lib/stm32/common/flash_common_f01.o
                                        0x2f2 (size before relaxing)
 .debug_str     0x000000000000229f      0x3f2 /mnt/disk0/Users/user/Nextcloud/PC-SYNC/Projects/_source_codes/github/stm42/system32/bootloader/__build/src/lib/stm32/common/st_usbfs_core.o
                                        0xb60 (size before relaxing)
 .debug_str     0x0000000000002691       0x37 /mnt/disk0/Users/user/Nextcloud/PC-SYNC/Projects/_source_codes/github/stm42/system32/bootloader/__build/src/lib/stm32/st_usbfs_v1.o
                                        0xc44 (size before relaxing)
 .debug_str     0x00000000000026c8      0x128 /mnt/disk0/Users/user/Nextcloud/PC-SYNC/Projects/_source_codes/github/stm42/system32/bootloader/__build/src/lib/usb/usb.o
                                        0xef1 (size before relaxing)
 .debug_str     0x00000000000027f0      0x107 /mnt/disk0/Users/user/Nextcloud/PC-SYNC/Projects/_source_codes/github/stm42/system32/bootloader/__build/src/lib/usb/usb_control.o
                                        0xeb4 (size before relaxing)
 .debug_str     0x00000000000028f7      0x2c8 /mnt/disk0/Users/user/Nextcloud/PC-SYNC/Projects/_source_codes/github/stm42/system32/bootloader/__build/src/lib/usb/usb_standard.o
                                       0x1071 (size before relaxing)

.comment        0x0000000000000000       0x79
 .comment       0x0000000000000000       0x79 /mnt/disk0/Users/user/Nextcloud/PC-SYNC/Projects/_source_codes/github/stm42/system32/bootloader/__build/src/bootloader/bootloader_dfuse.o
                                         0x7a (size before relaxing)
 .comment       0x0000000000000079       0x7a /mnt/disk0/Users/user/Nextcloud/PC-SYNC/Projects/_source_codes/github/stm42/system32/bootloader/__build/src/bootloader/bootloader_tests.o
 .comment       0x0000000000000079       0x7a /mnt/disk0/Users/user/Nextcloud/PC-SYNC/Projects/_source_codes/github/stm42/system32/bootloader/__build/src/bootloader/bootloader_usb.o
 .comment       0x0000000000000079       0x7a /mnt/disk0/Users/user/Nextcloud/PC-SYNC/Projects/_source_codes/github/stm42/system32/bootloader/__build/src/bootloader/bootloader_usb_descriptor.o
 .comment       0x0000000000000079       0x7a /mnt/disk0/Users/user/Nextcloud/PC-SYNC/Projects/_source_codes/github/stm42/system32/bootloader/__build/src/bootloader/bootloader_utils.o
 .comment       0x0000000000000079       0x7a /mnt/disk0/Users/user/Nextcloud/PC-SYNC/Projects/_source_codes/github/stm42/system32/bootloader/__build/src/bootloader/init.o
 .comment       0x0000000000000079       0x7a /mnt/disk0/Users/user/Nextcloud/PC-SYNC/Projects/_source_codes/github/stm42/system32/bootloader/__build/src/bootloader/main.o
 .comment       0x0000000000000079       0x7a /mnt/disk0/Users/user/Nextcloud/PC-SYNC/Projects/_source_codes/github/stm42/system32/bootloader/__build/src/lib/stm32/common/flash_common_all.o
 .comment       0x0000000000000079       0x7a /mnt/disk0/Users/user/Nextcloud/PC-SYNC/Projects/_source_codes/github/stm42/system32/bootloader/__build/src/lib/stm32/common/gpio_common_all.o
 .comment       0x0000000000000079       0x7a /mnt/disk0/Users/user/Nextcloud/PC-SYNC/Projects/_source_codes/github/stm42/system32/bootloader/__build/src/lib/stm32/common/rcc_common_all.o
 .comment       0x0000000000000079       0x7a /mnt/disk0/Users/user/Nextcloud/PC-SYNC/Projects/_source_codes/github/stm42/system32/bootloader/__build/src/lib/stm32/common/flash_common_f.o
 .comment       0x0000000000000079       0x7a /mnt/disk0/Users/user/Nextcloud/PC-SYNC/Projects/_source_codes/github/stm42/system32/bootloader/__build/src/lib/stm32/desig.o
 .comment       0x0000000000000079       0x7a /mnt/disk0/Users/user/Nextcloud/PC-SYNC/Projects/_source_codes/github/stm42/system32/bootloader/__build/src/lib/stm32/f1/flash.o
 .comment       0x0000000000000079       0x7a /mnt/disk0/Users/user/Nextcloud/PC-SYNC/Projects/_source_codes/github/stm42/system32/bootloader/__build/src/lib/stm32/f1/gpio.o
 .comment       0x0000000000000079       0x7a /mnt/disk0/Users/user/Nextcloud/PC-SYNC/Projects/_source_codes/github/stm42/system32/bootloader/__build/src/lib/stm32/f1/rcc.o
 .comment       0x0000000000000079       0x7a /mnt/disk0/Users/user/Nextcloud/PC-SYNC/Projects/_source_codes/github/stm42/system32/bootloader/__build/src/lib/stm32/common/flash_common_f01.o
 .comment       0x0000000000000079       0x7a /mnt/disk0/Users/user/Nextcloud/PC-SYNC/Projects/_source_codes/github/stm42/system32/bootloader/__build/src/lib/stm32/common/st_usbfs_core.o
 .comment       0x0000000000000079       0x7a /mnt/disk0/Users/user/Nextcloud/PC-SYNC/Projects/_source_codes/github/stm42/system32/bootloader/__build/src/lib/stm32/st_usbfs_v1.o
 .comment       0x0000000000000079       0x7a /mnt/disk0/Users/user/Nextcloud/PC-SYNC/Projects/_source_codes/github/stm42/system32/bootloader/__build/src/lib/usb/usb.o
 .comment       0x0000000000000079       0x7a /mnt/disk0/Users/user/Nextcloud/PC-SYNC/Projects/_source_codes/github/stm42/system32/bootloader/__build/src/lib/usb/usb_control.o
 .comment       0x0000000000000079       0x7a /mnt/disk0/Users/user/Nextcloud/PC-SYNC/Projects/_source_codes/github/stm42/system32/bootloader/__build/src/lib/usb/usb_standard.o

.ARM.attributes
                0x0000000000000000       0x2d
 .ARM.attributes
                0x0000000000000000       0x2d /mnt/disk0/Users/user/Nextcloud/PC-SYNC/Projects/_source_codes/github/stm42/system32/bootloader/__build/src/bootloader/bootloader_dfuse.o
 .ARM.attributes
                0x000000000000002d       0x2d /mnt/disk0/Users/user/Nextcloud/PC-SYNC/Projects/_source_codes/github/stm42/system32/bootloader/__build/src/bootloader/bootloader_tests.o
 .ARM.attributes
                0x000000000000005a       0x2d /mnt/disk0/Users/user/Nextcloud/PC-SYNC/Projects/_source_codes/github/stm42/system32/bootloader/__build/src/bootloader/bootloader_usb.o
 .ARM.attributes
                0x0000000000000087       0x33 /mnt/disk0/Users/user/Nextcloud/PC-SYNC/Projects/_source_codes/github/stm42/system32/bootloader/__build/src/bootloader/bootloader_usb_descriptor.o
 .ARM.attributes
                0x00000000000000ba       0x2d /mnt/disk0/Users/user/Nextcloud/PC-SYNC/Projects/_source_codes/github/stm42/system32/bootloader/__build/src/bootloader/bootloader_utils.o
 .ARM.attributes
                0x00000000000000e7       0x2d /mnt/disk0/Users/user/Nextcloud/PC-SYNC/Projects/_source_codes/github/stm42/system32/bootloader/__build/src/bootloader/init.o
 .ARM.attributes
                0x0000000000000114       0x2d /mnt/disk0/Users/user/Nextcloud/PC-SYNC/Projects/_source_codes/github/stm42/system32/bootloader/__build/src/bootloader/main.o
 .ARM.attributes
                0x0000000000000141       0x2d /mnt/disk0/Users/user/Nextcloud/PC-SYNC/Projects/_source_codes/github/stm42/system32/bootloader/__build/src/lib/stm32/common/flash_common_all.o
 .ARM.attributes
                0x000000000000016e       0x2d /mnt/disk0/Users/user/Nextcloud/PC-SYNC/Projects/_source_codes/github/stm42/system32/bootloader/__build/src/lib/stm32/common/gpio_common_all.o
 .ARM.attributes
                0x000000000000019b       0x2d /mnt/disk0/Users/user/Nextcloud/PC-SYNC/Projects/_source_codes/github/stm42/system32/bootloader/__build/src/lib/stm32/common/rcc_common_all.o
 .ARM.attributes
                0x00000000000001c8       0x2d /mnt/disk0/Users/user/Nextcloud/PC-SYNC/Projects/_source_codes/github/stm42/system32/bootloader/__build/src/lib/stm32/common/flash_common_f.o
 .ARM.attributes
                0x00000000000001f5       0x2d /mnt/disk0/Users/user/Nextcloud/PC-SYNC/Projects/_source_codes/github/stm42/system32/bootloader/__build/src/lib/stm32/desig.o
 .ARM.attributes
                0x0000000000000222       0x2d /mnt/disk0/Users/user/Nextcloud/PC-SYNC/Projects/_source_codes/github/stm42/system32/bootloader/__build/src/lib/stm32/f1/flash.o
 .ARM.attributes
                0x000000000000024f       0x2d /mnt/disk0/Users/user/Nextcloud/PC-SYNC/Projects/_source_codes/github/stm42/system32/bootloader/__build/src/lib/stm32/f1/gpio.o
 .ARM.attributes
                0x000000000000027c       0x2d /mnt/disk0/Users/user/Nextcloud/PC-SYNC/Projects/_source_codes/github/stm42/system32/bootloader/__build/src/lib/stm32/f1/rcc.o
 .ARM.attributes
                0x00000000000002a9       0x2d /mnt/disk0/Users/user/Nextcloud/PC-SYNC/Projects/_source_codes/github/stm42/system32/bootloader/__build/src/lib/stm32/common/flash_common_f01.o
 .ARM.attributes
                0x00000000000002d6       0x2d /mnt/disk0/Users/user/Nextcloud/PC-SYNC/Projects/_source_codes/github/stm42/system32/bootloader/__build/src/lib/stm32/common/st_usbfs_core.o
 .ARM.attributes
                0x0000000000000303       0x2d /mnt/disk0/Users/user/Nextcloud/PC-SYNC/Projects/_source_codes/github/stm42/system32/bootloader/__build/src/lib/stm32/st_usbfs_v1.o
 .ARM.attributes
                0x0000000000000330       0x2d /mnt/disk0/Users/user/Nextcloud/PC-SYNC/Projects/_source_codes/github/stm42/system32/bootloader/__build/src/lib/usb/usb.o
 .ARM.attributes
                0x000000000000035d       0x2d /mnt/disk0/Users/user/Nextcloud/PC-SYNC/Projects/_source_codes/github/stm42/system32/bootloader/__build/src/lib/usb/usb_control.o
 .ARM.attributes
                0x000000000000038a       0x2d /mnt/disk0/Users/user/Nextcloud/PC-SYNC/Projects/_source_codes/github/stm42/system32/bootloader/__build/src/lib/usb/usb_standard.o

.debug_frame    0x0000000000000000     0x100c
 .debug_frame   0x0000000000000000       0x68 /mnt/disk0/Users/user/Nextcloud/PC-SYNC/Projects/_source_codes/github/stm42/system32/bootloader/__build/src/bootloader/bootloader_dfuse.o
 .debug_frame   0x0000000000000068       0xb0 /mnt/disk0/Users/user/Nextcloud/PC-SYNC/Projects/_source_codes/github/stm42/system32/bootloader/__build/src/bootloader/bootloader_tests.o
 .debug_frame   0x0000000000000118       0x38 /mnt/disk0/Users/user/Nextcloud/PC-SYNC/Projects/_source_codes/github/stm42/system32/bootloader/__build/src/bootloader/bootloader_usb.o
 .debug_frame   0x0000000000000150       0xa4 /mnt/disk0/Users/user/Nextcloud/PC-SYNC/Projects/_source_codes/github/stm42/system32/bootloader/__build/src/bootloader/bootloader_utils.o
 .debug_frame   0x00000000000001f4       0xc0 /mnt/disk0/Users/user/Nextcloud/PC-SYNC/Projects/_source_codes/github/stm42/system32/bootloader/__build/src/bootloader/init.o
 .debug_frame   0x00000000000002b4       0x30 /mnt/disk0/Users/user/Nextcloud/PC-SYNC/Projects/_source_codes/github/stm42/system32/bootloader/__build/src/bootloader/main.o
 .debug_frame   0x00000000000002e4       0x50 /mnt/disk0/Users/user/Nextcloud/PC-SYNC/Projects/_source_codes/github/stm42/system32/bootloader/__build/src/lib/stm32/common/flash_common_all.o
 .debug_frame   0x0000000000000334       0x80 /mnt/disk0/Users/user/Nextcloud/PC-SYNC/Projects/_source_codes/github/stm42/system32/bootloader/__build/src/lib/stm32/common/gpio_common_all.o
 .debug_frame   0x00000000000003b4       0xd0 /mnt/disk0/Users/user/Nextcloud/PC-SYNC/Projects/_source_codes/github/stm42/system32/bootloader/__build/src/lib/stm32/common/rcc_common_all.o
 .debug_frame   0x0000000000000484       0x40 /mnt/disk0/Users/user/Nextcloud/PC-SYNC/Projects/_source_codes/github/stm42/system32/bootloader/__build/src/lib/stm32/common/flash_common_f.o
 .debug_frame   0x00000000000004c4       0x7c /mnt/disk0/Users/user/Nextcloud/PC-SYNC/Projects/_source_codes/github/stm42/system32/bootloader/__build/src/lib/stm32/desig.o
 .debug_frame   0x0000000000000540       0xfc /mnt/disk0/Users/user/Nextcloud/PC-SYNC/Projects/_source_codes/github/stm42/system32/bootloader/__build/src/lib/stm32/f1/flash.o
 .debug_frame   0x000000000000063c       0x60 /mnt/disk0/Users/user/Nextcloud/PC-SYNC/Projects/_source_codes/github/stm42/system32/bootloader/__build/src/lib/stm32/f1/gpio.o
 .debug_frame   0x000000000000069c      0x2e0 /mnt/disk0/Users/user/Nextcloud/PC-SYNC/Projects/_source_codes/github/stm42/system32/bootloader/__build/src/lib/stm32/f1/rcc.o
 .debug_frame   0x000000000000097c       0xa0 /mnt/disk0/Users/user/Nextcloud/PC-SYNC/Projects/_source_codes/github/stm42/system32/bootloader/__build/src/lib/stm32/common/flash_common_f01.o
 .debug_frame   0x0000000000000a1c      0x118 /mnt/disk0/Users/user/Nextcloud/PC-SYNC/Projects/_source_codes/github/stm42/system32/bootloader/__build/src/lib/stm32/common/st_usbfs_core.o
 .debug_frame   0x0000000000000b34       0x54 /mnt/disk0/Users/user/Nextcloud/PC-SYNC/Projects/_source_codes/github/stm42/system32/bootloader/__build/src/lib/stm32/st_usbfs_v1.o
 .debug_frame   0x0000000000000b88      0x13c /mnt/disk0/Users/user/Nextcloud/PC-SYNC/Projects/_source_codes/github/stm42/system32/bootloader/__build/src/lib/usb/usb.o
 .debug_frame   0x0000000000000cc4      0x164 /mnt/disk0/Users/user/Nextcloud/PC-SYNC/Projects/_source_codes/github/stm42/system32/bootloader/__build/src/lib/usb/usb_control.o
 .debug_frame   0x0000000000000e28      0x1e4 /mnt/disk0/Users/user/Nextcloud/PC-SYNC/Projects/_source_codes/github/stm42/system32/bootloader/__build/src/lib/usb/usb_standard.o

Cross Reference Table

Symbol                                            File
AES_CBC_decrypt_buffer                            /mnt/disk0/Users/user/Nextcloud/PC-SYNC/Projects/_source_codes/github/stm42/system32/bootloader/__build/src/bootloader/AES/aes.o
                                                  /mnt/disk0/Users/user/Nextcloud/PC-SYNC/Projects/_source_codes/github/stm42/system32/bootloader/__build/src/bootloader/AES/test.o
AES_CBC_encrypt_buffer                            /mnt/disk0/Users/user/Nextcloud/PC-SYNC/Projects/_source_codes/github/stm42/system32/bootloader/__build/src/bootloader/AES/aes.o
                                                  /mnt/disk0/Users/user/Nextcloud/PC-SYNC/Projects/_source_codes/github/stm42/system32/bootloader/__build/src/bootloader/AES/test.o
AES_CTR_xcrypt_buffer                             /mnt/disk0/Users/user/Nextcloud/PC-SYNC/Projects/_source_codes/github/stm42/system32/bootloader/__build/src/bootloader/AES/aes.o
                                                  /mnt/disk0/Users/user/Nextcloud/PC-SYNC/Projects/_source_codes/github/stm42/system32/bootloader/__build/src/bootloader/AES/test.o
AES_ECB_decrypt                                   /mnt/disk0/Users/user/Nextcloud/PC-SYNC/Projects/_source_codes/github/stm42/system32/bootloader/__build/src/bootloader/AES/aes.o
                                                  /mnt/disk0/Users/user/Nextcloud/PC-SYNC/Projects/_source_codes/github/stm42/system32/bootloader/__build/src/bootloader/AES/test.o
AES_ECB_encrypt                                   /mnt/disk0/Users/user/Nextcloud/PC-SYNC/Projects/_source_codes/github/stm42/system32/bootloader/__build/src/bootloader/AES/aes.o
                                                  /mnt/disk0/Users/user/Nextcloud/PC-SYNC/Projects/_source_codes/github/stm42/system32/bootloader/__build/src/bootloader/AES/test.o
AES_ctx_set_iv                                    /mnt/disk0/Users/user/Nextcloud/PC-SYNC/Projects/_source_codes/github/stm42/system32/bootloader/__build/src/bootloader/AES/aes.o
AES_init_ctx                                      /mnt/disk0/Users/user/Nextcloud/PC-SYNC/Projects/_source_codes/github/stm42/system32/bootloader/__build/src/bootloader/AES/aes.o
                                                  /mnt/disk0/Users/user/Nextcloud/PC-SYNC/Projects/_source_codes/github/stm42/system32/bootloader/__build/src/bootloader/AES/test.o
AES_init_ctx_iv                                   /mnt/disk0/Users/user/Nextcloud/PC-SYNC/Projects/_source_codes/github/stm42/system32/bootloader/__build/src/bootloader/AES/aes.o
                                                  /mnt/disk0/Users/user/Nextcloud/PC-SYNC/Projects/_source_codes/github/stm42/system32/bootloader/__build/src/bootloader/AES/test.o
HardFault_HandlerC                                /mnt/disk0/Users/user/Nextcloud/PC-SYNC/Projects/_source_codes/github/stm42/system32/bootloader/__build/src/bootloader/init.o
_Balloc                                           /usr/share/gcc-arm-none-eabi-9-2019-q4-major/bin/../lib/gcc/arm-none-eabi/9.2.1/../../../../arm-none-eabi/lib/libc.a(lib_a-mprec.o)
                                                  /usr/share/gcc-arm-none-eabi-9-2019-q4-major/bin/../lib/gcc/arm-none-eabi/9.2.1/../../../../arm-none-eabi/lib/libc.a(lib_a-dtoa.o)
_Bfree                                            /usr/share/gcc-arm-none-eabi-9-2019-q4-major/bin/../lib/gcc/arm-none-eabi/9.2.1/../../../../arm-none-eabi/lib/libc.a(lib_a-mprec.o)
                                                  /usr/share/gcc-arm-none-eabi-9-2019-q4-major/bin/../lib/gcc/arm-none-eabi/9.2.1/../../../../arm-none-eabi/lib/libc.a(lib_a-dtoa.o)
_PathLocale                                       /usr/share/gcc-arm-none-eabi-9-2019-q4-major/bin/../lib/gcc/arm-none-eabi/9.2.1/../../../../arm-none-eabi/lib/libc.a(lib_a-locale.o)
__adddf3                                          /usr/share/gcc-arm-none-eabi-9-2019-q4-major/bin/../lib/gcc/arm-none-eabi/9.2.1/libgcc.a(_arm_addsubdf3.o)
__aeabi_cdcmpeq                                   /usr/share/gcc-arm-none-eabi-9-2019-q4-major/bin/../lib/gcc/arm-none-eabi/9.2.1/libgcc.a(_arm_cmpdf2.o)
__aeabi_cdcmple                                   /usr/share/gcc-arm-none-eabi-9-2019-q4-major/bin/../lib/gcc/arm-none-eabi/9.2.1/libgcc.a(_arm_cmpdf2.o)
__aeabi_cdrcmple                                  /usr/share/gcc-arm-none-eabi-9-2019-q4-major/bin/../lib/gcc/arm-none-eabi/9.2.1/libgcc.a(_arm_cmpdf2.o)
__aeabi_d2iz                                      /usr/share/gcc-arm-none-eabi-9-2019-q4-major/bin/../lib/gcc/arm-none-eabi/9.2.1/libgcc.a(_arm_fixdfsi.o)
                                                  /usr/share/gcc-arm-none-eabi-9-2019-q4-major/bin/../lib/gcc/arm-none-eabi/9.2.1/../../../../arm-none-eabi/lib/libc.a(lib_a-dtoa.o)
                                                  /usr/share/gcc-arm-none-eabi-9-2019-q4-major/bin/../lib/gcc/arm-none-eabi/9.2.1/../../../../arm-none-eabi/lib/libc.a(lib_a-vfprintf.o)
__aeabi_dadd                                      /usr/share/gcc-arm-none-eabi-9-2019-q4-major/bin/../lib/gcc/arm-none-eabi/9.2.1/libgcc.a(_arm_addsubdf3.o)
                                                  /usr/share/gcc-arm-none-eabi-9-2019-q4-major/bin/../lib/gcc/arm-none-eabi/9.2.1/../../../../arm-none-eabi/lib/libc.a(lib_a-dtoa.o)
__aeabi_dcmpeq                                    /usr/share/gcc-arm-none-eabi-9-2019-q4-major/bin/../lib/gcc/arm-none-eabi/9.2.1/libgcc.a(_arm_cmpdf2.o)
                                                  /usr/share/gcc-arm-none-eabi-9-2019-q4-major/bin/../lib/gcc/arm-none-eabi/9.2.1/../../../../arm-none-eabi/lib/libc.a(lib_a-dtoa.o)
                                                  /usr/share/gcc-arm-none-eabi-9-2019-q4-major/bin/../lib/gcc/arm-none-eabi/9.2.1/../../../../arm-none-eabi/lib/libc.a(lib_a-vfprintf.o)
__aeabi_dcmpge                                    /usr/share/gcc-arm-none-eabi-9-2019-q4-major/bin/../lib/gcc/arm-none-eabi/9.2.1/libgcc.a(_arm_cmpdf2.o)
__aeabi_dcmpgt                                    /usr/share/gcc-arm-none-eabi-9-2019-q4-major/bin/../lib/gcc/arm-none-eabi/9.2.1/libgcc.a(_arm_cmpdf2.o)
                                                  /usr/share/gcc-arm-none-eabi-9-2019-q4-major/bin/../lib/gcc/arm-none-eabi/9.2.1/../../../../arm-none-eabi/lib/libc.a(lib_a-dtoa.o)
                                                  /usr/share/gcc-arm-none-eabi-9-2019-q4-major/bin/../lib/gcc/arm-none-eabi/9.2.1/../../../../arm-none-eabi/lib/libc.a(lib_a-vfprintf.o)
__aeabi_dcmple                                    /usr/share/gcc-arm-none-eabi-9-2019-q4-major/bin/../lib/gcc/arm-none-eabi/9.2.1/libgcc.a(_arm_cmpdf2.o)
                                                  /usr/share/gcc-arm-none-eabi-9-2019-q4-major/bin/../lib/gcc/arm-none-eabi/9.2.1/../../../../arm-none-eabi/lib/libc.a(lib_a-dtoa.o)
                                                  /usr/share/gcc-arm-none-eabi-9-2019-q4-major/bin/../lib/gcc/arm-none-eabi/9.2.1/../../../../arm-none-eabi/lib/libc.a(lib_a-vfprintf.o)
__aeabi_dcmplt                                    /usr/share/gcc-arm-none-eabi-9-2019-q4-major/bin/../lib/gcc/arm-none-eabi/9.2.1/libgcc.a(_arm_cmpdf2.o)
                                                  /usr/share/gcc-arm-none-eabi-9-2019-q4-major/bin/../lib/gcc/arm-none-eabi/9.2.1/../../../../arm-none-eabi/lib/libc.a(lib_a-dtoa.o)
                                                  /usr/share/gcc-arm-none-eabi-9-2019-q4-major/bin/../lib/gcc/arm-none-eabi/9.2.1/../../../../arm-none-eabi/lib/libc.a(lib_a-vfprintf.o)
__aeabi_dcmpun                                    /usr/share/gcc-arm-none-eabi-9-2019-q4-major/bin/../lib/gcc/arm-none-eabi/9.2.1/libgcc.a(_arm_unorddf2.o)
                                                  /usr/share/gcc-arm-none-eabi-9-2019-q4-major/bin/../lib/gcc/arm-none-eabi/9.2.1/../../../../arm-none-eabi/lib/libc.a(lib_a-vfprintf.o)
__aeabi_ddiv                                      /usr/share/gcc-arm-none-eabi-9-2019-q4-major/bin/../lib/gcc/arm-none-eabi/9.2.1/libgcc.a(_arm_muldivdf3.o)
                                                  /usr/share/gcc-arm-none-eabi-9-2019-q4-major/bin/../lib/gcc/arm-none-eabi/9.2.1/../../../../arm-none-eabi/lib/libc.a(lib_a-mprec.o)
                                                  /usr/share/gcc-arm-none-eabi-9-2019-q4-major/bin/../lib/gcc/arm-none-eabi/9.2.1/../../../../arm-none-eabi/lib/libc.a(lib_a-dtoa.o)
__aeabi_dmul                                      /usr/share/gcc-arm-none-eabi-9-2019-q4-major/bin/../lib/gcc/arm-none-eabi/9.2.1/libgcc.a(_arm_muldivdf3.o)
                                                  /usr/share/gcc-arm-none-eabi-9-2019-q4-major/bin/../lib/gcc/arm-none-eabi/9.2.1/libgcc.a(_arm_muldf3.o)
                                                  /usr/share/gcc-arm-none-eabi-9-2019-q4-major/bin/../lib/gcc/arm-none-eabi/9.2.1/../../../../arm-none-eabi/lib/libc.a(lib_a-s_frexp.o)
                                                  /usr/share/gcc-arm-none-eabi-9-2019-q4-major/bin/../lib/gcc/arm-none-eabi/9.2.1/../../../../arm-none-eabi/lib/libc.a(lib_a-mprec.o)
                                                  /usr/share/gcc-arm-none-eabi-9-2019-q4-major/bin/../lib/gcc/arm-none-eabi/9.2.1/../../../../arm-none-eabi/lib/libc.a(lib_a-dtoa.o)
                                                  /usr/share/gcc-arm-none-eabi-9-2019-q4-major/bin/../lib/gcc/arm-none-eabi/9.2.1/../../../../arm-none-eabi/lib/libc.a(lib_a-vfprintf.o)
__aeabi_drsub                                     /usr/share/gcc-arm-none-eabi-9-2019-q4-major/bin/../lib/gcc/arm-none-eabi/9.2.1/libgcc.a(_arm_addsubdf3.o)
__aeabi_dsub                                      /usr/share/gcc-arm-none-eabi-9-2019-q4-major/bin/../lib/gcc/arm-none-eabi/9.2.1/libgcc.a(_arm_addsubdf3.o)
                                                  /usr/share/gcc-arm-none-eabi-9-2019-q4-major/bin/../lib/gcc/arm-none-eabi/9.2.1/../../../../arm-none-eabi/lib/libc.a(lib_a-dtoa.o)
                                                  /usr/share/gcc-arm-none-eabi-9-2019-q4-major/bin/../lib/gcc/arm-none-eabi/9.2.1/../../../../arm-none-eabi/lib/libc.a(lib_a-vfprintf.o)
__aeabi_f2d                                       /usr/share/gcc-arm-none-eabi-9-2019-q4-major/bin/../lib/gcc/arm-none-eabi/9.2.1/libgcc.a(_arm_addsubdf3.o)
__aeabi_i2d                                       /usr/share/gcc-arm-none-eabi-9-2019-q4-major/bin/../lib/gcc/arm-none-eabi/9.2.1/libgcc.a(_arm_addsubdf3.o)
                                                  /usr/share/gcc-arm-none-eabi-9-2019-q4-major/bin/../lib/gcc/arm-none-eabi/9.2.1/../../../../arm-none-eabi/lib/libc.a(lib_a-dtoa.o)
                                                  /usr/share/gcc-arm-none-eabi-9-2019-q4-major/bin/../lib/gcc/arm-none-eabi/9.2.1/../../../../arm-none-eabi/lib/libc.a(lib_a-vfprintf.o)
__aeabi_idiv                                      /usr/share/gcc-arm-none-eabi-9-2019-q4-major/bin/../lib/gcc/arm-none-eabi/9.2.1/libgcc.a(_divsi3.o)
                                                  /usr/share/gcc-arm-none-eabi-9-2019-q4-major/bin/../lib/gcc/arm-none-eabi/9.2.1/../../../../arm-none-eabi/lib/libc.a(lib_a-fvwrite.o)
__aeabi_idiv0                                     /usr/share/gcc-arm-none-eabi-9-2019-q4-major/bin/../lib/gcc/arm-none-eabi/9.2.1/libgcc.a(_dvmd_tls.o)
                                                  /usr/share/gcc-arm-none-eabi-9-2019-q4-major/bin/../lib/gcc/arm-none-eabi/9.2.1/libgcc.a(_divsi3.o)
                                                  /usr/share/gcc-arm-none-eabi-9-2019-q4-major/bin/../lib/gcc/arm-none-eabi/9.2.1/libgcc.a(_udivsi3.o)
__aeabi_idivmod                                   /usr/share/gcc-arm-none-eabi-9-2019-q4-major/bin/../lib/gcc/arm-none-eabi/9.2.1/libgcc.a(_divsi3.o)
__aeabi_l2d                                       /usr/share/gcc-arm-none-eabi-9-2019-q4-major/bin/../lib/gcc/arm-none-eabi/9.2.1/libgcc.a(_arm_addsubdf3.o)
__aeabi_ldiv0                                     /usr/share/gcc-arm-none-eabi-9-2019-q4-major/bin/../lib/gcc/arm-none-eabi/9.2.1/libgcc.a(_dvmd_tls.o)
                                                  /usr/share/gcc-arm-none-eabi-9-2019-q4-major/bin/../lib/gcc/arm-none-eabi/9.2.1/libgcc.a(_aeabi_uldivmod.o)
__aeabi_ui2d                                      /usr/share/gcc-arm-none-eabi-9-2019-q4-major/bin/../lib/gcc/arm-none-eabi/9.2.1/libgcc.a(_arm_addsubdf3.o)
                                                  /usr/share/gcc-arm-none-eabi-9-2019-q4-major/bin/../lib/gcc/arm-none-eabi/9.2.1/../../../../arm-none-eabi/lib/libc.a(lib_a-dtoa.o)
__aeabi_uidiv                                     /usr/share/gcc-arm-none-eabi-9-2019-q4-major/bin/../lib/gcc/arm-none-eabi/9.2.1/libgcc.a(_udivsi3.o)
                                                  /usr/share/gcc-arm-none-eabi-9-2019-q4-major/bin/../lib/gcc/arm-none-eabi/9.2.1/../../../../arm-none-eabi/lib/libc.a(lib_a-dtoa.o)
__aeabi_uidivmod                                  /usr/share/gcc-arm-none-eabi-9-2019-q4-major/bin/../lib/gcc/arm-none-eabi/9.2.1/libgcc.a(_udivsi3.o)
__aeabi_ul2d                                      /usr/share/gcc-arm-none-eabi-9-2019-q4-major/bin/../lib/gcc/arm-none-eabi/9.2.1/libgcc.a(_arm_addsubdf3.o)
__aeabi_uldivmod                                  /usr/share/gcc-arm-none-eabi-9-2019-q4-major/bin/../lib/gcc/arm-none-eabi/9.2.1/libgcc.a(_aeabi_uldivmod.o)
                                                  /usr/share/gcc-arm-none-eabi-9-2019-q4-major/bin/../lib/gcc/arm-none-eabi/9.2.1/../../../../arm-none-eabi/lib/libc.a(lib_a-vfiprintf.o)
                                                  /usr/share/gcc-arm-none-eabi-9-2019-q4-major/bin/../lib/gcc/arm-none-eabi/9.2.1/../../../../arm-none-eabi/lib/libc.a(lib_a-vfprintf.o)
__any_on                                          /usr/share/gcc-arm-none-eabi-9-2019-q4-major/bin/../lib/gcc/arm-none-eabi/9.2.1/../../../../arm-none-eabi/lib/libc.a(lib_a-mprec.o)