Archive member included to satisfy reference by file (symbol)

/usr/share/gcc-arm-none-eabi-9-2019-q4-major/bin/../lib/gcc/arm-none-eabi/9.2.1/../../../../arm-none-eabi/lib/libc.a(lib_a-memcmp.o)
                              /mnt/disk0/Users/user/Nextcloud/PC-SYNC/Projects/_source_codes/github/stm42/system32/bootloader/__build/src/bootloader/AES/test.o (memcmp)
/usr/share/gcc-arm-none-eabi-9-2019-q4-major/bin/../lib/gcc/arm-none-eabi/9.2.1/../../../../arm-none-eabi/lib/libc.a(lib_a-printf.o)
                              /mnt/disk0/Users/user/Nextcloud/PC-SYNC/Projects/_source_codes/github/stm42/system32/bootloader/__build/src/bootloader/AES/test.o (printf)
/usr/share/gcc-arm-none-eabi-9-2019-q4-major/bin/../lib/gcc/arm-none-eabi/9.2.1/../../../../arm-none-eabi/lib/libc.a(lib_a-putchar.o)
                              /mnt/disk0/Users/user/Nextcloud/PC-SYNC/Projects/_source_codes/github/stm42/system32/bootloader/__build/src/bootloader/AES/test.o (putchar)
/usr/share/gcc-arm-none-eabi-9-2019-q4-major/bin/../lib/gcc/arm-none-eabi/9.2.1/../../../../arm-none-eabi/lib/libc.a(lib_a-puts.o)
                              /mnt/disk0/Users/user/Nextcloud/PC-SYNC/Projects/_source_codes/github/stm42/system32/bootloader/__build/src/bootloader/AES/test.o (puts)
/usr/share/gcc-arm-none-eabi-9-2019-q4-major/bin/../lib/gcc/arm-none-eabi/9.2.1/../../../../arm-none-eabi/lib/libc.a(lib_a-vfprintf.o)
                              /usr/share/gcc-arm-none-eabi-9-2019-q4-major/bin/../lib/gcc/arm-none-eabi/9.2.1/../../../../arm-none-eabi/lib/libc.a(lib_a-printf.o) (_vfprintf_r)
/usr/share/gcc-arm-none-eabi-9-2019-q4-major/bin/../lib/gcc/arm-none-eabi/9.2.1/../../../../arm-none-eabi/lib/libc.a(lib_a-wsetup.o)
                              /usr/share/gcc-arm-none-eabi-9-2019-q4-major/bin/../lib/gcc/arm-none-eabi/9.2.1/../../../../arm-none-eabi/lib/libc.a(lib_a-vfprintf.o) (__swsetup_r)
/usr/share/gcc-arm-none-eabi-9-2019-q4-major/bin/../lib/gcc/arm-none-eabi/9.2.1/../../../../arm-none-eabi/lib/libc.a(lib_a-dtoa.o)
                              /usr/share/gcc-arm-none-eabi-9-2019-q4-major/bin/../lib/gcc/arm-none-eabi/9.2.1/../../../../arm-none-eabi/lib/libc.a(lib_a-vfprintf.o) (_dtoa_r)
/usr/share/gcc-arm-none-eabi-9-2019-q4-major/bin/../lib/gcc/arm-none-eabi/9.2.1/../../../../arm-none-eabi/lib/libc.a(lib_a-fflush.o)
                              /usr/share/gcc-arm-none-eabi-9-2019-q4-major/bin/../lib/gcc/arm-none-eabi/9.2.1/../../../../arm-none-eabi/lib/libc.a(lib_a-vfprintf.o) (_fflush_r)
/usr/share/gcc-arm-none-eabi-9-2019-q4-major/bin/../lib/gcc/arm-none-eabi/9.2.1/../../../../arm-none-eabi/lib/libc.a(lib_a-findfp.o)
                              /usr/share/gcc-arm-none-eabi-9-2019-q4-major/bin/../lib/gcc/arm-none-eabi/9.2.1/../../../../arm-none-eabi/lib/libc.a(lib_a-puts.o) (__sinit)
/usr/share/gcc-arm-none-eabi-9-2019-q4-major/bin/../lib/gcc/arm-none-eabi/9.2.1/../../../../arm-none-eabi/lib/libc.a(lib_a-freer.o)
                              /usr/share/gcc-arm-none-eabi-9-2019-q4-major/bin/../lib/gcc/arm-none-eabi/9.2.1/../../../../arm-none-eabi/lib/libc.a(lib_a-vfprintf.o) (_free_r)
/usr/share/gcc-arm-none-eabi-9-2019-q4-major/bin/../lib/gcc/arm-none-eabi/9.2.1/../../../../arm-none-eabi/lib/libc.a(lib_a-fvwrite.o)
                              /usr/share/gcc-arm-none-eabi-9-2019-q4-major/bin/../lib/gcc/arm-none-eabi/9.2.1/../../../../arm-none-eabi/lib/libc.a(lib_a-puts.o) (__sfvwrite_r)
/usr/share/gcc-arm-none-eabi-9-2019-q4-major/bin/../lib/gcc/arm-none-eabi/9.2.1/../../../../arm-none-eabi/lib/libc.a(lib_a-fwalk.o)
                              /usr/share/gcc-arm-none-eabi-9-2019-q4-major/bin/../lib/gcc/arm-none-eabi/9.2.1/../../../../arm-none-eabi/lib/libc.a(lib_a-findfp.o) (_fwalk)
/usr/share/gcc-arm-none-eabi-9-2019-q4-major/bin/../lib/gcc/arm-none-eabi/9.2.1/../../../../arm-none-eabi/lib/libc.a(lib_a-impure.o)
                              /usr/share/gcc-arm-none-eabi-9-2019-q4-major/bin/../lib/gcc/arm-none-eabi/9.2.1/../../../../arm-none-eabi/lib/libc.a(lib_a-fflush.o) (_global_impure_ptr)
/usr/share/gcc-arm-none-eabi-9-2019-q4-major/bin/../lib/gcc/arm-none-eabi/9.2.1/../../../../arm-none-eabi/lib/libc.a(lib_a-localeconv.o)
                              /usr/share/gcc-arm-none-eabi-9-2019-q4-major/bin/../lib/gcc/arm-none-eabi/9.2.1/../../../../arm-none-eabi/lib/libc.a(lib_a-vfprintf.o) (_localeconv_r)
/usr/share/gcc-arm-none-eabi-9-2019-q4-major/bin/../lib/gcc/arm-none-eabi/9.2.1/../../../../arm-none-eabi/lib/libc.a(lib_a-lock.o)
                              /usr/share/gcc-arm-none-eabi-9-2019-q4-major/bin/../lib/gcc/arm-none-eabi/9.2.1/../../../../arm-none-eabi/lib/libc.a(lib_a-vfprintf.o) (__retarget_lock_init_recursive)
/usr/share/gcc-arm-none-eabi-9-2019-q4-major/bin/../lib/gcc/arm-none-eabi/9.2.1/../../../../arm-none-eabi/lib/libc.a(lib_a-makebuf.o)
[...]
Memory Configuration

Name             Origin             Length             Attributes
rom              0x0000000008000000 0x0000000000004000 xr
ram              0x0000000020000000 0x0000000000020000 xrw
ccm              0x0000000010000000 0x0000000000010000 xrw
*default*        0x0000000000000000 0xffffffffffffffff

Linker script and memory map

LOAD /usr/share/gcc-arm-none-eabi-9-2019-q4-major/bin/../lib/gcc/arm-none-eabi/9.2.1/../../../../arm-none-eabi/lib/libc.a
LOAD /usr/share/gcc-arm-none-eabi-9-2019-q4-major/bin/../lib/gcc/arm-none-eabi/9.2.1/libgcc.a
LOAD /mnt/disk0/Users/user/Nextcloud/PC-SYNC/Projects/_source_codes/github/stm42/system32/bootloader/__build/src/bootloader/AES/aes.o
LOAD /mnt/disk0/Users/user/Nextcloud/PC-SYNC/Projects/_source_codes/github/stm42/system32/bootloader/__build/src/bootloader/AES/test.o
LOAD /mnt/disk0/Users/user/Nextcloud/PC-SYNC/Projects/_source_codes/github/stm42/system32/bootloader/__build/src/bootloader/bootloader_dfuse.o
LOAD /mnt/disk0/Users/user/Nextcloud/PC-SYNC/Projects/_source_codes/github/stm42/system32/bootloader/__build/src/bootloader/bootloader_tests.o
LOAD /mnt/disk0/Users/user/Nextcloud/PC-SYNC/Projects/_source_codes/github/stm42/system32/bootloader/__build/src/bootloader/bootloader_usb.o
LOAD /mnt/disk0/Users/user/Nextcloud/PC-SYNC/Projects/_source_codes/github/stm42/system32/bootloader/__build/src/bootloader/bootloader_usb_descriptor.o
LOAD /mnt/disk0/Users/user/Nextcloud/PC-SYNC/Projects/_source_codes/github/stm42/system32/bootloader/__build/src/bootloader/bootloader_utils.o
LOAD /mnt/disk0/Users/user/Nextcloud/PC-SYNC/Projects/_source_codes/github/stm42/system32/bootloader/__build/src/bootloader/init.o
LOAD /mnt/disk0/Users/user/Nextcloud/PC-SYNC/Projects/_source_codes/github/stm42/system32/bootloader/__build/src/bootloader/main.o
LOAD /mnt/disk0/Users/user/Nextcloud/PC-SYNC/Projects/_source_codes/github/stm42/system32/bootloader/__build/src/lib/stm32/common/flash_common_all.o
LOAD /mnt/disk0/Users/user/Nextcloud/PC-SYNC/Projects/_source_codes/github/stm42/system32/bootloader/__build/src/lib/stm32/common/gpio_common_all.o
LOAD /mnt/disk0/Users/user/Nextcloud/PC-SYNC/Projects/_source_codes/github/stm42/system32/bootloader/__build/src/lib/stm32/common/rcc_common_all.o
LOAD /mnt/disk0/Users/user/Nextcloud/PC-SYNC/Projects/_source_codes/github/stm42/system32/bootloader/__build/src/lib/stm32/common/flash_common_f.o
LOAD /mnt/disk0/Users/user/Nextcloud/PC-SYNC/Projects/_source_codes/github/stm42/system32/bootloader/__build/src/lib/stm32/desig.o
LOAD /mnt/disk0/Users/user/Nextcloud/PC-SYNC/Projects/_source_codes/github/stm42/system32/bootloader/__build/src/lib/stm32/f4/flash.o
LOAD /mnt/disk0/Users/user/Nextcloud/PC-SYNC/Projects/_source_codes/github/stm42/system32/bootloader/__build/src/lib/stm32/f4/pwr.o
LOAD /mnt/disk0/Users/user/Nextcloud/PC-SYNC/Projects/_source_codes/github/stm42/system32/bootloader/__build/src/lib/stm32/f4/rcc.o
LOAD /mnt/disk0/Users/user/Nextcloud/PC-SYNC/Projects/_source_codes/github/stm42/system32/bootloader/__build/src/lib/stm32/common/flash_common_f24.o
LOAD /mnt/disk0/Users/user/Nextcloud/PC-SYNC/Projects/_source_codes/github/stm42/system32/bootloader/__build/src/lib/stm32/common/fmc_common_f47.o
LOAD /mnt/disk0/Users/user/Nextcloud/PC-SYNC/Projects/_source_codes/github/stm42/system32/bootloader/__build/src/lib/stm32/common/gpio_common_f0234.o
LOAD /mnt/disk0/Users/user/Nextcloud/PC-SYNC/Projects/_source_codes/github/stm42/system32/bootloader/__build/src/lib/stm32/common/flash_common_idcache.o
LOAD /mnt/disk0/Users/user/Nextcloud/PC-SYNC/Projects/_source_codes/github/stm42/system32/bootloader/__build/src/lib/usb/usb.o
LOAD /mnt/disk0/Users/user/Nextcloud/PC-SYNC/Projects/_source_codes/github/stm42/system32/bootloader/__build/src/lib/usb/usb_control.o
LOAD /mnt/disk0/Users/user/Nextcloud/PC-SYNC/Projects/_source_codes/github/stm42/system32/bootloader/__build/src/lib/usb/usb_dwc_common.o
LOAD /mnt/disk0/Users/user/Nextcloud/PC-SYNC/Projects/_source_codes/github/stm42/system32/bootloader/__build/src/lib/usb/usb_f107.o
LOAD /mnt/disk0/Users/user/Nextcloud/PC-SYNC/Projects/_source_codes/github/stm42/system32/bootloader/__build/src/lib/usb/usb_standard.o
START GROUP
LOAD /usr/share/gcc-arm-none-eabi-9-2019-q4-major/bin/../lib/gcc/arm-none-eabi/9.2.1/libgcc.a
LOAD /usr/share/gcc-arm-none-eabi-9-2019-q4-major/bin/../lib/gcc/arm-none-eabi/9.2.1/../../../../arm-none-eabi/lib/libc.a
END GROUP

.text           0x0000000008000000     0x1ca0
 *(.vectors)
 .vectors       0x0000000008000000       0x40 /mnt/disk0/Users/user/Nextcloud/PC-SYNC/Projects/_source_codes/github/stm42/system32/bootloader/__build/src/bootloader/init.o
                0x0000000008000000                vector_table
 *(.text*)
 .text.usbdfu_getstatus_complete
                0x0000000008000040      0x12c /mnt/disk0/Users/user/Nextcloud/PC-SYNC/Projects/_source_codes/github/stm42/system32/bootloader/__build/src/bootloader/bootloader_dfuse.o
                0x0000000008000040                usbdfu_getstatus_complete
 .text.erase_remaining_sectors
                0x000000000800016c       0x20 /mnt/disk0/Users/user/Nextcloud/PC-SYNC/Projects/_source_codes/github/stm42/system32/bootloader/__build/src/bootloader/bootloader_dfuse.o
                0x000000000800016c                erase_remaining_sectors
 .text.usbdfu_getstatus
                0x000000000800018c       0x2c /mnt/disk0/Users/user/Nextcloud/PC-SYNC/Projects/_source_codes/github/stm42/system32/bootloader/__build/src/bootloader/bootloader_dfuse.o
                0x000000000800018c                usbdfu_getstatus
 .text.usbdfu_control_request
                0x00000000080001b8      0x15c /mnt/disk0/Users/user/Nextcloud/PC-SYNC/Projects/_source_codes/github/stm42/system32/bootloader/__build/src/bootloader/bootloader_dfuse.o
                0x00000000080001b8                usbdfu_control_request
 .text.read_device_serial_number
                0x0000000008000314       0x1e /mnt/disk0/Users/user/Nextcloud/PC-SYNC/Projects/_source_codes/github/stm42/system32/bootloader/__build/src/bootloader/bootloader_tests.o
                0x0000000008000314                read_device_serial_number
 *fill*         0x0000000008000332        0x2 
 .text.print_device_serial_number
                0x0000000008000334       0x2c /mnt/disk0/Users/user/Nextcloud/PC-SYNC/Projects/_source_codes/github/stm42/system32/bootloader/__build/src/bootloader/bootloader_tests.o
                0x0000000008000334                print_device_serial_number
 .text.check_set_device_unique
                0x0000000008000360       0x74 /mnt/disk0/Users/user/Nextcloud/PC-SYNC/Projects/_source_codes/github/stm42/system32/bootloader/__build/src/bootloader/bootloader_tests.o
                0x0000000008000360                check_set_device_unique
 .text.test_button_state
                0x00000000080003d4       0x18 /mnt/disk0/Users/user/Nextcloud/PC-SYNC/Projects/_source_codes/github/stm42/system32/bootloader/__build/src/bootloader/bootloader_tests.o
                0x00000000080003d4                test_button_state
 .text.dfu_boot_token
                0x00000000080003ec       0x1c /mnt/disk0/Users/user/Nextcloud/PC-SYNC/Projects/_source_codes/github/stm42/system32/bootloader/__build/src/bootloader/bootloader_tests.o
                0x00000000080003ec                dfu_boot_token
 .text.test_if_user_app_is_missing
                0x0000000008000408       0x40 /mnt/disk0/Users/user/Nextcloud/PC-SYNC/Projects/_source_codes/github/stm42/system32/bootloader/__build/src/bootloader/bootloader_tests.o
                0x0000000008000408                test_if_user_app_is_missing
 .text.usb_init
                0x0000000008000448      0x134 /mnt/disk0/Users/user/Nextcloud/PC-SYNC/Projects/_source_codes/github/stm42/system32/bootloader/__build/src/bootloader/bootloader_usb.o
                0x0000000008000448                usb_init
 .text.memcpy   0x000000000800057c       0x16 /mnt/disk0/Users/user/Nextcloud/PC-SYNC/Projects/_source_codes/github/stm42/system32/bootloader/__build/src/bootloader/bootloader_utils.o
                0x000000000800057c                memcpy
 .text.strlen   0x0000000008000592       0x10 /mnt/disk0/Users/user/Nextcloud/PC-SYNC/Projects/_source_codes/github/stm42/system32/bootloader/__build/src/bootloader/bootloader_utils.o
                0x0000000008000592                strlen
 *fill*         0x00000000080005a2        0x2 
 .text.getFlashSectorSize
                0x00000000080005a4        0xc /mnt/disk0/Users/user/Nextcloud/PC-SYNC/Projects/_source_codes/github/stm42/system32/bootloader/__build/src/bootloader/bootloader_utils.o
                0x00000000080005a4                getFlashSectorSize
 .text.usb_hard_reset
                0x00000000080005b0       0x2c /mnt/disk0/Users/user/Nextcloud/PC-SYNC/Projects/_source_codes/github/stm42/system32/bootloader/__build/src/bootloader/bootloader_utils.o
                0x00000000080005b0                usb_hard_reset
 .text.jump_to_application
                0x00000000080005dc       0x14 /mnt/disk0/Users/user/Nextcloud/PC-SYNC/Projects/_source_codes/github/stm42/system32/bootloader/__build/src/bootloader/bootloader_utils.o
                0x00000000080005dc                jump_to_application
 .text.system_hard_reset
                0x00000000080005f0       0x10 /mnt/disk0/Users/user/Nextcloud/PC-SYNC/Projects/_source_codes/github/stm42/system32/bootloader/__build/src/bootloader/bootloader_utils.o
                0x00000000080005f0                system_hard_reset
 .text.nmi_handler
                0x0000000008000600        0x2 /mnt/disk0/Users/user/Nextcloud/PC-SYNC/Projects/_source_codes/github/stm42/system32/bootloader/__build/src/bootloader/init.o
                0x0000000008000600                nmi_handler
 .text.hard_fault_handler
                0x0000000008000602        0x2 /mnt/disk0/Users/user/Nextcloud/PC-SYNC/Projects/_source_codes/github/stm42/system32/bootloader/__build/src/bootloader/init.o
                0x0000000008000602                hard_fault_handler
 .text.memory_manage_fault_handler
                0x0000000008000604        0x2 /mnt/disk0/Users/user/Nextcloud/PC-SYNC/Projects/_source_codes/github/stm42/system32/bootloader/__build/src/bootloader/init.o
                0x0000000008000604                memory_manage_fault_handler
 .text.bus_fault_handler
                0x0000000008000606        0x2 /mnt/disk0/Users/user/Nextcloud/PC-SYNC/Projects/_source_codes/github/stm42/system32/bootloader/__build/src/bootloader/init.o
                0x0000000008000606                bus_fault_handler
 .text.usage_fault_handler
                0x0000000008000608        0x2 /mnt/disk0/Users/user/Nextcloud/PC-SYNC/Projects/_source_codes/github/stm42/system32/bootloader/__build/src/bootloader/init.o
                0x0000000008000608                usage_fault_handler
 .text.debug_monitor_handler
                0x000000000800060a        0x2 /mnt/disk0/Users/user/Nextcloud/PC-SYNC/Projects/_source_codes/github/stm42/system32/bootloader/__build/src/bootloader/init.o
                0x000000000800060a                debug_monitor_handler
 .text.sv_call_handler
                0x000000000800060c        0x2 /mnt/disk0/Users/user/Nextcloud/PC-SYNC/Projects/_source_codes/github/stm42/system32/bootloader/__build/src/bootloader/init.o
                0x000000000800060c                sv_call_handler
 .text.pend_sv_handler
                0x000000000800060e        0x2 /mnt/disk0/Users/user/Nextcloud/PC-SYNC/Projects/_source_codes/github/stm42/system32/bootloader/__build/src/bootloader/init.o
                0x000000000800060e                pend_sv_handler
 .text.systick_handler
                0x0000000008000610        0x2 /mnt/disk0/Users/user/Nextcloud/PC-SYNC/Projects/_source_codes/github/stm42/system32/bootloader/__build/src/bootloader/init.o
                0x0000000008000610                systick_handler
 *fill*         0x0000000008000612        0x2 
 .text.reset_handler
                0x0000000008000614       0x44 /mnt/disk0/Users/user/Nextcloud/PC-SYNC/Projects/_source_codes/github/stm42/system32/bootloader/__build/src/bootloader/init.o
                0x0000000008000614                reset_handler
 .text.startup.main
                0x0000000008000658      0x134 /mnt/disk0/Users/user/Nextcloud/PC-SYNC/Projects/_source_codes/github/stm42/system32/bootloader/__build/src/bootloader/main.o
                0x0000000008000658                main
 .text.flash_set_ws
                0x000000000800078c       0x14 /mnt/disk0/Users/user/Nextcloud/PC-SYNC/Projects/_source_codes/github/stm42/system32/bootloader/__build/src/lib/stm32/common/flash_common_all.o
                0x000000000800078c                flash_set_ws
 .text.gpio_set
                0x00000000080007a0        0x4 /mnt/disk0/Users/user/Nextcloud/PC-SYNC/Projects/_source_codes/github/stm42/system32/bootloader/__build/src/lib/stm32/common/gpio_common_all.o
                0x00000000080007a0                gpio_set
 .text.gpio_clear
                0x00000000080007a4        0x6 /mnt/disk0/Users/user/Nextcloud/PC-SYNC/Projects/_source_codes/github/stm42/system32/bootloader/__build/src/lib/stm32/common/gpio_common_all.o
                0x00000000080007a4                gpio_clear
 .text.gpio_get
                0x00000000080007aa        0x6 /mnt/disk0/Users/user/Nextcloud/PC-SYNC/Projects/_source_codes/github/stm42/system32/bootloader/__build/src/lib/stm32/common/gpio_common_all.o
                0x00000000080007aa                gpio_get
 .text.gpio_toggle
                0x00000000080007b0       0x12 /mnt/disk0/Users/user/Nextcloud/PC-SYNC/Projects/_source_codes/github/stm42/system32/bootloader/__build/src/lib/stm32/common/gpio_common_all.o
                0x00000000080007b0                gpio_toggle
 .text.rcc_peripheral_enable_clock
                0x00000000080007c2        0x8 /mnt/disk0/Users/user/Nextcloud/PC-SYNC/Projects/_source_codes/github/stm42/system32/bootloader/__build/src/lib/stm32/common/rcc_common_all.o
                0x00000000080007c2                rcc_peripheral_enable_clock
 .text.rcc_periph_clock_enable
                0x00000000080007ca       0x1c /mnt/disk0/Users/user/Nextcloud/PC-SYNC/Projects/_source_codes/github/stm42/system32/bootloader/__build/src/lib/stm32/common/rcc_common_all.o
                0x00000000080007ca                rcc_periph_clock_enable
 *fill*         0x00000000080007e6        0x2 
 .text.flash_unlock
                0x00000000080007e8       0x18 /mnt/disk0/Users/user/Nextcloud/PC-SYNC/Projects/_source_codes/github/stm42/system32/bootloader/__build/src/lib/stm32/common/flash_common_f.o
                0x00000000080007e8                flash_unlock
 .text.flash_lock
                0x0000000008000800       0x10 /mnt/disk0/Users/user/Nextcloud/PC-SYNC/Projects/_source_codes/github/stm42/system32/bootloader/__build/src/lib/stm32/common/flash_common_f.o
                0x0000000008000800                flash_lock
 .text.desig_get_flash_size
                0x0000000008000810        0xc /mnt/disk0/Users/user/Nextcloud/PC-SYNC/Projects/_source_codes/github/stm42/system32/bootloader/__build/src/lib/stm32/desig.o
                0x0000000008000810                desig_get_flash_size
 .text.desig_get_unique_id
                0x000000000800081c       0x20 /mnt/disk0/Users/user/Nextcloud/PC-SYNC/Projects/_source_codes/github/stm42/system32/bootloader/__build/src/lib/stm32/desig.o
                0x000000000800081c                desig_get_unique_id
 .text.flash_wait_for_last_operation
                0x000000000800083c       0x10 /mnt/disk0/Users/user/Nextcloud/PC-SYNC/Projects/_source_codes/github/stm42/system32/bootloader/__build/src/lib/stm32/f4/flash.o
                0x000000000800083c                flash_wait_for_last_operation
 .text.pwr_set_vos_scale
                0x000000000800084c       0x18 /mnt/disk0/Users/user/Nextcloud/PC-SYNC/Projects/_source_codes/github/stm42/system32/bootloader/__build/src/lib/stm32/f4/pwr.o
                0x000000000800084c                pwr_set_vos_scale
 .text.rcc_is_osc_ready
                0x0000000008000864       0x5c /mnt/disk0/Users/user/Nextcloud/PC-SYNC/Projects/_source_codes/github/stm42/system32/bootloader/__build/src/lib/stm32/f4/rcc.o
                0x0000000008000864                rcc_is_osc_ready
 .text.rcc_wait_for_osc_ready
                0x00000000080008c0       0x10 /mnt/disk0/Users/user/Nextcloud/PC-SYNC/Projects/_source_codes/github/stm42/system32/bootloader/__build/src/lib/stm32/f4/rcc.o
                0x00000000080008c0                rcc_wait_for_osc_ready
 .text.rcc_osc_on
                0x00000000080008d0       0x58 /mnt/disk0/Users/user/Nextcloud/PC-SYNC/Projects/_source_codes/github/stm42/system32/bootloader/__build/src/lib/stm32/f4/rcc.o
                0x00000000080008d0                rcc_osc_on
 .text.rcc_osc_off
                0x0000000008000928       0x58 /mnt/disk0/Users/user/Nextcloud/PC-SYNC/Projects/_source_codes/github/stm42/system32/bootloader/__build/src/lib/stm32/f4/rcc.o
                0x0000000008000928                rcc_osc_off
 .text.rcc_set_sysclk_source
                0x0000000008000980       0x14 /mnt/disk0/Users/user/Nextcloud/PC-SYNC/Projects/_source_codes/github/stm42/system32/bootloader/__build/src/lib/stm32/f4/rcc.o
                0x0000000008000980                rcc_set_sysclk_source
 .text.rcc_set_ppre2
                0x0000000008000994       0x14 /mnt/disk0/Users/user/Nextcloud/PC-SYNC/Projects/_source_codes/github/stm42/system32/bootloader/__build/src/lib/stm32/f4/rcc.o
                0x0000000008000994                rcc_set_ppre2
 .text.rcc_set_ppre1
                0x00000000080009a8       0x14 /mnt/disk0/Users/user/Nextcloud/PC-SYNC/Projects/_source_codes/github/stm42/system32/bootloader/__build/src/lib/stm32/f4/rcc.o
                0x00000000080009a8                rcc_set_ppre1
 .text.rcc_set_hpre
                0x00000000080009bc       0x14 /mnt/disk0/Users/user/Nextcloud/PC-SYNC/Projects/_source_codes/github/stm42/system32/bootloader/__build/src/lib/stm32/f4/rcc.o
                0x00000000080009bc                rcc_set_hpre
 .text.rcc_set_main_pll_hsi
                0x00000000080009d0       0x44 /mnt/disk0/Users/user/Nextcloud/PC-SYNC/Projects/_source_codes/github/stm42/system32/bootloader/__build/src/lib/stm32/f4/rcc.o
                0x00000000080009d0                rcc_set_main_pll_hsi
 .text.rcc_set_main_pll_hse
                0x0000000008000a14       0x44 /mnt/disk0/Users/user/Nextcloud/PC-SYNC/Projects/_source_codes/github/stm42/system32/bootloader/__build/src/lib/stm32/f4/rcc.o
                0x0000000008000a14                rcc_set_main_pll_hse
 .text.rcc_clock_setup_pll
                0x0000000008000a58       0xf8 /mnt/disk0/Users/user/Nextcloud/PC-SYNC/Projects/_source_codes/github/stm42/system32/bootloader/__build/src/lib/stm32/f4/rcc.o
                0x0000000008000a58                rcc_clock_setup_pll
 .text.flash_set_program_size
                0x0000000008000b50       0x18 /mnt/disk0/Users/user/Nextcloud/PC-SYNC/Projects/_source_codes/github/stm42/system32/bootloader/__build/src/lib/stm32/common/flash_common_f24.o
 .text.flash_program_half_word
                0x0000000008000b68       0x30 /mnt/disk0/Users/user/Nextcloud/PC-SYNC/Projects/_source_codes/github/stm42/system32/bootloader/__build/src/lib/stm32/common/flash_common_f24.o
                0x0000000008000b68                flash_program_half_word
 .text.flash_erase_sector
                0x0000000008000b98       0x58 /mnt/disk0/Users/user/Nextcloud/PC-SYNC/Projects/_source_codes/github/stm42/system32/bootloader/__build/src/lib/stm32/common/flash_common_f24.o
                0x0000000008000b98                flash_erase_sector
 .text.gpio_mode_setup
                0x0000000008000bf0       0x40 /mnt/disk0/Users/user/Nextcloud/PC-SYNC/Projects/_source_codes/github/stm42/system32/bootloader/__build/src/lib/stm32/common/gpio_common_f0234.o
                0x0000000008000bf0                gpio_mode_setup
 .text.gpio_set_af
                0x0000000008000c30       0x54 /mnt/disk0/Users/user/Nextcloud/PC-SYNC/Projects/_source_codes/github/stm42/system32/bootloader/__build/src/lib/stm32/common/gpio_common_f0234.o
                0x0000000008000c30                gpio_set_af
 .text.flash_dcache_enable
                0x0000000008000c84       0x10 /mnt/disk0/Users/user/Nextcloud/PC-SYNC/Projects/_source_codes/github/stm42/system32/bootloader/__build/src/lib/stm32/common/flash_common_idcache.o
                0x0000000008000c84                flash_dcache_enable
 .text.flash_dcache_disable
                0x0000000008000c94       0x10 /mnt/disk0/Users/user/Nextcloud/PC-SYNC/Projects/_source_codes/github/stm42/system32/bootloader/__build/src/lib/stm32/common/flash_common_idcache.o
                0x0000000008000c94                flash_dcache_disable
 .text.flash_icache_enable
                0x0000000008000ca4       0x10 /mnt/disk0/Users/user/Nextcloud/PC-SYNC/Projects/_source_codes/github/stm42/system32/bootloader/__build/src/lib/stm32/common/flash_common_idcache.o
                0x0000000008000ca4                flash_icache_enable
 .text.flash_icache_disable
                0x0000000008000cb4       0x10 /mnt/disk0/Users/user/Nextcloud/PC-SYNC/Projects/_source_codes/github/stm42/system32/bootloader/__build/src/lib/stm32/common/flash_common_idcache.o
                0x0000000008000cb4                flash_icache_disable
 .text.usbd_init
                0x0000000008000cc4       0x50 /mnt/disk0/Users/user/Nextcloud/PC-SYNC/Projects/_source_codes/github/stm42/system32/bootloader/__build/src/lib/usb/usb.o
                0x0000000008000cc4                usbd_init
 .text.usbd_poll
                0x0000000008000d14        0x8 /mnt/disk0/Users/user/Nextcloud/PC-SYNC/Projects/_source_codes/github/stm42/system32/bootloader/__build/src/lib/usb/usb.o
                0x0000000008000d14                usbd_poll
 .text.usbd_ep_setup
                0x0000000008000d1c        0xe /mnt/disk0/Users/user/Nextcloud/PC-SYNC/Projects/_source_codes/github/stm42/system32/bootloader/__build/src/lib/usb/usb.o
                0x0000000008000d1c                usbd_ep_setup
 .text._usbd_reset
                0x0000000008000d2a       0x32 /mnt/disk0/Users/user/Nextcloud/PC-SYNC/Projects/_source_codes/github/stm42/system32/bootloader/__build/src/lib/usb/usb.o
                0x0000000008000d2a                _usbd_reset
 .text.usbd_ep_write_packet
                0x0000000008000d5c        0xe /mnt/disk0/Users/user/Nextcloud/PC-SYNC/Projects/_source_codes/github/stm42/system32/bootloader/__build/src/lib/usb/usb.o
                0x0000000008000d5c                usbd_ep_write_packet
 .text.usbd_ep_read_packet
                0x0000000008000d6a        0xe /mnt/disk0/Users/user/Nextcloud/PC-SYNC/Projects/_source_codes/github/stm42/system32/bootloader/__build/src/lib/usb/usb.o
                0x0000000008000d6a                usbd_ep_read_packet
 .text.usbd_ep_stall_set
                0x0000000008000d78        0x8 /mnt/disk0/Users/user/Nextcloud/PC-SYNC/Projects/_source_codes/github/stm42/system32/bootloader/__build/src/lib/usb/usb.o
                0x0000000008000d78                usbd_ep_stall_set
 .text.usbd_ep_stall_get
                0x0000000008000d80        0x8 /mnt/disk0/Users/user/Nextcloud/PC-SYNC/Projects/_source_codes/github/stm42/system32/bootloader/__build/src/lib/usb/usb.o
                0x0000000008000d80                usbd_ep_stall_get
 .text.usbd_ep_nak_set
                0x0000000008000d88        0x8 /mnt/disk0/Users/user/Nextcloud/PC-SYNC/Projects/_source_codes/github/stm42/system32/bootloader/__build/src/lib/usb/usb.o
                0x0000000008000d88                usbd_ep_nak_set
 .text.usb_control_send_chunk
                0x0000000008000d90       0x52 /mnt/disk0/Users/user/Nextcloud/PC-SYNC/Projects/_source_codes/github/stm42/system32/bootloader/__build/src/lib/usb/usb_control.o
 .text.usb_control_request_dispatch
                0x0000000008000de2       0x60 /mnt/disk0/Users/user/Nextcloud/PC-SYNC/Projects/_source_codes/github/stm42/system32/bootloader/__build/src/lib/usb/usb_control.o
 .text.stall_transaction
                0x0000000008000e42       0x14 /mnt/disk0/Users/user/Nextcloud/PC-SYNC/Projects/_source_codes/github/stm42/system32/bootloader/__build/src/lib/usb/usb_control.o
 .text.usb_control_recv_chunk
                0x0000000008000e56       0x3c /mnt/disk0/Users/user/Nextcloud/PC-SYNC/Projects/_source_codes/github/stm42/system32/bootloader/__build/src/lib/usb/usb_control.o
 .text.usb_control_setup_read
                0x0000000008000e92       0x66 /mnt/disk0/Users/user/Nextcloud/PC-SYNC/Projects/_source_codes/github/stm42/system32/bootloader/__build/src/lib/usb/usb_control.o
 .text.usbd_register_control_callback
                0x0000000008000ef8       0x2c /mnt/disk0/Users/user/Nextcloud/PC-SYNC/Projects/_source_codes/github/stm42/system32/bootloader/__build/src/lib/usb/usb_control.o
                0x0000000008000ef8                usbd_register_control_callback
 .text._usbd_control_setup
                0x0000000008000f24       0x60 /mnt/disk0/Users/user/Nextcloud/PC-SYNC/Projects/_source_codes/github/stm42/system32/bootloader/__build/src/lib/usb/usb_control.o
                0x0000000008000f24                _usbd_control_setup
 .text._usbd_control_out
                0x0000000008000f84       0x82 /mnt/disk0/Users/user/Nextcloud/PC-SYNC/Projects/_source_codes/github/stm42/system32/bootloader/__build/src/lib/usb/usb_control.o
                0x0000000008000f84                _usbd_control_out
 .text._usbd_control_in
                0x0000000008001006       0x64 /mnt/disk0/Users/user/Nextcloud/PC-SYNC/Projects/_source_codes/github/stm42/system32/bootloader/__build/src/lib/usb/usb_control.o
                0x0000000008001006                _usbd_control_in
 .text.dwc_set_address
                0x000000000800106a       0x18 /mnt/disk0/Users/user/Nextcloud/PC-SYNC/Projects/_source_codes/github/stm42/system32/bootloader/__build/src/lib/usb/usb_dwc_common.o
                0x000000000800106a                dwc_set_address
 .text.dwc_ep_setup
                0x0000000008001082      0x12a /mnt/disk0/Users/user/Nextcloud/PC-SYNC/Projects/_source_codes/github/stm42/system32/bootloader/__build/src/lib/usb/usb_dwc_common.o
                0x0000000008001082                dwc_ep_setup
 .text.dwc_endpoints_reset
                0x00000000080011ac       0x4c /mnt/disk0/Users/user/Nextcloud/PC-SYNC/Projects/_source_codes/github/stm42/system32/bootloader/__build/src/lib/usb/usb_dwc_common.o
                0x00000000080011ac                dwc_endpoints_reset
 .text.dwc_ep_stall_set
                0x00000000080011f8       0x7a /mnt/disk0/Users/user/Nextcloud/PC-SYNC/Projects/_source_codes/github/stm42/system32/bootloader/__build/src/lib/usb/usb_dwc_common.o
                0x00000000080011f8                dwc_ep_stall_set
 .text.dwc_ep_stall_get
                0x0000000008001272       0x1c /mnt/disk0/Users/user/Nextcloud/PC-SYNC/Projects/_source_codes/github/stm42/system32/bootloader/__build/src/lib/usb/usb_dwc_common.o
                0x0000000008001272                dwc_ep_stall_get
 .text.dwc_ep_nak_set
                0x000000000800128e       0x28 /mnt/disk0/Users/user/Nextcloud/PC-SYNC/Projects/_source_codes/github/stm42/system32/bootloader/__build/src/lib/usb/usb_dwc_common.o
                0x000000000800128e                dwc_ep_nak_set
 .text.dwc_ep_write_packet
                0x00000000080012b6       0x4a /mnt/disk0/Users/user/Nextcloud/PC-SYNC/Projects/_source_codes/github/stm42/system32/bootloader/__build/src/lib/usb/usb_dwc_common.o
                0x00000000080012b6                dwc_ep_write_packet
 .text.dwc_ep_read_packet
                0x0000000008001300       0x74 /mnt/disk0/Users/user/Nextcloud/PC-SYNC/Projects/_source_codes/github/stm42/system32/bootloader/__build/src/lib/usb/usb_dwc_common.o
                0x0000000008001300                dwc_ep_read_packet
 .text.dwc_poll
                0x0000000008001374      0x1ec /mnt/disk0/Users/user/Nextcloud/PC-SYNC/Projects/_source_codes/github/stm42/system32/bootloader/__build/src/lib/usb/usb_dwc_common.o
                0x0000000008001374                dwc_poll
 .text.dwc_disconnect
                0x0000000008001560       0x1c /mnt/disk0/Users/user/Nextcloud/PC-SYNC/Projects/_source_codes/github/stm42/system32/bootloader/__build/src/lib/usb/usb_dwc_common.o
                0x0000000008001560                dwc_disconnect
 .text.stm32f107_usbd_init
                0x000000000800157c       0xd0 /mnt/disk0/Users/user/Nextcloud/PC-SYNC/Projects/_source_codes/github/stm42/system32/bootloader/__build/src/lib/usb/usb_f107.o
 .text.usb_standard_set_address
                0x000000000800164c       0x2a /mnt/disk0/Users/user/Nextcloud/PC-SYNC/Projects/_source_codes/github/stm42/system32/bootloader/__build/src/lib/usb/usb_standard.o
 .text.usb_standard_set_configuration
                0x0000000008001676       0x96 /mnt/disk0/Users/user/Nextcloud/PC-SYNC/Projects/_source_codes/github/stm42/system32/bootloader/__build/src/lib/usb/usb_standard.o
 .text.usb_standard_get_configuration
                0x000000000800170c       0x22 /mnt/disk0/Users/user/Nextcloud/PC-SYNC/Projects/_source_codes/github/stm42/system32/bootloader/__build/src/lib/usb/usb_standard.o
 .text.usb_standard_get_interface
                0x000000000800172e       0x38 /mnt/disk0/Users/user/Nextcloud/PC-SYNC/Projects/_source_codes/github/stm42/system32/bootloader/__build/src/lib/usb/usb_standard.o
 .text.usb_standard_device_get_status
                0x0000000008001766       0x18 /mnt/disk0/Users/user/Nextcloud/PC-SYNC/Projects/_source_codes/github/stm42/system32/bootloader/__build/src/lib/usb/usb_standard.o
 .text.usb_standard_endpoint_get_status
                0x000000000800177e       0x2a /mnt/disk0/Users/user/Nextcloud/PC-SYNC/Projects/_source_codes/github/stm42/system32/bootloader/__build/src/lib/usb/usb_standard.o
 .text.usb_standard_endpoint_stall
                0x00000000080017a8       0x10 /mnt/disk0/Users/user/Nextcloud/PC-SYNC/Projects/_source_codes/github/stm42/system32/bootloader/__build/src/lib/usb/usb_standard.o
 .text.usb_standard_endpoint_unstall
                0x00000000080017b8       0x10 /mnt/disk0/Users/user/Nextcloud/PC-SYNC/Projects/_source_codes/github/stm42/system32/bootloader/__build/src/lib/usb/usb_standard.o
 .text.usb_standard_set_interface
                0x00000000080017c8       0x54 /mnt/disk0/Users/user/Nextcloud/PC-SYNC/Projects/_source_codes/github/stm42/system32/bootloader/__build/src/lib/usb/usb_standard.o
 .text.usb_standard_get_descriptor
                0x000000000800181c      0x26a /mnt/disk0/Users/user/Nextcloud/PC-SYNC/Projects/_source_codes/github/stm42/system32/bootloader/__build/src/lib/usb/usb_standard.o
 .text.usb_standard_interface_get_status
                0x0000000008001a86       0x18 /mnt/disk0/Users/user/Nextcloud/PC-SYNC/Projects/_source_codes/github/stm42/system32/bootloader/__build/src/lib/usb/usb_standard.o
 *fill*         0x0000000008001a9e        0x2 
 .text._usbd_standard_request_device
                0x0000000008001aa0       0x48 /mnt/disk0/Users/user/Nextcloud/PC-SYNC/Projects/_source_codes/github/stm42/system32/bootloader/__build/src/lib/usb/usb_standard.o
                0x0000000008001aa0                _usbd_standard_request_device
 .text._usbd_standard_request_interface
                0x0000000008001ae8       0x30 /mnt/disk0/Users/user/Nextcloud/PC-SYNC/Projects/_source_codes/github/stm42/system32/bootloader/__build/src/lib/usb/usb_standard.o
                0x0000000008001ae8                _usbd_standard_request_interface
 .text._usbd_standard_request_endpoint
                0x0000000008001b18       0x3c /mnt/disk0/Users/user/Nextcloud/PC-SYNC/Projects/_source_codes/github/stm42/system32/bootloader/__build/src/lib/usb/usb_standard.o
                0x0000000008001b18                _usbd_standard_request_endpoint
 .text._usbd_standard_request
                0x0000000008001b54       0x30 /mnt/disk0/Users/user/Nextcloud/PC-SYNC/Projects/_source_codes/github/stm42/system32/bootloader/__build/src/lib/usb/usb_standard.o
                0x0000000008001b54                _usbd_standard_request
                0x0000000008001b84                . = ALIGN (0x4)
 *(.rodata*)
 .rodata.hextochar
                0x0000000008001b84       0x10 /mnt/disk0/Users/user/Nextcloud/PC-SYNC/Projects/_source_codes/github/stm42/system32/bootloader/__build/src/bootloader/bootloader_tests.o
 .rodata._num_strings
                0x0000000008001b94        0x1 /mnt/disk0/Users/user/Nextcloud/PC-SYNC/Projects/_source_codes/github/stm42/system32/bootloader/__build/src/bootloader/bootloader_usb_descriptor.o
                0x0000000008001b94                _num_strings
 *fill*         0x0000000008001b95        0x3 
 .rodata._usb_strings
                0x0000000008001b98       0x10 /mnt/disk0/Users/user/Nextcloud/PC-SYNC/Projects/_source_codes/github/stm42/system32/bootloader/__build/src/bootloader/bootloader_usb_descriptor.o
                0x0000000008001b98                _usb_strings
 .rodata.dev_desc
                0x0000000008001ba8       0x12 /mnt/disk0/Users/user/Nextcloud/PC-SYNC/Projects/_source_codes/github/stm42/system32/bootloader/__build/src/bootloader/bootloader_usb_descriptor.o
                0x0000000008001ba8                dev_desc
 .rodata.dfu_iface
                0x0000000008001bba       0x15 /mnt/disk0/Users/user/Nextcloud/PC-SYNC/Projects/_source_codes/github/stm42/system32/bootloader/__build/src/bootloader/bootloader_usb_descriptor.o
                0x0000000008001bba                dfu_iface
 .rodata.iManufacturer
                0x0000000008001bcf        0xf /mnt/disk0/Users/user/Nextcloud/PC-SYNC/Projects/_source_codes/github/stm42/system32/bootloader/__build/src/bootloader/bootloader_usb_descriptor.o
                0x0000000008001bcf                iManufacturer
 .rodata.iProduct
                0x0000000008001bde       0x17 /mnt/disk0/Users/user/Nextcloud/PC-SYNC/Projects/_source_codes/github/stm42/system32/bootloader/__build/src/bootloader/bootloader_usb_descriptor.o
                0x0000000008001bde                iProduct
 *fill*         0x0000000008001bf5        0x3 
 .rodata.ifaces
                0x0000000008001bf8       0x10 /mnt/disk0/Users/user/Nextcloud/PC-SYNC/Projects/_source_codes/github/stm42/system32/bootloader/__build/src/bootloader/bootloader_usb_descriptor.o
                0x0000000008001bf8                ifaces
 .rodata.usb_configuration_descriptor
                0x0000000008001c08        0xd /mnt/disk0/Users/user/Nextcloud/PC-SYNC/Projects/_source_codes/github/stm42/system32/bootloader/__build/src/bootloader/bootloader_usb_descriptor.o
                0x0000000008001c08                usb_configuration_descriptor
 *fill*         0x0000000008001c15        0x3 
 .rodata.rcc_hse_8mhz_3v3
                0x0000000008001c18       0x54 /mnt/disk0/Users/user/Nextcloud/PC-SYNC/Projects/_source_codes/github/stm42/system32/bootloader/__build/src/lib/stm32/f4/rcc.o
                0x0000000008001c18                rcc_hse_8mhz_3v3
 .rodata.stm32f107_usb_driver
                0x0000000008001c6c       0x34 /mnt/disk0/Users/user/Nextcloud/PC-SYNC/Projects/_source_codes/github/stm42/system32/bootloader/__build/src/lib/usb/usb_f107.o
                0x0000000008001c6c                stm32f107_usb_driver
                0x0000000008001ca0                . = ALIGN (0x4)

.glue_7         0x0000000008001ca0        0x0
 .glue_7        0x0000000008001ca0        0x0 linker stubs

.glue_7t        0x0000000008001ca0        0x0
 .glue_7t       0x0000000008001ca0        0x0 linker stubs

.vfp11_veneer   0x0000000008001ca0        0x0
 .vfp11_veneer  0x0000000008001ca0        0x0 linker stubs

.v4_bx          0x0000000008001ca0        0x0
 .v4_bx         0x0000000008001ca0        0x0 linker stubs

.iplt           0x0000000008001ca0        0x0
 .iplt          0x0000000008001ca0        0x0 /mnt/disk0/Users/user/Nextcloud/PC-SYNC/Projects/_source_codes/github/stm42/system32/bootloader/__build/src/bootloader/bootloader_dfuse.o

.rel.dyn        0x0000000008001ca0        0x0
 .rel.iplt      0x0000000008001ca0        0x0 /mnt/disk0/Users/user/Nextcloud/PC-SYNC/Projects/_source_codes/github/stm42/system32/bootloader/__build/src/bootloader/bootloader_dfuse.o

.preinit_array  0x0000000008001ca0        0x0
                0x0000000008001ca0                . = ALIGN (0x4)
                0x0000000008001ca0                __preinit_array_start = .
 *(.preinit_array)
                0x0000000008001ca0                __preinit_array_end = .

.init_array     0x0000000008001ca0        0x0
                0x0000000008001ca0                . = ALIGN (0x4)
                0x0000000008001ca0                __init_array_start = .
 *(SORT_BY_NAME(.init_array.*))
 *(.init_array)
                0x0000000008001ca0                __init_array_end = .

.fini_array     0x0000000008001ca0        0x0
                0x0000000008001ca0                . = ALIGN (0x4)
                0x0000000008001ca0                __fini_array_start = .
 *(.fini_array)
 *(SORT_BY_NAME(.fini_array.*))
                0x0000000008001ca0                __fini_array_end = .

.ARM.extab
 *(.ARM.extab*)

.ARM.exidx      0x0000000008001ca0        0x0
                0x0000000008001ca0                __exidx_start = .
 *(.ARM.exidx*)
                0x0000000008001ca0                __exidx_end = .
                0x0000000008001ca0                . = ALIGN (0x4)
                0x0000000008001ca0                _etext = .

.data           0x0000000020000000       0x80 load address 0x0000000008001ca0
                0x0000000020000000                _data = .
 *(.data*)
 .data.application_start_address_
                0x0000000020000000        0x4 /mnt/disk0/Users/user/Nextcloud/PC-SYNC/Projects/_source_codes/github/stm42/system32/bootloader/__build/src/bootloader/bootloader_dfuse.o
                0x0000000020000000                application_start_address_
 .data.dfu_state_
                0x0000000020000004        0x1 /mnt/disk0/Users/user/Nextcloud/PC-SYNC/Projects/_source_codes/github/stm42/system32/bootloader/__build/src/bootloader/bootloader_dfuse.o
                0x0000000020000004                dfu_state_
 .data.dfu_function
                0x0000000020000005        0x9 /mnt/disk0/Users/user/Nextcloud/PC-SYNC/Projects/_source_codes/github/stm42/system32/bootloader/__build/src/bootloader/bootloader_usb_descriptor.o
                0x0000000020000005                dfu_function
 .data.iFlashMemoryPartitions
                0x000000002000000e       0x26 /mnt/disk0/Users/user/Nextcloud/PC-SYNC/Projects/_source_codes/github/stm42/system32/bootloader/__build/src/bootloader/bootloader_usb_descriptor.o
                0x000000002000000e                iFlashMemoryPartitions
 .data.iSerial  0x0000000020000034        0xd /mnt/disk0/Users/user/Nextcloud/PC-SYNC/Projects/_source_codes/github/stm42/system32/bootloader/__build/src/bootloader/bootloader_usb_descriptor.o
                0x0000000020000034                iSerial
 *fill*         0x0000000020000041        0x3 
 .data.f40x_sector_sizes
                0x0000000020000044       0x30 /mnt/disk0/Users/user/Nextcloud/PC-SYNC/Projects/_source_codes/github/stm42/system32/bootloader/__build/src/bootloader/bootloader_utils.o
                0x0000000020000044                f40x_sector_sizes
 .data.rcc_ahb_frequency
                0x0000000020000074        0x4 /mnt/disk0/Users/user/Nextcloud/PC-SYNC/Projects/_source_codes/github/stm42/system32/bootloader/__build/src/lib/stm32/f4/rcc.o
                0x0000000020000074                rcc_ahb_frequency
 .data.rcc_apb1_frequency
                0x0000000020000078        0x4 /mnt/disk0/Users/user/Nextcloud/PC-SYNC/Projects/_source_codes/github/stm42/system32/bootloader/__build/src/lib/stm32/f4/rcc.o
                0x0000000020000078                rcc_apb1_frequency
 .data.rcc_apb2_frequency
                0x000000002000007c        0x4 /mnt/disk0/Users/user/Nextcloud/PC-SYNC/Projects/_source_codes/github/stm42/system32/bootloader/__build/src/lib/stm32/f4/rcc.o
                0x000000002000007c                rcc_apb2_frequency
                0x0000000020000080                . = ALIGN (0x4)
                0x0000000020000080                _edata = .
                0x0000000008001ca0                _data_loadaddr = LOADADDR (.data)

.igot.plt       0x0000000020000080        0x0 load address 0x0000000008001d20
 .igot.plt      0x0000000020000080        0x0 /mnt/disk0/Users/user/Nextcloud/PC-SYNC/Projects/_source_codes/github/stm42/system32/bootloader/__build/src/bootloader/bootloader_dfuse.o

.bss            0x0000000020000080      0x920 load address 0x0000000008001d20
 *(.bss*)
 .bss.bwPollTimeout
                0x0000000020000080        0x4 /mnt/disk0/Users/user/Nextcloud/PC-SYNC/Projects/_source_codes/github/stm42/system32/bootloader/__build/src/bootloader/bootloader_dfuse.o
                0x0000000020000080                bwPollTimeout
 .bss.flash_end_address_
                0x0000000020000084        0x4 /mnt/disk0/Users/user/Nextcloud/PC-SYNC/Projects/_source_codes/github/stm42/system32/bootloader/__build/src/bootloader/bootloader_dfuse.o
                0x0000000020000084                flash_end_address_
 .bss.last_flash_sector_erased
                0x0000000020000088        0x1 /mnt/disk0/Users/user/Nextcloud/PC-SYNC/Projects/_source_codes/github/stm42/system32/bootloader/__build/src/bootloader/bootloader_dfuse.o
                0x0000000020000088                last_flash_sector_erased
 *fill*         0x0000000020000089        0x3 
 .bss.prog      0x000000002000008c      0x40c /mnt/disk0/Users/user/Nextcloud/PC-SYNC/Projects/_source_codes/github/stm42/system32/bootloader/__build/src/bootloader/bootloader_dfuse.o
 .bss.wTransferSize_
                0x0000000020000498        0x2 /mnt/disk0/Users/user/Nextcloud/PC-SYNC/Projects/_source_codes/github/stm42/system32/bootloader/__build/src/bootloader/bootloader_dfuse.o
                0x0000000020000498                wTransferSize_
 *fill*         0x000000002000049a        0x2 
 .bss.writable_flash_end_address_
                0x000000002000049c        0x4 /mnt/disk0/Users/user/Nextcloud/PC-SYNC/Projects/_source_codes/github/stm42/system32/bootloader/__build/src/bootloader/bootloader_dfuse.o
                0x000000002000049c                writable_flash_end_address_
 .bss.usbd_dev  0x00000000200004a0        0x4 /mnt/disk0/Users/user/Nextcloud/PC-SYNC/Projects/_source_codes/github/stm42/system32/bootloader/__build/src/bootloader/bootloader_usb.o
                0x00000000200004a0                usbd_dev
 .bss.usbd_dev  0x00000000200004a4       0xfc /mnt/disk0/Users/user/Nextcloud/PC-SYNC/Projects/_source_codes/github/stm42/system32/bootloader/__build/src/lib/usb/usb_f107.o
 *(COMMON)
 COMMON         0x00000000200005a0      0x400 /mnt/disk0/Users/user/Nextcloud/PC-SYNC/Projects/_source_codes/github/stm42/system32/bootloader/__build/src/bootloader/bootloader_dfuse.o
                0x00000000200005a0                usbd_control_buffer
                0x00000000200009a0                . = ALIGN (0x4)
                0x00000000200009a0                _ebss = .

/DISCARD/
 *(.eh_frame)
                0x00000000200009a0                . = ALIGN (0x4)
                0x00000000200009a0                end = .
                0x0000000020020000                PROVIDE (_stack = (ORIGIN (ram) + LENGTH (ram)))
OUTPUT(/mnt/disk0/Users/user/Nextcloud/PC-SYNC/Projects/_source_codes/github/stm42/system32/bootloader/__build/fw.elf elf32-littlearm)

.debug_info     0x0000000000000000    0x10b97
 .debug_info    0x0000000000000000     0x1133 /mnt/disk0/Users/user/Nextcloud/PC-SYNC/Projects/_source_codes/github/stm42/system32/bootloader/__build/src/bootloader/bootloader_dfuse.o
 .debug_info    0x0000000000001133      0x518 /mnt/disk0/Users/user/Nextcloud/PC-SYNC/Projects/_source_codes/github/stm42/system32/bootloader/__build/src/bootloader/bootloader_tests.o
 .debug_info    0x000000000000164b     0x16b2 /mnt/disk0/Users/user/Nextcloud/PC-SYNC/Projects/_source_codes/github/stm42/system32/bootloader/__build/src/bootloader/bootloader_usb.o
 .debug_info    0x0000000000002cfd      0xf26 /mnt/disk0/Users/user/Nextcloud/PC-SYNC/Projects/_source_codes/github/stm42/system32/bootloader/__build/src/bootloader/bootloader_usb_descriptor.o
 .debug_info    0x0000000000003c23      0xbfe /mnt/disk0/Users/user/Nextcloud/PC-SYNC/Projects/_source_codes/github/stm42/system32/bootloader/__build/src/bootloader/bootloader_utils.o
 .debug_info    0x0000000000004821      0x305 /mnt/disk0/Users/user/Nextcloud/PC-SYNC/Projects/_source_codes/github/stm42/system32/bootloader/__build/src/bootloader/init.o
 .debug_info    0x0000000000004b26     0x1375 /mnt/disk0/Users/user/Nextcloud/PC-SYNC/Projects/_source_codes/github/stm42/system32/bootloader/__build/src/bootloader/main.o
 .debug_info    0x0000000000005e9b       0xf2 /mnt/disk0/Users/user/Nextcloud/PC-SYNC/Projects/_source_codes/github/stm42/system32/bootloader/__build/src/lib/stm32/common/flash_common_all.o
 .debug_info    0x0000000000005f8d      0x262 /mnt/disk0/Users/user/Nextcloud/PC-SYNC/Projects/_source_codes/github/stm42/system32/bootloader/__build/src/lib/stm32/common/gpio_common_all.o
 .debug_info    0x00000000000061ef      0xaa0 /mnt/disk0/Users/user/Nextcloud/PC-SYNC/Projects/_source_codes/github/stm42/system32/bootloader/__build/src/lib/stm32/common/rcc_common_all.o
 .debug_info    0x0000000000006c8f       0xba /mnt/disk0/Users/user/Nextcloud/PC-SYNC/Projects/_source_codes/github/stm42/system32/bootloader/__build/src/lib/stm32/common/flash_common_f.o
 .debug_info    0x0000000000006d49      0x26f /mnt/disk0/Users/user/Nextcloud/PC-SYNC/Projects/_source_codes/github/stm42/system32/bootloader/__build/src/lib/stm32/desig.o
 .debug_info    0x0000000000006fb8      0x11c /mnt/disk0/Users/user/Nextcloud/PC-SYNC/Projects/_source_codes/github/stm42/system32/bootloader/__build/src/lib/stm32/f4/flash.o
 .debug_info    0x00000000000070d4       0xe4 /mnt/disk0/Users/user/Nextcloud/PC-SYNC/Projects/_source_codes/github/stm42/system32/bootloader/__build/src/lib/stm32/f4/pwr.o
 .debug_info    0x00000000000071b8     0x1042 /mnt/disk0/Users/user/Nextcloud/PC-SYNC/Projects/_source_codes/github/stm42/system32/bootloader/__build/src/lib/stm32/f4/rcc.o
 .debug_info    0x00000000000081fa      0x46a /mnt/disk0/Users/user/Nextcloud/PC-SYNC/Projects/_source_codes/github/stm42/system32/bootloader/__build/src/lib/stm32/common/flash_common_f24.o
 .debug_info    0x0000000000008664      0x22f /mnt/disk0/Users/user/Nextcloud/PC-SYNC/Projects/_source_codes/github/stm42/system32/bootloader/__build/src/lib/stm32/common/gpio_common_f0234.o
 .debug_info    0x0000000000008893       0xf0 /mnt/disk0/Users/user/Nextcloud/PC-SYNC/Projects/_source_codes/github/stm42/system32/bootloader/__build/src/lib/stm32/common/flash_common_idcache.o
 .debug_info    0x0000000000008983     0x17ff /mnt/disk0/Users/user/Nextcloud/PC-SYNC/Projects/_source_codes/github/stm42/system32/bootloader/__build/src/lib/usb/usb.o
 .debug_info    0x000000000000a182     0x1934 /mnt/disk0/Users/user/Nextcloud/PC-SYNC/Projects/_source_codes/github/stm42/system32/bootloader/__build/src/lib/usb/usb_control.o
 .debug_info    0x000000000000bab6     0x181c /mnt/disk0/Users/user/Nextcloud/PC-SYNC/Projects/_source_codes/github/stm42/system32/bootloader/__build/src/lib/usb/usb_dwc_common.o
 .debug_info    0x000000000000d2d2     0x1905 /mnt/disk0/Users/user/Nextcloud/PC-SYNC/Projects/_source_codes/github/stm42/system32/bootloader/__build/src/lib/usb/usb_f107.o
 .debug_info    0x000000000000ebd7     0x1fc0 /mnt/disk0/Users/user/Nextcloud/PC-SYNC/Projects/_source_codes/github/stm42/system32/bootloader/__build/src/lib/usb/usb_standard.o

.debug_abbrev   0x0000000000000000     0x31ce
 .debug_abbrev  0x0000000000000000      0x4a9 /mnt/disk0/Users/user/Nextcloud/PC-SYNC/Projects/_source_codes/github/stm42/system32/bootloader/__build/src/bootloader/bootloader_dfuse.o
 .debug_abbrev  0x00000000000004a9      0x24e /mnt/disk0/Users/user/Nextcloud/PC-SYNC/Projects/_source_codes/github/stm42/system32/bootloader/__build/src/bootloader/bootloader_tests.o
 .debug_abbrev  0x00000000000006f7      0x2a9 /mnt/disk0/Users/user/Nextcloud/PC-SYNC/Projects/_source_codes/github/stm42/system32/bootloader/__build/src/bootloader/bootloader_usb.o
 .debug_abbrev  0x00000000000009a0      0x1bd /mnt/disk0/Users/user/Nextcloud/PC-SYNC/Projects/_source_codes/github/stm42/system32/bootloader/__build/src/bootloader/bootloader_usb_descriptor.o
 .debug_abbrev  0x0000000000000b5d      0x2ea /mnt/disk0/Users/user/Nextcloud/PC-SYNC/Projects/_source_codes/github/stm42/system32/bootloader/__build/src/bootloader/bootloader_utils.o
 .debug_abbrev  0x0000000000000e47      0x149 /mnt/disk0/Users/user/Nextcloud/PC-SYNC/Projects/_source_codes/github/stm42/system32/bootloader/__build/src/bootloader/init.o
 .debug_abbrev  0x0000000000000f90      0x2ec /mnt/disk0/Users/user/Nextcloud/PC-SYNC/Projects/_source_codes/github/stm42/system32/bootloader/__build/src/bootloader/main.o
 .debug_abbrev  0x000000000000127c       0x94 /mnt/disk0/Users/user/Nextcloud/PC-SYNC/Projects/_source_codes/github/stm42/system32/bootloader/__build/src/lib/stm32/common/flash_common_all.o
 .debug_abbrev  0x0000000000001310      0x113 /mnt/disk0/Users/user/Nextcloud/PC-SYNC/Projects/_source_codes/github/stm42/system32/bootloader/__build/src/lib/stm32/common/gpio_common_all.o
 .debug_abbrev  0x0000000000001423      0x1aa /mnt/disk0/Users/user/Nextcloud/PC-SYNC/Projects/_source_codes/github/stm42/system32/bootloader/__build/src/lib/stm32/common/rcc_common_all.o
 .debug_abbrev  0x00000000000015cd       0x53 /mnt/disk0/Users/user/Nextcloud/PC-SYNC/Projects/_source_codes/github/stm42/system32/bootloader/__build/src/lib/stm32/common/flash_common_f.o
 .debug_abbrev  0x0000000000001620      0x108 /mnt/disk0/Users/user/Nextcloud/PC-SYNC/Projects/_source_codes/github/stm42/system32/bootloader/__build/src/lib/stm32/desig.o
 .debug_abbrev  0x0000000000001728       0x9b /mnt/disk0/Users/user/Nextcloud/PC-SYNC/Projects/_source_codes/github/stm42/system32/bootloader/__build/src/lib/stm32/f4/flash.o
 .debug_abbrev  0x00000000000017c3       0x99 /mnt/disk0/Users/user/Nextcloud/PC-SYNC/Projects/_source_codes/github/stm42/system32/bootloader/__build/src/lib/stm32/f4/pwr.o
 .debug_abbrev  0x000000000000185c      0x2be /mnt/disk0/Users/user/Nextcloud/PC-SYNC/Projects/_source_codes/github/stm42/system32/bootloader/__build/src/lib/stm32/f4/rcc.o
 .debug_abbrev  0x0000000000001b1a      0x166 /mnt/disk0/Users/user/Nextcloud/PC-SYNC/Projects/_source_codes/github/stm42/system32/bootloader/__build/src/lib/stm32/common/flash_common_f24.o
 .debug_abbrev  0x0000000000001c80       0xbc /mnt/disk0/Users/user/Nextcloud/PC-SYNC/Projects/_source_codes/github/stm42/system32/bootloader/__build/src/lib/stm32/common/gpio_common_f0234.o
 .debug_abbrev  0x0000000000001d3c       0x53 /mnt/disk0/Users/user/Nextcloud/PC-SYNC/Projects/_source_codes/github/stm42/system32/bootloader/__build/src/lib/stm32/common/flash_common_idcache.o
 .debug_abbrev  0x0000000000001d8f      0x330 /mnt/disk0/Users/user/Nextcloud/PC-SYNC/Projects/_source_codes/github/stm42/system32/bootloader/__build/src/lib/usb/usb.o
 .debug_abbrev  0x00000000000020bf      0x474 /mnt/disk0/Users/user/Nextcloud/PC-SYNC/Projects/_source_codes/github/stm42/system32/bootloader/__build/src/lib/usb/usb_control.o
 .debug_abbrev  0x0000000000002533      0x446 /mnt/disk0/Users/user/Nextcloud/PC-SYNC/Projects/_source_codes/github/stm42/system32/bootloader/__build/src/lib/usb/usb_dwc_common.o
 .debug_abbrev  0x0000000000002979      0x2b4 /mnt/disk0/Users/user/Nextcloud/PC-SYNC/Projects/_source_codes/github/stm42/system32/bootloader/__build/src/lib/usb/usb_f107.o
 .debug_abbrev  0x0000000000002c2d      0x5a1 /mnt/disk0/Users/user/Nextcloud/PC-SYNC/Projects/_source_codes/github/stm42/system32/bootloader/__build/src/lib/usb/usb_standard.o

.debug_loc      0x0000000000000000     0x4377
 .debug_loc     0x0000000000000000      0x52b /mnt/disk0/Users/user/Nextcloud/PC-SYNC/Projects/_source_codes/github/stm42/system32/bootloader/__build/src/bootloader/bootloader_dfuse.o
 .debug_loc     0x000000000000052b      0x265 /mnt/disk0/Users/user/Nextcloud/PC-SYNC/Projects/_source_codes/github/stm42/system32/bootloader/__build/src/bootloader/bootloader_tests.o
 .debug_loc     0x0000000000000790       0x73 /mnt/disk0/Users/user/Nextcloud/PC-SYNC/Projects/_source_codes/github/stm42/system32/bootloader/__build/src/bootloader/bootloader_usb.o
 .debug_loc     0x0000000000000803      0x248 /mnt/disk0/Users/user/Nextcloud/PC-SYNC/Projects/_source_codes/github/stm42/system32/bootloader/__build/src/bootloader/bootloader_utils.o
 .debug_loc     0x0000000000000a4b       0xb2 /mnt/disk0/Users/user/Nextcloud/PC-SYNC/Projects/_source_codes/github/stm42/system32/bootloader/__build/src/bootloader/init.o
 .debug_loc     0x0000000000000afd       0x5a /mnt/disk0/Users/user/Nextcloud/PC-SYNC/Projects/_source_codes/github/stm42/system32/bootloader/__build/src/bootloader/main.o
 .debug_loc     0x0000000000000b57       0x15 /mnt/disk0/Users/user/Nextcloud/PC-SYNC/Projects/_source_codes/github/stm42/system32/bootloader/__build/src/lib/stm32/common/flash_common_all.o
 .debug_loc     0x0000000000000b6c       0xbe /mnt/disk0/Users/user/Nextcloud/PC-SYNC/Projects/_source_codes/github/stm42/system32/bootloader/__build/src/lib/stm32/common/gpio_common_all.o
 .debug_loc     0x0000000000000c2a       0x6f /mnt/disk0/Users/user/Nextcloud/PC-SYNC/Projects/_source_codes/github/stm42/system32/bootloader/__build/src/lib/stm32/common/rcc_common_all.o
 .debug_loc     0x0000000000000c99      0x1bf /mnt/disk0/Users/user/Nextcloud/PC-SYNC/Projects/_source_codes/github/stm42/system32/bootloader/__build/src/lib/stm32/desig.o
 .debug_loc     0x0000000000000e58       0x47 /mnt/disk0/Users/user/Nextcloud/PC-SYNC/Projects/_source_codes/github/stm42/system32/bootloader/__build/src/lib/stm32/f4/pwr.o
 .debug_loc     0x0000000000000e9f      0x69d /mnt/disk0/Users/user/Nextcloud/PC-SYNC/Projects/_source_codes/github/stm42/system32/bootloader/__build/src/lib/stm32/f4/rcc.o
 .debug_loc     0x000000000000153c      0x311 /mnt/disk0/Users/user/Nextcloud/PC-SYNC/Projects/_source_codes/github/stm42/system32/bootloader/__build/src/lib/stm32/common/flash_common_f24.o
 .debug_loc     0x000000000000184d      0x14d /mnt/disk0/Users/user/Nextcloud/PC-SYNC/Projects/_source_codes/github/stm42/system32/bootloader/__build/src/lib/stm32/common/gpio_common_f0234.o
 .debug_loc     0x000000000000199a      0x544 /mnt/disk0/Users/user/Nextcloud/PC-SYNC/Projects/_source_codes/github/stm42/system32/bootloader/__build/src/lib/usb/usb.o
 .debug_loc     0x0000000000001ede      0x81a /mnt/disk0/Users/user/Nextcloud/PC-SYNC/Projects/_source_codes/github/stm42/system32/bootloader/__build/src/lib/usb/usb_control.o
 .debug_loc     0x00000000000026f8      0x8d1 /mnt/disk0/Users/user/Nextcloud/PC-SYNC/Projects/_source_codes/github/stm42/system32/bootloader/__build/src/lib/usb/usb_dwc_common.o
 .debug_loc     0x0000000000002fc9     0x13ae /mnt/disk0/Users/user/Nextcloud/PC-SYNC/Projects/_source_codes/github/stm42/system32/bootloader/__build/src/lib/usb/usb_standard.o

.debug_aranges  0x0000000000000000      0x720
 .debug_aranges
                0x0000000000000000       0x38 /mnt/disk0/Users/user/Nextcloud/PC-SYNC/Projects/_source_codes/github/stm42/system32/bootloader/__build/src/bootloader/bootloader_dfuse.o
 .debug_aranges
                0x0000000000000038       0x48 /mnt/disk0/Users/user/Nextcloud/PC-SYNC/Projects/_source_codes/github/stm42/system32/bootloader/__build/src/bootloader/bootloader_tests.o
 .debug_aranges
                0x0000000000000080       0x20 /mnt/disk0/Users/user/Nextcloud/PC-SYNC/Projects/_source_codes/github/stm42/system32/bootloader/__build/src/bootloader/bootloader_usb.o
 .debug_aranges
                0x00000000000000a0       0x18 /mnt/disk0/Users/user/Nextcloud/PC-SYNC/Projects/_source_codes/github/stm42/system32/bootloader/__build/src/bootloader/bootloader_usb_descriptor.o
 .debug_aranges
                0x00000000000000b8       0x50 /mnt/disk0/Users/user/Nextcloud/PC-SYNC/Projects/_source_codes/github/stm42/system32/bootloader/__build/src/bootloader/bootloader_utils.o
 .debug_aranges
                0x0000000000000108       0x70 /mnt/disk0/Users/user/Nextcloud/PC-SYNC/Projects/_source_codes/github/stm42/system32/bootloader/__build/src/bootloader/init.o
 .debug_aranges
                0x0000000000000178       0x20 /mnt/disk0/Users/user/Nextcloud/PC-SYNC/Projects/_source_codes/github/stm42/system32/bootloader/__build/src/bootloader/main.o
 .debug_aranges
                0x0000000000000198       0x38 /mnt/disk0/Users/user/Nextcloud/PC-SYNC/Projects/_source_codes/github/stm42/system32/bootloader/__build/src/lib/stm32/common/flash_common_all.o
 .debug_aranges
                0x00000000000001d0       0x50 /mnt/disk0/Users/user/Nextcloud/PC-SYNC/Projects/_source_codes/github/stm42/system32/bootloader/__build/src/lib/stm32/common/gpio_common_all.o
 .debug_aranges
                0x0000000000000220       0x58 /mnt/disk0/Users/user/Nextcloud/PC-SYNC/Projects/_source_codes/github/stm42/system32/bootloader/__build/src/lib/stm32/common/rcc_common_all.o
 .debug_aranges
                0x0000000000000278       0x30 /mnt/disk0/Users/user/Nextcloud/PC-SYNC/Projects/_source_codes/github/stm42/system32/bootloader/__build/src/lib/stm32/common/flash_common_f.o
 .debug_aranges
                0x00000000000002a8       0x38 /mnt/disk0/Users/user/Nextcloud/PC-SYNC/Projects/_source_codes/github/stm42/system32/bootloader/__build/src/lib/stm32/desig.o
 .debug_aranges
                0x00000000000002e0       0x30 /mnt/disk0/Users/user/Nextcloud/PC-SYNC/Projects/_source_codes/github/stm42/system32/bootloader/__build/src/lib/stm32/f4/flash.o
 .debug_aranges
                0x0000000000000310       0x20 /mnt/disk0/Users/user/Nextcloud/PC-SYNC/Projects/_source_codes/github/stm42/system32/bootloader/__build/src/lib/stm32/f4/pwr.o
 .debug_aranges
                0x0000000000000330       0xf0 /mnt/disk0/Users/user/Nextcloud/PC-SYNC/Projects/_source_codes/github/stm42/system32/bootloader/__build/src/lib/stm32/f4/rcc.o
 .debug_aranges
                0x0000000000000420       0x80 /mnt/disk0/Users/user/Nextcloud/PC-SYNC/Projects/_source_codes/github/stm42/system32/bootloader/__build/src/lib/stm32/common/flash_common_f24.o
 .debug_aranges
                0x00000000000004a0       0x30 /mnt/disk0/Users/user/Nextcloud/PC-SYNC/Projects/_source_codes/github/stm42/system32/bootloader/__build/src/lib/stm32/common/gpio_common_f0234.o
 .debug_aranges
                0x00000000000004d0       0x48 /mnt/disk0/Users/user/Nextcloud/PC-SYNC/Projects/_source_codes/github/stm42/system32/bootloader/__build/src/lib/stm32/common/flash_common_idcache.o
 .debug_aranges
                0x0000000000000518       0x88 /mnt/disk0/Users/user/Nextcloud/PC-SYNC/Projects/_source_codes/github/stm42/system32/bootloader/__build/src/lib/usb/usb.o
 .debug_aranges
                0x00000000000005a0       0x60 /mnt/disk0/Users/user/Nextcloud/PC-SYNC/Projects/_source_codes/github/stm42/system32/bootloader/__build/src/lib/usb/usb_control.o
 .debug_aranges
                0x0000000000000600       0x68 /mnt/disk0/Users/user/Nextcloud/PC-SYNC/Projects/_source_codes/github/stm42/system32/bootloader/__build/src/lib/usb/usb_dwc_common.o
 .debug_aranges
                0x0000000000000668       0x20 /mnt/disk0/Users/user/Nextcloud/PC-SYNC/Projects/_source_codes/github/stm42/system32/bootloader/__build/src/lib/usb/usb_f107.o
 .debug_aranges
                0x0000000000000688       0x98 /mnt/disk0/Users/user/Nextcloud/PC-SYNC/Projects/_source_codes/github/stm42/system32/bootloader/__build/src/lib/usb/usb_standard.o

.debug_ranges   0x0000000000000000      0x7b8
 .debug_ranges  0x0000000000000000       0x98 /mnt/disk0/Users/user/Nextcloud/PC-SYNC/Projects/_source_codes/github/stm42/system32/bootloader/__build/src/bootloader/bootloader_dfuse.o
 .debug_ranges  0x0000000000000098       0x68 /mnt/disk0/Users/user/Nextcloud/PC-SYNC/Projects/_source_codes/github/stm42/system32/bootloader/__build/src/bootloader/bootloader_tests.o
 .debug_ranges  0x0000000000000100       0x10 /mnt/disk0/Users/user/Nextcloud/PC-SYNC/Projects/_source_codes/github/stm42/system32/bootloader/__build/src/bootloader/bootloader_usb.o
 .debug_ranges  0x0000000000000110       0x58 /mnt/disk0/Users/user/Nextcloud/PC-SYNC/Projects/_source_codes/github/stm42/system32/bootloader/__build/src/bootloader/bootloader_utils.o
 .debug_ranges  0x0000000000000168       0x60 /mnt/disk0/Users/user/Nextcloud/PC-SYNC/Projects/_source_codes/github/stm42/system32/bootloader/__build/src/bootloader/init.o
 .debug_ranges  0x00000000000001c8       0x40 /mnt/disk0/Users/user/Nextcloud/PC-SYNC/Projects/_source_codes/github/stm42/system32/bootloader/__build/src/bootloader/main.o
 .debug_ranges  0x0000000000000208       0x28 /mnt/disk0/Users/user/Nextcloud/PC-SYNC/Projects/_source_codes/github/stm42/system32/bootloader/__build/src/lib/stm32/common/flash_common_all.o
 .debug_ranges  0x0000000000000230       0x40 /mnt/disk0/Users/user/Nextcloud/PC-SYNC/Projects/_source_codes/github/stm42/system32/bootloader/__build/src/lib/stm32/common/gpio_common_all.o
 .debug_ranges  0x0000000000000270       0x48 /mnt/disk0/Users/user/Nextcloud/PC-SYNC/Projects/_source_codes/github/stm42/system32/bootloader/__build/src/lib/stm32/common/rcc_common_all.o
 .debug_ranges  0x00000000000002b8       0x20 /mnt/disk0/Users/user/Nextcloud/PC-SYNC/Projects/_source_codes/github/stm42/system32/bootloader/__build/src/lib/stm32/common/flash_common_f.o
 .debug_ranges  0x00000000000002d8       0x28 /mnt/disk0/Users/user/Nextcloud/PC-SYNC/Projects/_source_codes/github/stm42/system32/bootloader/__build/src/lib/stm32/desig.o
 .debug_ranges  0x0000000000000300       0x20 /mnt/disk0/Users/user/Nextcloud/PC-SYNC/Projects/_source_codes/github/stm42/system32/bootloader/__build/src/lib/stm32/f4/flash.o
 .debug_ranges  0x0000000000000320       0x10 /mnt/disk0/Users/user/Nextcloud/PC-SYNC/Projects/_source_codes/github/stm42/system32/bootloader/__build/src/lib/stm32/f4/pwr.o
 .debug_ranges  0x0000000000000330      0x128 /mnt/disk0/Users/user/Nextcloud/PC-SYNC/Projects/_source_codes/github/stm42/system32/bootloader/__build/src/lib/stm32/f4/rcc.o
 .debug_ranges  0x0000000000000458       0x70 /mnt/disk0/Users/user/Nextcloud/PC-SYNC/Projects/_source_codes/github/stm42/system32/bootloader/__build/src/lib/stm32/common/flash_common_f24.o
 .debug_ranges  0x00000000000004c8       0x20 /mnt/disk0/Users/user/Nextcloud/PC-SYNC/Projects/_source_codes/github/stm42/system32/bootloader/__build/src/lib/stm32/common/gpio_common_f0234.o
 .debug_ranges  0x00000000000004e8       0x38 /mnt/disk0/Users/user/Nextcloud/PC-SYNC/Projects/_source_codes/github/stm42/system32/bootloader/__build/src/lib/stm32/common/flash_common_idcache.o
 .debug_ranges  0x0000000000000520       0x78 /mnt/disk0/Users/user/Nextcloud/PC-SYNC/Projects/_source_codes/github/stm42/system32/bootloader/__build/src/lib/usb/usb.o
 .debug_ranges  0x0000000000000598       0x90 /mnt/disk0/Users/user/Nextcloud/PC-SYNC/Projects/_source_codes/github/stm42/system32/bootloader/__build/src/lib/usb/usb_control.o
 .debug_ranges  0x0000000000000628       0x78 /mnt/disk0/Users/user/Nextcloud/PC-SYNC/Projects/_source_codes/github/stm42/system32/bootloader/__build/src/lib/usb/usb_dwc_common.o
 .debug_ranges  0x00000000000006a0       0x10 /mnt/disk0/Users/user/Nextcloud/PC-SYNC/Projects/_source_codes/github/stm42/system32/bootloader/__build/src/lib/usb/usb_f107.o
 .debug_ranges  0x00000000000006b0      0x108 /mnt/disk0/Users/user/Nextcloud/PC-SYNC/Projects/_source_codes/github/stm42/system32/bootloader/__build/src/lib/usb/usb_standard.o

.debug_line     0x0000000000000000     0x5a17
 .debug_line    0x0000000000000000      0x70f /mnt/disk0/Users/user/Nextcloud/PC-SYNC/Projects/_source_codes/github/stm42/system32/bootloader/__build/src/bootloader/bootloader_dfuse.o
 .debug_line    0x000000000000070f      0x3f6 /mnt/disk0/Users/user/Nextcloud/PC-SYNC/Projects/_source_codes/github/stm42/system32/bootloader/__build/src/bootloader/bootloader_tests.o
 .debug_line    0x0000000000000b05      0x3a0 /mnt/disk0/Users/user/Nextcloud/PC-SYNC/Projects/_source_codes/github/stm42/system32/bootloader/__build/src/bootloader/bootloader_usb.o
 .debug_line    0x0000000000000ea5      0x1ce /mnt/disk0/Users/user/Nextcloud/PC-SYNC/Projects/_source_codes/github/stm42/system32/bootloader/__build/src/bootloader/bootloader_usb_descriptor.o
 .debug_line    0x0000000000001073      0x34e /mnt/disk0/Users/user/Nextcloud/PC-SYNC/Projects/_source_codes/github/stm42/system32/bootloader/__build/src/bootloader/bootloader_utils.o
 .debug_line    0x00000000000013c1      0x2be /mnt/disk0/Users/user/Nextcloud/PC-SYNC/Projects/_source_codes/github/stm42/system32/bootloader/__build/src/bootloader/init.o
 .debug_line    0x000000000000167f      0x3e5 /mnt/disk0/Users/user/Nextcloud/PC-SYNC/Projects/_source_codes/github/stm42/system32/bootloader/__build/src/bootloader/main.o
 .debug_line    0x0000000000001a64      0x188 /mnt/disk0/Users/user/Nextcloud/PC-SYNC/Projects/_source_codes/github/stm42/system32/bootloader/__build/src/lib/stm32/common/flash_common_all.o
 .debug_line    0x0000000000001bec      0x204 /mnt/disk0/Users/user/Nextcloud/PC-SYNC/Projects/_source_codes/github/stm42/system32/bootloader/__build/src/lib/stm32/common/gpio_common_all.o
 .debug_line    0x0000000000001df0      0x26d /mnt/disk0/Users/user/Nextcloud/PC-SYNC/Projects/_source_codes/github/stm42/system32/bootloader/__build/src/lib/stm32/common/rcc_common_all.o
 .debug_line    0x000000000000205d      0x152 /mnt/disk0/Users/user/Nextcloud/PC-SYNC/Projects/_source_codes/github/stm42/system32/bootloader/__build/src/lib/stm32/common/flash_common_f.o
 .debug_line    0x00000000000021af      0x2b5 /mnt/disk0/Users/user/Nextcloud/PC-SYNC/Projects/_source_codes/github/stm42/system32/bootloader/__build/src/lib/stm32/desig.o
 .debug_line    0x0000000000002464      0x1b9 /mnt/disk0/Users/user/Nextcloud/PC-SYNC/Projects/_source_codes/github/stm42/system32/bootloader/__build/src/lib/stm32/f4/flash.o
 .debug_line    0x000000000000261d      0x14b /mnt/disk0/Users/user/Nextcloud/PC-SYNC/Projects/_source_codes/github/stm42/system32/bootloader/__build/src/lib/stm32/f4/pwr.o
 .debug_line    0x0000000000002768      0x8bf /mnt/disk0/Users/user/Nextcloud/PC-SYNC/Projects/_source_codes/github/stm42/system32/bootloader/__build/src/lib/stm32/f4/rcc.o
 .debug_line    0x0000000000003027      0x422 /mnt/disk0/Users/user/Nextcloud/PC-SYNC/Projects/_source_codes/github/stm42/system32/bootloader/__build/src/lib/stm32/common/flash_common_f24.o
 .debug_line    0x0000000000003449      0x2d3 /mnt/disk0/Users/user/Nextcloud/PC-SYNC/Projects/_source_codes/github/stm42/system32/bootloader/__build/src/lib/stm32/common/gpio_common_f0234.o
 .debug_line    0x000000000000371c      0x1a1 /mnt/disk0/Users/user/Nextcloud/PC-SYNC/Projects/_source_codes/github/stm42/system32/bootloader/__build/src/lib/stm32/common/flash_common_idcache.o
 .debug_line    0x00000000000038bd      0x3d9 /mnt/disk0/Users/user/Nextcloud/PC-SYNC/Projects/_source_codes/github/stm42/system32/bootloader/__build/src/lib/usb/usb.o
 .debug_line    0x0000000000003c96      0x5f9 /mnt/disk0/Users/user/Nextcloud/PC-SYNC/Projects/_source_codes/github/stm42/system32/bootloader/__build/src/lib/usb/usb_control.o
 .debug_line    0x000000000000428f      0x90a /mnt/disk0/Users/user/Nextcloud/PC-SYNC/Projects/_source_codes/github/stm42/system32/bootloader/__build/src/lib/usb/usb_dwc_common.o
 .debug_line    0x0000000000004b99      0x315 /mnt/disk0/Users/user/Nextcloud/PC-SYNC/Projects/_source_codes/github/stm42/system32/bootloader/__build/src/lib/usb/usb_f107.o
 .debug_line    0x0000000000004eae      0xb69 /mnt/disk0/Users/user/Nextcloud/PC-SYNC/Projects/_source_codes/github/stm42/system32/bootloader/__build/src/lib/usb/usb_standard.o

.debug_str      0x0000000000000000     0x3015
 .debug_str     0x0000000000000000      0xb9e /mnt/disk0/Users/user/Nextcloud/PC-SYNC/Projects/_source_codes/github/stm42/system32/bootloader/__build/src/bootloader/bootloader_dfuse.o
                                        0xc7d (size before relaxing)
 .debug_str     0x0000000000000b9e      0x1d1 /mnt/disk0/Users/user/Nextcloud/PC-SYNC/Projects/_source_codes/github/stm42/system32/bootloader/__build/src/bootloader/bootloader_tests.o
                                        0x47b (size before relaxing)
 .debug_str     0x0000000000000d6f      0xc1f /mnt/disk0/Users/user/Nextcloud/PC-SYNC/Projects/_source_codes/github/stm42/system32/bootloader/__build/src/bootloader/bootloader_usb.o
                                       0x13cd (size before relaxing)
 .debug_str     0x000000000000198e       0x44 /mnt/disk0/Users/user/Nextcloud/PC-SYNC/Projects/_source_codes/github/stm42/system32/bootloader/__build/src/bootloader/bootloader_usb_descriptor.o
                                        0xa2c (size before relaxing)
 .debug_str     0x00000000000019d2       0xbf /mnt/disk0/Users/user/Nextcloud/PC-SYNC/Projects/_source_codes/github/stm42/system32/bootloader/__build/src/bootloader/bootloader_utils.o
                                        0x6e6 (size before relaxing)
 .debug_str     0x0000000000001a91      0x1de /mnt/disk0/Users/user/Nextcloud/PC-SYNC/Projects/_source_codes/github/stm42/system32/bootloader/__build/src/bootloader/init.o
                                        0x3b5 (size before relaxing)
 .debug_str     0x0000000000001c6f       0x8e /mnt/disk0/Users/user/Nextcloud/PC-SYNC/Projects/_source_codes/github/stm42/system32/bootloader/__build/src/bootloader/main.o
                                       0x10db (size before relaxing)
 .debug_str     0x0000000000001cfd       0x82 /mnt/disk0/Users/user/Nextcloud/PC-SYNC/Projects/_source_codes/github/stm42/system32/bootloader/__build/src/lib/stm32/common/flash_common_all.o
                                        0x24d (size before relaxing)
 .debug_str     0x0000000000001d7f       0x6b /mnt/disk0/Users/user/Nextcloud/PC-SYNC/Projects/_source_codes/github/stm42/system32/bootloader/__build/src/lib/stm32/common/gpio_common_all.o
                                        0x283 (size before relaxing)
 .debug_str     0x0000000000001dea      0x3fd /mnt/disk0/Users/user/Nextcloud/PC-SYNC/Projects/_source_codes/github/stm42/system32/bootloader/__build/src/lib/stm32/common/rcc_common_all.o
                                        0xd56 (size before relaxing)
 .debug_str     0x00000000000021e7       0x3b /mnt/disk0/Users/user/Nextcloud/PC-SYNC/Projects/_source_codes/github/stm42/system32/bootloader/__build/src/lib/stm32/common/flash_common_f.o
                                        0x21e (size before relaxing)
 .debug_str     0x0000000000002222       0x86 /mnt/disk0/Users/user/Nextcloud/PC-SYNC/Projects/_source_codes/github/stm42/system32/bootloader/__build/src/lib/stm32/desig.o
                                        0x2b3 (size before relaxing)
 .debug_str     0x00000000000022a8       0x92 /mnt/disk0/Users/user/Nextcloud/PC-SYNC/Projects/_source_codes/github/stm42/system32/bootloader/__build/src/lib/stm32/f4/flash.o
                                        0x290 (size before relaxing)
 .debug_str     0x000000000000233a       0x29 /mnt/disk0/Users/user/Nextcloud/PC-SYNC/Projects/_source_codes/github/stm42/system32/bootloader/__build/src/lib/stm32/f4/pwr.o
                                        0x22f (size before relaxing)
 .debug_str     0x0000000000002363      0x264 /mnt/disk0/Users/user/Nextcloud/PC-SYNC/Projects/_source_codes/github/stm42/system32/bootloader/__build/src/lib/stm32/f4/rcc.o
                                        0xc99 (size before relaxing)
 .debug_str     0x00000000000025c7       0xde /mnt/disk0/Users/user/Nextcloud/PC-SYNC/Projects/_source_codes/github/stm42/system32/bootloader/__build/src/lib/stm32/common/flash_common_f24.o
                                        0x3af (size before relaxing)
 .debug_str     0x00000000000026a5       0x84 /mnt/disk0/Users/user/Nextcloud/PC-SYNC/Projects/_source_codes/github/stm42/system32/bootloader/__build/src/lib/stm32/common/gpio_common_f0234.o
                                        0x2a5 (size before relaxing)
 .debug_str     0x0000000000002729       0x52 /mnt/disk0/Users/user/Nextcloud/PC-SYNC/Projects/_source_codes/github/stm42/system32/bootloader/__build/src/lib/stm32/common/flash_common_idcache.o
                                        0x26f (size before relaxing)
 .debug_str     0x000000000000277b      0x3b6 /mnt/disk0/Users/user/Nextcloud/PC-SYNC/Projects/_source_codes/github/stm42/system32/bootloader/__build/src/lib/usb/usb.o
                                        0xef2 (size before relaxing)
 .debug_str     0x0000000000002b31      0x107 /mnt/disk0/Users/user/Nextcloud/PC-SYNC/Projects/_source_codes/github/stm42/system32/bootloader/__build/src/lib/usb/usb_control.o
                                        0xeb5 (size before relaxing)
 .debug_str     0x0000000000002c38       0xea /mnt/disk0/Users/user/Nextcloud/PC-SYNC/Projects/_source_codes/github/stm42/system32/bootloader/__build/src/lib/usb/usb_dwc_common.o
                                        0xebb (size before relaxing)
 .debug_str     0x0000000000002d22       0x2b /mnt/disk0/Users/user/Nextcloud/PC-SYNC/Projects/_source_codes/github/stm42/system32/bootloader/__build/src/lib/usb/usb_f107.o
                                       0x1508 (size before relaxing)
 .debug_str     0x0000000000002d4d      0x2c8 /mnt/disk0/Users/user/Nextcloud/PC-SYNC/Projects/_source_codes/github/stm42/system32/bootloader/__build/src/lib/usb/usb_standard.o
                                       0x1072 (size before relaxing)

.comment        0x0000000000000000       0x79
 .comment       0x0000000000000000       0x79 /mnt/disk0/Users/user/Nextcloud/PC-SYNC/Projects/_source_codes/github/stm42/system32/bootloader/__build/src/bootloader/bootloader_dfuse.o
                                         0x7a (size before relaxing)
 .comment       0x0000000000000079       0x7a /mnt/disk0/Users/user/Nextcloud/PC-SYNC/Projects/_source_codes/github/stm42/system32/bootloader/__build/src/bootloader/bootloader_tests.o
 .comment       0x0000000000000079       0x7a /mnt/disk0/Users/user/Nextcloud/PC-SYNC/Projects/_source_codes/github/stm42/system32/bootloader/__build/src/bootloader/bootloader_usb.o
 .comment       0x0000000000000079       0x7a /mnt/disk0/Users/user/Nextcloud/PC-SYNC/Projects/_source_codes/github/stm42/system32/bootloader/__build/src/bootloader/bootloader_usb_descriptor.o
 .comment       0x0000000000000079       0x7a /mnt/disk0/Users/user/Nextcloud/PC-SYNC/Projects/_source_codes/github/stm42/system32/bootloader/__build/src/bootloader/bootloader_utils.o
 .comment       0x0000000000000079       0x7a /mnt/disk0/Users/user/Nextcloud/PC-SYNC/Projects/_source_codes/github/stm42/system32/bootloader/__build/src/bootloader/init.o
 .comment       0x0000000000000079       0x7a /mnt/disk0/Users/user/Nextcloud/PC-SYNC/Projects/_source_codes/github/stm42/system32/bootloader/__build/src/bootloader/main.o
 .comment       0x0000000000000079       0x7a /mnt/disk0/Users/user/Nextcloud/PC-SYNC/Projects/_source_codes/github/stm42/system32/bootloader/__build/src/lib/stm32/common/flash_common_all.o
 .comment       0x0000000000000079       0x7a /mnt/disk0/Users/user/Nextcloud/PC-SYNC/Projects/_source_codes/github/stm42/system32/bootloader/__build/src/lib/stm32/common/gpio_common_all.o
 .comment       0x0000000000000079       0x7a /mnt/disk0/Users/user/Nextcloud/PC-SYNC/Projects/_source_codes/github/stm42/system32/bootloader/__build/src/lib/stm32/common/rcc_common_all.o
 .comment       0x0000000000000079       0x7a /mnt/disk0/Users/user/Nextcloud/PC-SYNC/Projects/_source_codes/github/stm42/system32/bootloader/__build/src/lib/stm32/common/flash_common_f.o
 .comment       0x0000000000000079       0x7a /mnt/disk0/Users/user/Nextcloud/PC-SYNC/Projects/_source_codes/github/stm42/system32/bootloader/__build/src/lib/stm32/desig.o
 .comment       0x0000000000000079       0x7a /mnt/disk0/Users/user/Nextcloud/PC-SYNC/Projects/_source_codes/github/stm42/system32/bootloader/__build/src/lib/stm32/f4/flash.o
 .comment       0x0000000000000079       0x7a /mnt/disk0/Users/user/Nextcloud/PC-SYNC/Projects/_source_codes/github/stm42/system32/bootloader/__build/src/lib/stm32/f4/pwr.o
 .comment       0x0000000000000079       0x7a /mnt/disk0/Users/user/Nextcloud/PC-SYNC/Projects/_source_codes/github/stm42/system32/bootloader/__build/src/lib/stm32/f4/rcc.o
 .comment       0x0000000000000079       0x7a /mnt/disk0/Users/user/Nextcloud/PC-SYNC/Projects/_source_codes/github/stm42/system32/bootloader/__build/src/lib/stm32/common/flash_common_f24.o
 .comment       0x0000000000000079       0x7a /mnt/disk0/Users/user/Nextcloud/PC-SYNC/Projects/_source_codes/github/stm42/system32/bootloader/__build/src/lib/stm32/common/gpio_common_f0234.o
 .comment       0x0000000000000079       0x7a /mnt/disk0/Users/user/Nextcloud/PC-SYNC/Projects/_source_codes/github/stm42/system32/bootloader/__build/src/lib/stm32/common/flash_common_idcache.o
 .comment       0x0000000000000079       0x7a /mnt/disk0/Users/user/Nextcloud/PC-SYNC/Projects/_source_codes/github/stm42/system32/bootloader/__build/src/lib/usb/usb.o
 .comment       0x0000000000000079       0x7a /mnt/disk0/Users/user/Nextcloud/PC-SYNC/Projects/_source_codes/github/stm42/system32/bootloader/__build/src/lib/usb/usb_control.o
 .comment       0x0000000000000079       0x7a /mnt/disk0/Users/user/Nextcloud/PC-SYNC/Projects/_source_codes/github/stm42/system32/bootloader/__build/src/lib/usb/usb_dwc_common.o
 .comment       0x0000000000000079       0x7a /mnt/disk0/Users/user/Nextcloud/PC-SYNC/Projects/_source_codes/github/stm42/system32/bootloader/__build/src/lib/usb/usb_f107.o
 .comment       0x0000000000000079       0x7a /mnt/disk0/Users/user/Nextcloud/PC-SYNC/Projects/_source_codes/github/stm42/system32/bootloader/__build/src/lib/usb/usb_standard.o

.ARM.attributes
                0x0000000000000000       0x2e
 .ARM.attributes
                0x0000000000000000       0x2e /mnt/disk0/Users/user/Nextcloud/PC-SYNC/Projects/_source_codes/github/stm42/system32/bootloader/__build/src/bootloader/bootloader_dfuse.o
 .ARM.attributes
                0x000000000000002e       0x2e /mnt/disk0/Users/user/Nextcloud/PC-SYNC/Projects/_source_codes/github/stm42/system32/bootloader/__build/src/bootloader/bootloader_tests.o
 .ARM.attributes
                0x000000000000005c       0x2e /mnt/disk0/Users/user/Nextcloud/PC-SYNC/Projects/_source_codes/github/stm42/system32/bootloader/__build/src/bootloader/bootloader_usb.o
 .ARM.attributes
                0x000000000000008a       0x33 /mnt/disk0/Users/user/Nextcloud/PC-SYNC/Projects/_source_codes/github/stm42/system32/bootloader/__build/src/bootloader/bootloader_usb_descriptor.o
 .ARM.attributes
                0x00000000000000bd       0x2e /mnt/disk0/Users/user/Nextcloud/PC-SYNC/Projects/_source_codes/github/stm42/system32/bootloader/__build/src/bootloader/bootloader_utils.o
 .ARM.attributes
                0x00000000000000eb       0x2e /mnt/disk0/Users/user/Nextcloud/PC-SYNC/Projects/_source_codes/github/stm42/system32/bootloader/__build/src/bootloader/init.o
 .ARM.attributes
                0x0000000000000119       0x2e /mnt/disk0/Users/user/Nextcloud/PC-SYNC/Projects/_source_codes/github/stm42/system32/bootloader/__build/src/bootloader/main.o
 .ARM.attributes
                0x0000000000000147       0x2e /mnt/disk0/Users/user/Nextcloud/PC-SYNC/Projects/_source_codes/github/stm42/system32/bootloader/__build/src/lib/stm32/common/flash_common_all.o
 .ARM.attributes
                0x0000000000000175       0x2e /mnt/disk0/Users/user/Nextcloud/PC-SYNC/Projects/_source_codes/github/stm42/system32/bootloader/__build/src/lib/stm32/common/gpio_common_all.o
 .ARM.attributes
                0x00000000000001a3       0x2e /mnt/disk0/Users/user/Nextcloud/PC-SYNC/Projects/_source_codes/github/stm42/system32/bootloader/__build/src/lib/stm32/common/rcc_common_all.o
 .ARM.attributes
                0x00000000000001d1       0x2e /mnt/disk0/Users/user/Nextcloud/PC-SYNC/Projects/_source_codes/github/stm42/system32/bootloader/__build/src/lib/stm32/common/flash_common_f.o
 .ARM.attributes
                0x00000000000001ff       0x2e /mnt/disk0/Users/user/Nextcloud/PC-SYNC/Projects/_source_codes/github/stm42/system32/bootloader/__build/src/lib/stm32/desig.o
 .ARM.attributes
                0x000000000000022d       0x2e /mnt/disk0/Users/user/Nextcloud/PC-SYNC/Projects/_source_codes/github/stm42/system32/bootloader/__build/src/lib/stm32/f4/flash.o
 .ARM.attributes
                0x000000000000025b       0x2e /mnt/disk0/Users/user/Nextcloud/PC-SYNC/Projects/_source_codes/github/stm42/system32/bootloader/__build/src/lib/stm32/f4/pwr.o
 .ARM.attributes
                0x0000000000000289       0x2e /mnt/disk0/Users/user/Nextcloud/PC-SYNC/Projects/_source_codes/github/stm42/system32/bootloader/__build/src/lib/stm32/f4/rcc.o
 .ARM.attributes
                0x00000000000002b7       0x2e /mnt/disk0/Users/user/Nextcloud/PC-SYNC/Projects/_source_codes/github/stm42/system32/bootloader/__build/src/lib/stm32/common/flash_common_f24.o
 .ARM.attributes
                0x00000000000002e5       0x2e /mnt/disk0/Users/user/Nextcloud/PC-SYNC/Projects/_source_codes/github/stm42/system32/bootloader/__build/src/lib/stm32/common/gpio_common_f0234.o
 .ARM.attributes
                0x0000000000000313       0x2e /mnt/disk0/Users/user/Nextcloud/PC-SYNC/Projects/_source_codes/github/stm42/system32/bootloader/__build/src/lib/stm32/common/flash_common_idcache.o
 .ARM.attributes
                0x0000000000000341       0x2e /mnt/disk0/Users/user/Nextcloud/PC-SYNC/Projects/_source_codes/github/stm42/system32/bootloader/__build/src/lib/usb/usb.o
 .ARM.attributes
                0x000000000000036f       0x2e /mnt/disk0/Users/user/Nextcloud/PC-SYNC/Projects/_source_codes/github/stm42/system32/bootloader/__build/src/lib/usb/usb_control.o
 .ARM.attributes
                0x000000000000039d       0x2e /mnt/disk0/Users/user/Nextcloud/PC-SYNC/Projects/_source_codes/github/stm42/system32/bootloader/__build/src/lib/usb/usb_dwc_common.o
 .ARM.attributes
                0x00000000000003cb       0x2e /mnt/disk0/Users/user/Nextcloud/PC-SYNC/Projects/_source_codes/github/stm42/system32/bootloader/__build/src/lib/usb/usb_f107.o
 .ARM.attributes
                0x00000000000003f9       0x2e /mnt/disk0/Users/user/Nextcloud/PC-SYNC/Projects/_source_codes/github/stm42/system32/bootloader/__build/src/lib/usb/usb_standard.o

.debug_frame    0x0000000000000000      0xfa8
 .debug_frame   0x0000000000000000       0x88 /mnt/disk0/Users/user/Nextcloud/PC-SYNC/Projects/_source_codes/github/stm42/system32/bootloader/__build/src/bootloader/bootloader_dfuse.o
 .debug_frame   0x0000000000000088       0xb0 /mnt/disk0/Users/user/Nextcloud/PC-SYNC/Projects/_source_codes/github/stm42/system32/bootloader/__build/src/bootloader/bootloader_tests.o
 .debug_frame   0x0000000000000138       0x3c /mnt/disk0/Users/user/Nextcloud/PC-SYNC/Projects/_source_codes/github/stm42/system32/bootloader/__build/src/bootloader/bootloader_usb.o
 .debug_frame   0x0000000000000174       0x9c /mnt/disk0/Users/user/Nextcloud/PC-SYNC/Projects/_source_codes/github/stm42/system32/bootloader/__build/src/bootloader/bootloader_utils.o
 .debug_frame   0x0000000000000210       0xc0 /mnt/disk0/Users/user/Nextcloud/PC-SYNC/Projects/_source_codes/github/stm42/system32/bootloader/__build/src/bootloader/init.o
 .debug_frame   0x00000000000002d0       0x30 /mnt/disk0/Users/user/Nextcloud/PC-SYNC/Projects/_source_codes/github/stm42/system32/bootloader/__build/src/bootloader/main.o
 .debug_frame   0x0000000000000300       0x50 /mnt/disk0/Users/user/Nextcloud/PC-SYNC/Projects/_source_codes/github/stm42/system32/bootloader/__build/src/lib/stm32/common/flash_common_all.o
 .debug_frame   0x0000000000000350       0x80 /mnt/disk0/Users/user/Nextcloud/PC-SYNC/Projects/_source_codes/github/stm42/system32/bootloader/__build/src/lib/stm32/common/gpio_common_all.o
 .debug_frame   0x00000000000003d0       0xd0 /mnt/disk0/Users/user/Nextcloud/PC-SYNC/Projects/_source_codes/github/stm42/system32/bootloader/__build/src/lib/stm32/common/rcc_common_all.o
 .debug_frame   0x00000000000004a0       0x40 /mnt/disk0/Users/user/Nextcloud/PC-SYNC/Projects/_source_codes/github/stm42/system32/bootloader/__build/src/lib/stm32/common/flash_common_f.o
 .debug_frame   0x00000000000004e0       0x7c /mnt/disk0/Users/user/Nextcloud/PC-SYNC/Projects/_source_codes/github/stm42/system32/bootloader/__build/src/lib/stm32/desig.o
 .debug_frame   0x000000000000055c       0x4c /mnt/disk0/Users/user/Nextcloud/PC-SYNC/Projects/_source_codes/github/stm42/system32/bootloader/__build/src/lib/stm32/f4/flash.o
 .debug_frame   0x00000000000005a8       0x20 /mnt/disk0/Users/user/Nextcloud/PC-SYNC/Projects/_source_codes/github/stm42/system32/bootloader/__build/src/lib/stm32/f4/pwr.o
 .debug_frame   0x00000000000005c8      0x1f4 /mnt/disk0/Users/user/Nextcloud/PC-SYNC/Projects/_source_codes/github/stm42/system32/bootloader/__build/src/lib/stm32/f4/rcc.o
 .debug_frame   0x00000000000007bc      0x148 /mnt/disk0/Users/user/Nextcloud/PC-SYNC/Projects/_source_codes/github/stm42/system32/bootloader/__build/src/lib/stm32/common/flash_common_f24.o
 .debug_frame   0x0000000000000904       0x70 /mnt/disk0/Users/user/Nextcloud/PC-SYNC/Projects/_source_codes/github/stm42/system32/bootloader/__build/src/lib/stm32/common/gpio_common_f0234.o
 .debug_frame   0x0000000000000974       0x70 /mnt/disk0/Users/user/Nextcloud/PC-SYNC/Projects/_source_codes/github/stm42/system32/bootloader/__build/src/lib/stm32/common/flash_common_idcache.o
 .debug_frame   0x00000000000009e4      0x13c /mnt/disk0/Users/user/Nextcloud/PC-SYNC/Projects/_source_codes/github/stm42/system32/bootloader/__build/src/lib/usb/usb.o
 .debug_frame   0x0000000000000b20      0x164 /mnt/disk0/Users/user/Nextcloud/PC-SYNC/Projects/_source_codes/github/stm42/system32/bootloader/__build/src/lib/usb/usb_control.o
 .debug_frame   0x0000000000000c84      0x118 /mnt/disk0/Users/user/Nextcloud/PC-SYNC/Projects/_source_codes/github/stm42/system32/bootloader/__build/src/lib/usb/usb_dwc_common.o
 .debug_frame   0x0000000000000d9c       0x28 /mnt/disk0/Users/user/Nextcloud/PC-SYNC/Projects/_source_codes/github/stm42/system32/bootloader/__build/src/lib/usb/usb_f107.o
 .debug_frame   0x0000000000000dc4      0x1e4 /mnt/disk0/Users/user/Nextcloud/PC-SYNC/Projects/_source_codes/github/stm42/system32/bootloader/__build/src/lib/usb/usb_standard.o

Cross Reference Table

Symbol                                            File
AES_CBC_decrypt_buffer                            /mnt/disk0/Users/user/Nextcloud/PC-SYNC/Projects/_source_codes/github/stm42/system32/bootloader/__build/src/bootloader/AES/aes.o
                                                  /mnt/disk0/Users/user/Nextcloud/PC-SYNC/Projects/_source_codes/github/stm42/system32/bootloader/__build/src/bootloader/AES/test.o
AES_CBC_encrypt_buffer                            /mnt/disk0/Users/user/Nextcloud/PC-SYNC/Projects/_source_codes/github/stm42/system32/bootloader/__build/src/bootloader/AES/aes.o
                                                  /mnt/disk0/Users/user/Nextcloud/PC-SYNC/Projects/_source_codes/github/stm42/system32/bootloader/__build/src/bootloader/AES/test.o
AES_CTR_xcrypt_buffer                             /mnt/disk0/Users/user/Nextcloud/PC-SYNC/Projects/_source_codes/github/stm42/system32/bootloader/__build/src/bootloader/AES/aes.o
                                                  /mnt/disk0/Users/user/Nextcloud/PC-SYNC/Projects/_source_codes/github/stm42/system32/bootloader/__build/src/bootloader/AES/test.o
AES_ECB_decrypt                                   /mnt/disk0/Users/user/Nextcloud/PC-SYNC/Projects/_source_codes/github/stm42/system32/bootloader/__build/src/bootloader/AES/aes.o
                                                  /mnt/disk0/Users/user/Nextcloud/PC-SYNC/Projects/_source_codes/github/stm42/system32/bootloader/__build/src/bootloader/AES/test.o
AES_ECB_encrypt                                   /mnt/disk0/Users/user/Nextcloud/PC-SYNC/Projects/_source_codes/github/stm42/system32/bootloader/__build/src/bootloader/AES/aes.o
                                                  /mnt/disk0/Users/user/Nextcloud/PC-SYNC/Projects/_source_codes/github/stm42/system32/bootloader/__build/src/bootloader/AES/test.o
AES_ctx_set_iv                                    /mnt/disk0/Users/user/Nextcloud/PC-SYNC/Projects/_source_codes/github/stm42/system32/bootloader/__build/src/bootloader/AES/aes.o
AES_init_ctx                                      /mnt/disk0/Users/user/Nextcloud/PC-SYNC/Projects/_source_codes/github/stm42/system32/bootloader/__build/src/bootloader/AES/aes.o
                                                  /mnt/disk0/Users/user/Nextcloud/PC-SYNC/Projects/_source_codes/github/stm42/system32/bootloader/__build/src/bootloader/AES/test.o
AES_init_ctx_iv                                   /mnt/disk0/Users/user/Nextcloud/PC-SYNC/Projects/_source_codes/github/stm42/system32/bootloader/__build/src/bootloader/AES/aes.o
                                                  /mnt/disk0/Users/user/Nextcloud/PC-SYNC/Projects/_source_codes/github/stm42/system32/bootloader/__build/src/bootloader/AES/test.o
HardFault_HandlerC                                /mnt/disk0/Users/user/Nextcloud/PC-SYNC/Projects/_source_codes/github/stm42/system32/bootloader/__build/src/bootloader/init.o
_Balloc                                           /usr/share/gcc-arm-none-eabi-9-2019-q4-major/bin/../lib/gcc/arm-none-eabi/9.2.1/../../../../arm-none-eabi/lib/libc.a(lib_a-mprec.o)
                                                  /usr/share/gcc-arm-none-eabi-9-2019-q4-major/bin/../lib/gcc/arm-none-eabi/9.2.1/../../../../arm-none-eabi/lib/libc.a(lib_a-dtoa.o)
_Bfree                                            /usr/share/gcc-arm-none-eabi-9-2019-q4-major/bin/../lib/gcc/arm-none-eabi/9.2.1/../../../../arm-none-eabi/lib/libc.a(lib_a-mprec.o)
                                                  /usr/share/gcc-arm-none-eabi-9-2019-q4-major/bin/../lib/gcc/arm-none-eabi/9.2.1/../../../../arm-none-eabi/lib/libc.a(lib_a-dtoa.o)
_PathLocale                                       /usr/share/gcc-arm-none-eabi-9-2019-q4-major/bin/../lib/gcc/arm-none-eabi/9.2.1/../../../../arm-none-eabi/lib/libc.a(lib_a-locale.o)
__adddf3                                          /usr/share/gcc-arm-none-eabi-9-2019-q4-major/bin/../lib/gcc/arm-none-eabi/9.2.1/libgcc.a(_arm_addsubdf3.o)
__aeabi_cdcmpeq                                   /usr/share/gcc-arm-none-eabi-9-2019-q4-major/bin/../lib/gcc/arm-none-eabi/9.2.1/libgcc.a(_arm_cmpdf2.o)
__aeabi_cdcmple                                   /usr/share/gcc-arm-none-eabi-9-2019-q4-major/bin/../lib/gcc/arm-none-eabi/9.2.1/libgcc.a(_arm_cmpdf2.o)
__aeabi_cdrcmple                                  /usr/share/gcc-arm-none-eabi-9-2019-q4-major/bin/../lib/gcc/arm-none-eabi/9.2.1/libgcc.a(_arm_cmpdf2.o)
__aeabi_d2iz                                      /usr/share/gcc-arm-none-eabi-9-2019-q4-major/bin/../lib/gcc/arm-none-eabi/9.2.1/libgcc.a(_arm_fixdfsi.o)
                                                  /usr/share/gcc-arm-none-eabi-9-2019-q4-major/bin/../lib/gcc/arm-none-eabi/9.2.1/../../../../arm-none-eabi/lib/libc.a(lib_a-dtoa.o)
                                                  /usr/share/gcc-arm-none-eabi-9-2019-q4-major/bin/../lib/gcc/arm-none-eabi/9.2.1/../../../../arm-none-eabi/lib/libc.a(lib_a-vfprintf.o)
__aeabi_dadd                                      /usr/share/gcc-arm-none-eabi-9-2019-q4-major/bin/../lib/gcc/arm-none-eabi/9.2.1/libgcc.a(_arm_addsubdf3.o)
                                                  /usr/share/gcc-arm-none-eabi-9-2019-q4-major/bin/../lib/gcc/arm-none-eabi/9.2.1/../../../../arm-none-eabi/lib/libc.a(lib_a-dtoa.o)
__aeabi_dcmpeq                                    /usr/share/gcc-arm-none-eabi-9-2019-q4-major/bin/../lib/gcc/arm-none-eabi/9.2.1/libgcc.a(_arm_cmpdf2.o)
                                                  /usr/share/gcc-arm-none-eabi-9-2019-q4-major/bin/../lib/gcc/arm-none-eabi/9.2.1/../../../../arm-none-eabi/lib/libc.a(lib_a-dtoa.o)
                                                  /usr/share/gcc-arm-none-eabi-9-2019-q4-major/bin/../lib/gcc/arm-none-eabi/9.2.1/../../../../arm-none-eabi/lib/libc.a(lib_a-vfprintf.o)
__aeabi_dcmpge                                    /usr/share/gcc-arm-none-eabi-9-2019-q4-major/bin/../lib/gcc/arm-none-eabi/9.2.1/libgcc.a(_arm_cmpdf2.o)
__aeabi_dcmpgt                                    /usr/share/gcc-arm-none-eabi-9-2019-q4-major/bin/../lib/gcc/arm-none-eabi/9.2.1/libgcc.a(_arm_cmpdf2.o)
                                                  /usr/share/gcc-arm-none-eabi-9-2019-q4-major/bin/../lib/gcc/arm-none-eabi/9.2.1/../../../../arm-none-eabi/lib/libc.a(lib_a-dtoa.o)
                                                  /usr/share/gcc-arm-none-eabi-9-2019-q4-major/bin/../lib/gcc/arm-none-eabi/9.2.1/../../../../arm-none-eabi/lib/libc.a(lib_a-vfprintf.o)
__aeabi_dcmple                                    /usr/share/gcc-arm-none-eabi-9-2019-q4-major/bin/../lib/gcc/arm-none-eabi/9.2.1/libgcc.a(_arm_cmpdf2.o)
                                                  /usr/share/gcc-arm-none-eabi-9-2019-q4-major/bin/../lib/gcc/arm-none-eabi/9.2.1/../../../../arm-none-eabi/lib/libc.a(lib_a-dtoa.o)
                                                  /usr/share/gcc-arm-none-eabi-9-2019-q4-major/bin/../lib/gcc/arm-none-eabi/9.2.1/../../../../arm-none-eabi/lib/libc.a(lib_a-vfprintf.o)
__aeabi_dcmplt                                    /usr/share/gcc-arm-none-eabi-9-2019-q4-major/bin/../lib/gcc/arm-none-eabi/9.2.1/libgcc.a(_arm_cmpdf2.o)
                                                  /usr/share/gcc-arm-none-eabi-9-2019-q4-major/bin/../lib/gcc/arm-none-eabi/9.2.1/../../../../arm-none-eabi/lib/libc.a(lib_a-dtoa.o)
                                                  /usr/share/gcc-arm-none-eabi-9-2019-q4-major/bin/../lib/gcc/arm-none-eabi/9.2.1/../../../../arm-none-eabi/lib/libc.a(lib_a-vfprintf.o)
__aeabi_dcmpun                                    /usr/share/gcc-arm-none-eabi-9-2019-q4-major/bin/../lib/gcc/arm-none-eabi/9.2.1/libgcc.a(_arm_unorddf2.o)